build time -- 2021-04-23 11:58:54.445068
Name: cplcomp	  Convention: customconvention2	  Purpose: custompurpose2	


