build time -- 2021-04-23 11:58:54.445068
Beginning Test, file ESMC_MeshVTKUTest.C, line 63
NUMBER_OF_PROCESSORS 6
PASS MeshCreate, ESMC_MeshVTKUTest.C, line 80
PASS MeshVTKHeader, ESMC_MeshVTKUTest.C, line 89
PASS MeshVTKHeader, ESMC_MeshVTKUTest.C, line 110
Beginning Test, file ESMC_MeshVTKUTest.C, line 63
NUMBER_OF_PROCESSORS 6
PASS MeshCreate, ESMC_MeshVTKUTest.C, line 80
PASS MeshVTKHeader, ESMC_MeshVTKUTest.C, line 89
PASS MeshVTKHeader, ESMC_MeshVTKUTest.C, line 110
Beginning Test, file ESMC_MeshVTKUTest.C, line 63
NUMBER_OF_PROCESSORS 6
PASS MeshCreate, ESMC_MeshVTKUTest.C, line 80
PASS MeshVTKHeader, ESMC_MeshVTKUTest.C, line 89
Beginning Test, file ESMC_MeshVTKUTest.C, line 63
NUMBER_OF_PROCESSORS 6
PASS MeshCreate, ESMC_MeshVTKUTest.C, line 80
PASS MeshVTKHeader, ESMC_MeshVTKUTest.C, line 89
PASS MeshVTKHeader, ESMC_MeshVTKUTest.C, line 110
Beginning Test, file ESMC_MeshVTKUTest.C, line 63
NUMBER_OF_PROCESSORS 6
PASS MeshCreate, ESMC_MeshVTKUTest.C, line 80
PASS MeshVTKHeader, ESMC_MeshVTKUTest.C, line 89
Beginning Test, file ESMC_MeshVTKUTest.C, line 63
NUMBER_OF_PROCESSORS 6
PASS MeshCreate, ESMC_MeshVTKUTest.C, line 80
PASS MeshVTKHeader, ESMC_MeshVTKUTest.C, line 89
PASS MeshVTKHeader, ESMC_MeshVTKUTest.C, line 110
PASS MeshVTKHeader, ESMC_MeshVTKUTest.C, line 110
PASS MeshVTKHeader, ESMC_MeshVTKUTest.C, line 110
PASS MeshVTKBody, ESMC_MeshVTKUTest.C, line 129
PASS MeshGetLocalNodeCount before MeshAddNodes, ESMC_MeshVTKUTest.C, line 163
PASS MeshVTKBody, ESMC_MeshVTKUTest.C, line 129
PASS MeshVTKBody, ESMC_MeshVTKUTest.C, line 129
PASS MeshGetLocalNodeCount before MeshAddNodes, ESMC_MeshVTKUTest.C, line 163
PASS MeshGetLocalNodeCount before MeshAddNodes, ESMC_MeshVTKUTest.C, line 163
PASS MeshVTKBody, ESMC_MeshVTKUTest.C, line 129
PASS MeshGetLocalNodeCount before MeshAddNodes, ESMC_MeshVTKUTest.C, line 163
PASS MeshAddNodes, ESMC_MeshVTKUTest.C, line 172
PASS MeshGetLocalNodeCount, ESMC_MeshVTKUTest.C, line 192
PASS MeshAddNodes, ESMC_MeshVTKUTest.C, line 172
PASS MeshGetLocalNodeCount, ESMC_MeshVTKUTest.C, line 192
PASS MeshAddNodes, ESMC_MeshVTKUTest.C, line 172
PASS MeshGetLocalNodeCount, ESMC_MeshVTKUTest.C, line 192
PASS MeshGetLocalElementCount before MeshAddElements, ESMC_MeshVTKUTest.C, line 206
PASS MeshGetLocalElementCount before MeshAddElements, ESMC_MeshVTKUTest.C, line 206
PASS MeshGetLocalElementCount before MeshAddElements, ESMC_MeshVTKUTest.C, line 206
PASS MeshAddNodes, ESMC_MeshVTKUTest.C, line 172
PASS MeshGetLocalNodeCount, ESMC_MeshVTKUTest.C, line 192
PASS MeshGetLocalElementCount before MeshAddElements, ESMC_MeshVTKUTest.C, line 206
PASS MeshVTKBody, ESMC_MeshVTKUTest.C, line 129
PASS MeshVTKBody, ESMC_MeshVTKUTest.C, line 129
PASS MeshGetLocalNodeCount before MeshAddNodes, ESMC_MeshVTKUTest.C, line 163
PASS MeshGetLocalNodeCount before MeshAddNodes, ESMC_MeshVTKUTest.C, line 163
PASS MeshAddNodes, ESMC_MeshVTKUTest.C, line 172
PASS MeshAddNodes, ESMC_MeshVTKUTest.C, line 172
PASS MeshGetLocalNodeCount, ESMC_MeshVTKUTest.C, line 192
PASS MeshGetLocalNodeCount, ESMC_MeshVTKUTest.C, line 192
PASS MeshGetLocalElementCount before MeshAddElements, ESMC_MeshVTKUTest.C, line 206
PASS MeshGetLocalElementCount before MeshAddElements, ESMC_MeshVTKUTest.C, line 206
PASS MeshAddElements, ESMC_MeshVTKUTest.C, line 215
PASS MeshGetLocalElementCount, ESMC_MeshVTKUTest.C, line 235
PASS MeshGetOwnedElementCount, ESMC_MeshVTKUTest.C, line 256
PASS MeshGetOwnedNodeCount, ESMC_MeshVTKUTest.C, line 277
PASS MeshAddElements, ESMC_MeshVTKUTest.C, line 215
PASS MeshGetLocalElementCount, ESMC_MeshVTKUTest.C, line 235
PASS MeshGetOwnedElementCount, ESMC_MeshVTKUTest.C, line 256
PASS MeshGetOwnedNodeCount, ESMC_MeshVTKUTest.C, line 277
PASS MeshAddElements, ESMC_MeshVTKUTest.C, line 215
PASS MeshGetLocalElementCount, ESMC_MeshVTKUTest.C, line 235
PASS MeshGetOwnedElementCount, ESMC_MeshVTKUTest.C, line 256
PASS MeshGetOwnedNodeCount, ESMC_MeshVTKUTest.C, line 277
PASS MeshAddElements, ESMC_MeshVTKUTest.C, line 215
PASS MeshGetLocalElementCount, ESMC_MeshVTKUTest.C, line 235
PASS MeshGetOwnedElementCount, ESMC_MeshVTKUTest.C, line 256
PASS MeshGetOwnedNodeCount, ESMC_MeshVTKUTest.C, line 277
PASS MeshAddElements, ESMC_MeshVTKUTest.C, line 215
PASS MeshGetLocalElementCount, ESMC_MeshVTKUTest.C, line 235
PASS MeshGetOwnedElementCount, ESMC_MeshVTKUTest.C, line 256
PASS MeshGetOwnedNodeCount, ESMC_MeshVTKUTest.C, line 277
PASS MeshAddElements, ESMC_MeshVTKUTest.C, line 215
PASS MeshGetLocalElementCount, ESMC_MeshVTKUTest.C, line 235
PASS MeshGetOwnedElementCount, ESMC_MeshVTKUTest.C, line 256
PASS MeshGetOwnedNodeCount, ESMC_MeshVTKUTest.C, line 277
PASS MeshWrite, ESMC_MeshVTKUTest.C, line 297
PASS MeshWrite, ESMC_MeshVTKUTest.C, line 297
PASS MeshFreeMemory, ESMC_MeshVTKUTest.C, line 307
PASS MeshFreeMemory, ESMC_MeshVTKUTest.C, line 307
PASS MeshWrite, ESMC_MeshVTKUTest.C, line 297
PASS MeshDestroy, ESMC_MeshVTKUTest.C, line 316
PASS MeshDestroy, ESMC_MeshVTKUTest.C, line 316
Ending Test, file ESMC_MeshVTKUTest.C, line 329
Ending Test, file ESMC_MeshVTKUTest.C, line 329
PASS MeshFreeMemory, ESMC_MeshVTKUTest.C, line 307
PASS MeshDestroy, ESMC_MeshVTKUTest.C, line 316
Ending Test, file ESMC_MeshVTKUTest.C, line 329
PASS MeshWrite, ESMC_MeshVTKUTest.C, line 297
PASS MeshFreeMemory, ESMC_MeshVTKUTest.C, line 307
PASS MeshDestroy, ESMC_MeshVTKUTest.C, line 316
PASS MeshWrite, ESMC_MeshVTKUTest.C, line 297
PASS MeshWrite, ESMC_MeshVTKUTest.C, line 297
Ending Test, file ESMC_MeshVTKUTest.C, line 329
PASS MeshFreeMemory, ESMC_MeshVTKUTest.C, line 307
PASS MeshFreeMemory, ESMC_MeshVTKUTest.C, line 307
PASS MeshDestroy, ESMC_MeshVTKUTest.C, line 316
PASS MeshDestroy, ESMC_MeshVTKUTest.C, line 316
Ending Test, file ESMC_MeshVTKUTest.C, line 329
Ending Test, file ESMC_MeshVTKUTest.C, line 329
 PET 1 Test Elapsed Time  7.567000 msec.
 PET 3 Test Elapsed Time  7.567000 msec.
 PET 4 Test Elapsed Time  7.581000 msec.
 PET 5 Test Elapsed Time  7.827000 msec.
 PET 0 Test Elapsed Time  8.850000 msec.
 PET 2 Test Elapsed Time  8.922000 msec.
