build time -- 2021-04-23 11:58:54.445068
Beginning Test, file ESMC_ArraySpecUTest.C, line 49
NUMBER_OF_PROCESSORS 4
Beginning Test, file ESMC_ArraySpecUTest.C, line 49
NUMBER_OF_PROCESSORS 4
Beginning Test, file ESMC_ArraySpecUTest.C, line 49
NUMBER_OF_PROCESSORS 4
Beginning Test, file ESMC_ArraySpecUTest.C, line 49
NUMBER_OF_PROCESSORS 4
PASS ArraySpecSet Unit test, ESMC_ArraySpecUTest.C, line 59
PASS ArraySpecSet Unit test, ESMC_ArraySpecUTest.C, line 59
PASS ArraySpecSet Unit test, ESMC_ArraySpecUTest.C, line 59
PASS ArraySpecSet Unit test, ESMC_ArraySpecUTest.C, line 59
PASS ArraySpecGet Unit test, ESMC_ArraySpecUTest.C, line 68
PASS ArraySpecGet: rank Unit test, ESMC_ArraySpecUTest.C, line 76
PASS ArraySpecGet: typekind Unit test, ESMC_ArraySpecUTest.C, line 84
Ending Test, file ESMC_ArraySpecUTest.C, line 88
PASS ArraySpecGet Unit test, ESMC_ArraySpecUTest.C, line 68
PASS ArraySpecGet: rank Unit test, ESMC_ArraySpecUTest.C, line 76
PASS ArraySpecGet: typekind Unit test, ESMC_ArraySpecUTest.C, line 84
Ending Test, file ESMC_ArraySpecUTest.C, line 88
PASS ArraySpecGet Unit test, ESMC_ArraySpecUTest.C, line 68
PASS ArraySpecGet: rank Unit test, ESMC_ArraySpecUTest.C, line 76
PASS ArraySpecGet: typekind Unit test, ESMC_ArraySpecUTest.C, line 84
Ending Test, file ESMC_ArraySpecUTest.C, line 88
PASS ArraySpecGet Unit test, ESMC_ArraySpecUTest.C, line 68
PASS ArraySpecGet: rank Unit test, ESMC_ArraySpecUTest.C, line 76
PASS ArraySpecGet: typekind Unit test, ESMC_ArraySpecUTest.C, line 84
Ending Test, file ESMC_ArraySpecUTest.C, line 88
 PET 0 Test Elapsed Time  1.227000 msec.
 PET 1 Test Elapsed Time  1.230000 msec.
 PET 3 Test Elapsed Time  1.227000 msec.
 PET 2 Test Elapsed Time  1.249000 msec.
