build time -- 2021-04-23 11:58:54.445068
  Beginning Test, file ESMF_FieldMeshSMMUTest.F90, line 54
  NUMBER_OF_PROCESSORS           4
  Beginning Test, file ESMF_FieldMeshSMMUTest.F90, line 54
  NUMBER_OF_PROCESSORS           4
  Beginning Test, file ESMF_FieldMeshSMMUTest.F90, line 54
  NUMBER_OF_PROCESSORS           4
  Beginning Test, file ESMF_FieldMeshSMMUTest.F90, line 54
  NUMBER_OF_PROCESSORS           4
  PASS  FieldMeshSMM test using localPet for both src and dst, with halos, ESMF_FieldMeshSMMUTest.F90, line 68
  Ending Test, file ESMF_FieldMeshSMMUTest.F90, line 71
  PASS  FieldMeshSMM test using localPet for both src and dst, with halos, ESMF_FieldMeshSMMUTest.F90, line 68
  Ending Test, file ESMF_FieldMeshSMMUTest.F90, line 71
  PASS  FieldMeshSMM test using localPet for both src and dst, with halos, ESMF_FieldMeshSMMUTest.F90, line 68
  Ending Test, file ESMF_FieldMeshSMMUTest.F90, line 71
  PASS  FieldMeshSMM test using localPet for both src and dst, with halos, ESMF_FieldMeshSMMUTest.F90, line 68
  Ending Test, file ESMF_FieldMeshSMMUTest.F90, line 71
  PET           3  Test Elapsed Time    2.1940000000000000       msec.
  PET           2  Test Elapsed Time    2.2929999999999997       msec.
  PET           0  Test Elapsed Time    2.4029999999999987       msec.
  PET           1  Test Elapsed Time    2.3909999999999991       msec.
