build time -- 2021-04-23 11:58:54.445068
  Beginning Test, file ESMF_FieldGatherUTest.F90, line 58
  NUMBER_OF_PROCESSORS           4
  Beginning Test, file ESMF_FieldGatherUTest.F90, line 58
  NUMBER_OF_PROCESSORS           4
  Beginning Test, file ESMF_FieldGatherUTest.F90, line 58
  NUMBER_OF_PROCESSORS           4
  Beginning Test, file ESMF_FieldGatherUTest.F90, line 58
  NUMBER_OF_PROCESSORS           4
  PASS  FieldGather 1d test, ESMF_FieldGatherUTest.F90, line 72
  PASS  FieldGather 1d test, ESMF_FieldGatherUTest.F90, line 72
  PASS  FieldGather 1d test, ESMF_FieldGatherUTest.F90, line 72
  PASS  FieldGather 1d test, ESMF_FieldGatherUTest.F90, line 72
  PASS  FieldGather 2d test, ESMF_FieldGatherUTest.F90, line 80
  PASS  FieldGather 2d test, ESMF_FieldGatherUTest.F90, line 80
  PASS  FieldGather 2d test, ESMF_FieldGatherUTest.F90, line 80
  PASS  FieldGather 2d test, ESMF_FieldGatherUTest.F90, line 80
  PASS  FieldGather 3d test, ESMF_FieldGatherUTest.F90, line 88
  PASS  FieldGather 3d test, ESMF_FieldGatherUTest.F90, line 88
  PASS  FieldGather 3d test, ESMF_FieldGatherUTest.F90, line 88
  PASS  FieldGather 3d test, ESMF_FieldGatherUTest.F90, line 88
  PASS  FieldScatter 2d test, ESMF_FieldGatherUTest.F90, line 96
  Ending Test, file ESMF_FieldGatherUTest.F90, line 99
  PASS  FieldScatter 2d test, ESMF_FieldGatherUTest.F90, line 96
  Ending Test, file ESMF_FieldGatherUTest.F90, line 99
  PASS  FieldScatter 2d test, ESMF_FieldGatherUTest.F90, line 96
  Ending Test, file ESMF_FieldGatherUTest.F90, line 99
  PASS  FieldScatter 2d test, ESMF_FieldGatherUTest.F90, line 96
  Ending Test, file ESMF_FieldGatherUTest.F90, line 99
  PET           3  Test Elapsed Time    1.8950000000000009       msec.
  PET           2  Test Elapsed Time    1.8139999999999996       msec.
  PET           0  Test Elapsed Time    1.8390000000000004       msec.
  PET           1  Test Elapsed Time    2.0449999999999982       msec.
