build time -- 2021-04-23 11:58:54.445068
  Beginning Test, file ESMF_RouteHandleUTest.F90, line 60
  NUMBER_OF_PROCESSORS           4
  Beginning Test, file ESMF_RouteHandleUTest.F90, line 60
  NUMBER_OF_PROCESSORS           4
  Beginning Test, file ESMF_RouteHandleUTest.F90, line 60
  NUMBER_OF_PROCESSORS           4
  Beginning Test, file ESMF_RouteHandleUTest.F90, line 60
  NUMBER_OF_PROCESSORS           4
  PASS  Test RouteHandleIsCreated(), ESMF_RouteHandleUTest.F90, line 116
  PASS  Test RouteHandleIsCreated(), ESMF_RouteHandleUTest.F90, line 116
  PASS  Test RouteHandleIsCreated() return value, ESMF_RouteHandleUTest.F90, line 123
  PASS  Test RouteHandleIsCreated() return value, ESMF_RouteHandleUTest.F90, line 123
  PASS  Test RouteHandleIsCreated(), ESMF_RouteHandleUTest.F90, line 116
  PASS  Test RouteHandleIsCreated(), ESMF_RouteHandleUTest.F90, line 116
  PASS  Test RouteHandleIsCreated() return value, ESMF_RouteHandleUTest.F90, line 123
  PASS  Test RouteHandleIsCreated() return value, ESMF_RouteHandleUTest.F90, line 123
  PASS  Create RouteHandle, ESMF_RouteHandleUTest.F90, line 132
  PASS  Test RouteHandleIsCreated(), ESMF_RouteHandleUTest.F90, line 140
  PASS  Test RouteHandleIsCreated() return value, ESMF_RouteHandleUTest.F90, line 147
  PASS  Create RouteHandle, ESMF_RouteHandleUTest.F90, line 132
  PASS  Test RouteHandleIsCreated(), ESMF_RouteHandleUTest.F90, line 140
  PASS  Test RouteHandleIsCreated() return value, ESMF_RouteHandleUTest.F90, line 147
  PASS  Create RouteHandle, ESMF_RouteHandleUTest.F90, line 132
  PASS  Test RouteHandleIsCreated(), ESMF_RouteHandleUTest.F90, line 140
  PASS  Test RouteHandleIsCreated() return value, ESMF_RouteHandleUTest.F90, line 147
  PASS  Create RouteHandle, ESMF_RouteHandleUTest.F90, line 132
  PASS  Test RouteHandleIsCreated(), ESMF_RouteHandleUTest.F90, line 140
  PASS  Test RouteHandleIsCreated() return value, ESMF_RouteHandleUTest.F90, line 147
  PASS  Test RouteHandleWrite(), ESMF_RouteHandleUTest.F90, line 155
  PASS  Test RouteHandleWrite(), ESMF_RouteHandleUTest.F90, line 155
  PASS  Test RouteHandleWrite(), ESMF_RouteHandleUTest.F90, line 155
  PASS  Test RouteHandleWrite(), ESMF_RouteHandleUTest.F90, line 155
  PASS  Test RouteHandleDestroy(), ESMF_RouteHandleUTest.F90, line 163
  PASS  Test RouteHandleDestroy(), ESMF_RouteHandleUTest.F90, line 163
  PASS  Test RouteHandleDestroy(), ESMF_RouteHandleUTest.F90, line 163
  PASS  Test RouteHandleDestroy(), ESMF_RouteHandleUTest.F90, line 163
  PASS  Test RouteHandleCreate(from file), ESMF_RouteHandleUTest.F90, line 171
  PASS  Test RouteHandleCreate(from file), ESMF_RouteHandleUTest.F90, line 171
  PASS  Test RouteHandleCreate(from file), ESMF_RouteHandleUTest.F90, line 171
  PASS  Test RouteHandleCreate(from file), ESMF_RouteHandleUTest.F90, line 171
  PASS  Apply the read in Routehandle, ESMF_RouteHandleUTest.F90, line 180
  PASS  Apply the read in Routehandle, ESMF_RouteHandleUTest.F90, line 180
  PASS  Apply the read in Routehandle, ESMF_RouteHandleUTest.F90, line 180
  PASS  Test RouteHandleDestroy() for the read in Routehandle, ESMF_RouteHandleUTest.F90, line 188
  PASS  Apply the read in Routehandle, ESMF_RouteHandleUTest.F90, line 180
  PASS  Test RouteHandleDestroy() for the read in Routehandle, ESMF_RouteHandleUTest.F90, line 188
  Ending Test, file ESMF_RouteHandleUTest.F90, line 195
  PASS  Test RouteHandleDestroy() for the read in Routehandle, ESMF_RouteHandleUTest.F90, line 188
  PASS  Test RouteHandleDestroy() for the read in Routehandle, ESMF_RouteHandleUTest.F90, line 188
  Ending Test, file ESMF_RouteHandleUTest.F90, line 195
  Ending Test, file ESMF_RouteHandleUTest.F90, line 195
  Ending Test, file ESMF_RouteHandleUTest.F90, line 195
  PET           3  Test Elapsed Time    34.534999999999997       msec.
  PET           1  Test Elapsed Time    34.217999999999996       msec.
  PET           0  Test Elapsed Time    34.482999999999997       msec.
  PET           2  Test Elapsed Time    34.431000000000004       msec.
