build time -- 2021-04-23 11:58:54.445068
  Beginning Test, file ESMF_VMAccUTest.F90, line 52
  NUMBER_OF_PROCESSORS           4
  Beginning Test, file ESMF_VMAccUTest.F90, line 52
  NUMBER_OF_PROCESSORS           4
  PASS  Test getting the number of accelerator devices, ESMF_VMAccUTest.F90, line 72
  Ending Test, file ESMF_VMAccUTest.F90, line 76
  Beginning Test, file ESMF_VMAccUTest.F90, line 52
  NUMBER_OF_PROCESSORS           4
  PASS  Test getting the number of accelerator devices, ESMF_VMAccUTest.F90, line 72
  Ending Test, file ESMF_VMAccUTest.F90, line 76
  Beginning Test, file ESMF_VMAccUTest.F90, line 52
  NUMBER_OF_PROCESSORS           4
  PASS  Test getting the number of accelerator devices, ESMF_VMAccUTest.F90, line 72
  Ending Test, file ESMF_VMAccUTest.F90, line 76
  PASS  Test getting the number of accelerator devices, ESMF_VMAccUTest.F90, line 72
  Ending Test, file ESMF_VMAccUTest.F90, line 76
  PET           3  Test Elapsed Time    1.0159999999999996       msec.
  PET           2  Test Elapsed Time    1.0070000000000010       msec.
  PET           0  Test Elapsed Time    1.0129999999999999       msec.
  PET           1  Test Elapsed Time   0.97099999999999964       msec.
