build time -- 2021-04-23 11:58:54.445068
 --------------------------------------- 
 Start of  System Test ESMF_DirectCouplingSTest
 --------------------------------------- 
 --------------------------------------- 
 Start of  System Test ESMF_DirectCouplingSTest
 --------------------------------------- 
 --------------------------------------- 
 Start of  System Test ESMF_DirectCouplingSTest
 --------------------------------------- 
 --------------------------------------- 
 Start of  System Test ESMF_DirectCouplingSTest
 --------------------------------------- 
 --------------------------------------- 
 Start of  System Test ESMF_DirectCouplingSTest
 --------------------------------------- 
 --------------------------------------- 
 Start of  System Test ESMF_DirectCouplingSTest
 --------------------------------------- 
 
  System Test ESMF_DirectCouplingSTest
  SUCCESS:  System Test ESMF_DirectCouplingSTest finished correctly.
 
 
  System Test ESMF_DirectCouplingSTest
  SUCCESS:  System Test ESMF_DirectCouplingSTest finished correctly.
 
 
  System Test ESMF_DirectCouplingSTest
  SUCCESS:  System Test ESMF_DirectCouplingSTest finished correctly.
 
 
  System Test ESMF_DirectCouplingSTest
  SUCCESS:  System Test ESMF_DirectCouplingSTest finished correctly.
 
 
  System Test ESMF_DirectCouplingSTest
  SUCCESS:  System Test ESMF_DirectCouplingSTest finished correctly.
 
  System Test ESMF_DirectCouplingSTest                                                                                                                                                                                                                            complete.
 ------------------------------------------------------------
 ------------------------------------------------------------
 Test finished, localPet =            1
 ------------------------------------------------------------
 ------------------------------------------------------------
  System Test ESMF_DirectCouplingSTest                                                                                                                                                                                                                            complete.
 ------------------------------------------------------------
 ------------------------------------------------------------
 Test finished, localPet =            3
 ------------------------------------------------------------
 ------------------------------------------------------------
  System Test ESMF_DirectCouplingSTest                                                                                                                                                                                                                            complete.
 ------------------------------------------------------------
 ------------------------------------------------------------
 Test finished, localPet =            4
 ------------------------------------------------------------
 ------------------------------------------------------------
  PASS  System Test ESMF_DirectCouplingSTest, ESMF_DirectCouplingSTest.F90, line 459
  System Test ESMF_DirectCouplingSTest                                                                                                                                                                                                                            complete.
 ------------------------------------------------------------
 ------------------------------------------------------------
 Test finished, localPet =            2
 ------------------------------------------------------------
 ------------------------------------------------------------
  System Test ESMF_DirectCouplingSTest                                                                                                                                                                                                                            complete.
 ------------------------------------------------------------
 ------------------------------------------------------------
 Test finished, localPet =            5
 ------------------------------------------------------------
 ------------------------------------------------------------
  PASS  System Test ESMF_DirectCouplingSTest, ESMF_DirectCouplingSTest.F90, line 459
  PASS  System Test ESMF_DirectCouplingSTest, ESMF_DirectCouplingSTest.F90, line 459
  PASS  System Test ESMF_DirectCouplingSTest, ESMF_DirectCouplingSTest.F90, line 459
  PASS  System Test ESMF_DirectCouplingSTest, ESMF_DirectCouplingSTest.F90, line 459
 Validation of results successful! :-)
 
  System Test ESMF_DirectCouplingSTest
  SUCCESS:  System Test ESMF_DirectCouplingSTest finished correctly.
 
  System Test ESMF_DirectCouplingSTest                                                                                                                                                                                                                            complete.
 ------------------------------------------------------------
 ------------------------------------------------------------
 Test finished, localPet =            0
 ------------------------------------------------------------
 ------------------------------------------------------------
  PASS  System Test ESMF_DirectCouplingSTest, ESMF_DirectCouplingSTest.F90, line 459
