build time -- 2021-04-23 11:58:54.445068
  Beginning Test, file ESMF_VMBarrierUTest.F90, line 66
  NUMBER_OF_PROCESSORS           4
  Beginning Test, file ESMF_VMBarrierUTest.F90, line 66
  NUMBER_OF_PROCESSORS           4
  Beginning Test, file ESMF_VMBarrierUTest.F90, line 66
  NUMBER_OF_PROCESSORS           4
  Beginning Test, file ESMF_VMBarrierUTest.F90, line 66
  NUMBER_OF_PROCESSORS           4
 timing precision is:    6.0070306062698364E-008
 timing precision is:    9.1968104243278503E-008
 timing precision is:    1.0710209608078003E-007
 timing precision is:    6.5891072154045105E-008
 max timing precision is:    1.0710209608078003E-007
 max timing precision is:    1.0710209608078003E-007
 max timing precision is:    1.0710209608078003E-007
 max timing precision is:    1.0710209608078003E-007
  PASS  Timer Precision test, ESMF_VMBarrierUTest.F90, line 87
  PASS  Timer Precision test, ESMF_VMBarrierUTest.F90, line 87
  PASS  Timer Precision test, ESMF_VMBarrierUTest.F90, line 87
  PASS  Timer Precision test, ESMF_VMBarrierUTest.F90, line 87
 slow Pet=           0 Pet=           1 time delay =    1.0000182779040188      [  -- should be >=    1.0000000000000000      --  ]
 slow Pet=           0 Pet=           3 time delay =    1.0000175440218300      [  -- should be >=    1.0000000000000000      --  ]
 slow Pet=           0 Pet=           2 time delay =    1.0000152059365064      [  -- should be >=    1.0000000000000000      --  ]
 slow Pet=           0 Pet=           0 time delay =    1.0000145679805428      [  -- should be >=    1.0000000000000000      --  ]
 slow Pet=           1 Pet=           2 time delay =    1.0000302530825138      [  -- should be >=    1.0000000000000000      --  ]
 slow Pet=           1 Pet=           1 time delay =    1.0000299450475723      [  -- should be >=    1.0000000000000000      --  ]
 slow Pet=           1 Pet=           3 time delay =    1.0000334740616381      [  -- should be >=    1.0000000000000000      --  ]
 slow Pet=           1 Pet=           0 time delay =    1.0000297289807349      [  -- should be >=    1.0000000000000000      --  ]
 slow Pet=           2 Pet=           3 time delay =    1.0000483838375658      [  -- should be >=    1.0000000000000000      --  ]
 slow Pet=           2 Pet=           2 time delay =    1.0000518690794706      [  -- should be >=    1.0000000000000000      --  ]
 slow Pet=           2 Pet=           1 time delay =    1.0000533489510417      [  -- should be >=    1.0000000000000000      --  ]
 slow Pet=           2 Pet=           0 time delay =    1.0000553659629077      [  -- should be >=    1.0000000000000000      --  ]
 slow Pet=           3 Pet=           1 time delay =    1.0000203808303922      [  -- should be >=    1.0000000000000000      --  ]
  PASS  Barrier Test, ESMF_VMBarrierUTest.F90, line 122
  Ending Test, file ESMF_VMBarrierUTest.F90, line 124
 slow Pet=           3 Pet=           3 time delay =    1.0000179698690772      [  -- should be >=    1.0000000000000000      --  ]
  PASS  Barrier Test, ESMF_VMBarrierUTest.F90, line 122
  Ending Test, file ESMF_VMBarrierUTest.F90, line 124
 slow Pet=           3 Pet=           2 time delay =    1.0000179670751095      [  -- should be >=    1.0000000000000000      --  ]
  PASS  Barrier Test, ESMF_VMBarrierUTest.F90, line 122
  Ending Test, file ESMF_VMBarrierUTest.F90, line 124
 slow Pet=           3 Pet=           0 time delay =    1.0000194448512048      [  -- should be >=    1.0000000000000000      --  ]
  PASS  Barrier Test, ESMF_VMBarrierUTest.F90, line 122
  Ending Test, file ESMF_VMBarrierUTest.F90, line 124
  PET           1  Test Elapsed Time    3997.3830000000003       msec.
  PET           3  Test Elapsed Time    4001.0940000000001       msec.
  PET           0  Test Elapsed Time    4001.1029999999996       msec.
  PET           2  Test Elapsed Time    4001.3899999999999       msec.
