build time -- 2021-04-23 11:58:54.445068
  Beginning Test, file ESMF_AttributeUpdateContainerStressUTest.F90, line 792
  NUMBER_OF_PROCESSORS           4
  Beginning Test, file ESMF_AttributeUpdateContainerStressUTest.F90, line 792
  NUMBER_OF_PROCESSORS           4
  Beginning Test, file ESMF_AttributeUpdateContainerStressUTest.F90, line 792
  NUMBER_OF_PROCESSORS           4
  Beginning Test, file ESMF_AttributeUpdateContainerStressUTest.F90, line 792
  NUMBER_OF_PROCESSORS           4
  PASS  Testing for correct value on field2, ESMF_AttributeUpdateContainerStressUTest.F90, line 893
  PASS  Testing for correct value on field3, ESMF_AttributeUpdateContainerStressUTest.F90, line 905
  PASS  Testing for correct value on field2, ESMF_AttributeUpdateContainerStressUTest.F90, line 893
  PASS  Testing for correct value on field3, ESMF_AttributeUpdateContainerStressUTest.F90, line 905
  PASS  Testing for correct value on field6, ESMF_AttributeUpdateContainerStressUTest.F90, line 917
  PASS  Testing for correct value on field2, ESMF_AttributeUpdateContainerStressUTest.F90, line 893
  PASS  Testing for correct value on field3, ESMF_AttributeUpdateContainerStressUTest.F90, line 905
  PASS  Testing for correct value on field6, ESMF_AttributeUpdateContainerStressUTest.F90, line 917
  PASS  Testing for correct value on field2, ESMF_AttributeUpdateContainerStressUTest.F90, line 893
  PASS  Testing for correct value on field3, ESMF_AttributeUpdateContainerStressUTest.F90, line 905
  PASS  Testing for correct value on field6, ESMF_AttributeUpdateContainerStressUTest.F90, line 917
  PASS  Testing for correct value on field6, ESMF_AttributeUpdateContainerStressUTest.F90, line 917
  PASS  Testing for correct value on field7, ESMF_AttributeUpdateContainerStressUTest.F90, line 932
  PASS  Testing for correct value on field8, ESMF_AttributeUpdateContainerStressUTest.F90, line 945
  PASS  Testing for correct value on field7, ESMF_AttributeUpdateContainerStressUTest.F90, line 932
  PASS  Testing for correct value on field8, ESMF_AttributeUpdateContainerStressUTest.F90, line 945
  PASS  Testing for correct value on field7, ESMF_AttributeUpdateContainerStressUTest.F90, line 932
  PASS  Testing for correct value on field8, ESMF_AttributeUpdateContainerStressUTest.F90, line 945
  PASS  Testing for correct value on field7, ESMF_AttributeUpdateContainerStressUTest.F90, line 932
  PASS  Testing for correct value on field8, ESMF_AttributeUpdateContainerStressUTest.F90, line 945
  Ending Test, file ESMF_AttributeUpdateContainerStressUTest.F90, line 974
  Ending Test, file ESMF_AttributeUpdateContainerStressUTest.F90, line 974
  Ending Test, file ESMF_AttributeUpdateContainerStressUTest.F90, line 974
  Ending Test, file ESMF_AttributeUpdateContainerStressUTest.F90, line 974
  PET           3  Test Elapsed Time    7.9539999999999988       msec.
  PET           1  Test Elapsed Time    7.8619999999999974       msec.
  PET           0  Test Elapsed Time    7.7149999999999981       msec.
  PET           2  Test Elapsed Time    7.7959999999999994       msec.
