build time -- 2021-04-23 11:58:54.445068
  Beginning Test, file ESMF_FieldSMMFromFileUTest.F90, line 288
  NUMBER_OF_PROCESSORS           4
  Beginning Test, file ESMF_FieldSMMFromFileUTest.F90, line 288
  NUMBER_OF_PROCESSORS           4
  Beginning Test, file ESMF_FieldSMMFromFileUTest.F90, line 288
  NUMBER_OF_PROCESSORS           4
  Beginning Test, file ESMF_FieldSMMFromFileUTest.F90, line 288
  NUMBER_OF_PROCESSORS           4
  PASS  ESMF_FieldSMMFromFile Unit Test, ESMF_FieldSMMFromFileUTest.F90, line 301
  PASS  ESMF_FieldSMMFromFile Unit Test, ESMF_FieldSMMFromFileUTest.F90, line 301
  PASS  ESMF_FieldSMMFromFile Unit Test, ESMF_FieldSMMFromFileUTest.F90, line 301
 data/test_smm_from_file_weights.nc - ESMF Offline Regridding Weight Generator
  
 Grid 1 min:    1.0005929367551678          Grid 1 max:    2.9994070632448326     
 Grid 2 min:    1.0005929367551678          Grid 2 max:    2.9994070632448326     
  
 Maximum negative weight =    0.0000000000000000     
 Maximum positive weight =    1.0000000000000000     
  
 Mean relative error     =    0.0000000000000000     
 Maximum relative error  =    0.0000000000000000     
 Least squares error     =    0.0000000000000000     
  
 Grid 1 area = 0.000000000000000
 Grid 2 area = 0.000000000000000
 Conservation error = 0.000000000000000
  PASS  ESMF_FieldSMMFromFile Unit Test, ESMF_FieldSMMFromFileUTest.F90, line 301
  PASS  ESMF_FieldRegridStoreFromFile Unit Test, ESMF_FieldSMMFromFileUTest.F90, line 316
  Ending Test, file ESMF_FieldSMMFromFileUTest.F90, line 323
  PASS  ESMF_FieldRegridStoreFromFile Unit Test, ESMF_FieldSMMFromFileUTest.F90, line 316
  Ending Test, file ESMF_FieldSMMFromFileUTest.F90, line 323
  PASS  ESMF_FieldRegridStoreFromFile Unit Test, ESMF_FieldSMMFromFileUTest.F90, line 316
  Ending Test, file ESMF_FieldSMMFromFileUTest.F90, line 323
  PASS  ESMF_FieldRegridStoreFromFile Unit Test, ESMF_FieldSMMFromFileUTest.F90, line 316
  Ending Test, file ESMF_FieldSMMFromFileUTest.F90, line 323
  PET           2  Test Elapsed Time    164.00000000000000       msec.
  PET           0  Test Elapsed Time    66.044999999999987       msec.
  PET           1  Test Elapsed Time    164.06199999999998       msec.
  PET           3  Test Elapsed Time    163.99299999999999       msec.
