build time -- 2021-04-23 11:58:54.445068
  Beginning Test, file ESMF_TraceMPIUTest.F90, line 75
  Beginning Test, file ESMF_TraceMPIUTest.F90, line 75
  NUMBER_OF_PROCESSORS           4
  Beginning Test, file ESMF_TraceMPIUTest.F90, line 75
  NUMBER_OF_PROCESSORS           4
  Beginning Test, file ESMF_TraceMPIUTest.F90, line 75
  NUMBER_OF_PROCESSORS           4
  NUMBER_OF_PROCESSORS           4
  PASS  Test trace user region enter, ESMF_TraceMPIUTest.F90, line 97
  PASS  Test trace user region enter, ESMF_TraceMPIUTest.F90, line 97
  PASS  Test trace user region enter, ESMF_TraceMPIUTest.F90, line 97
  PASS  Test trace user region enter, ESMF_TraceMPIUTest.F90, line 114
  PASS  Test trace user region enter, ESMF_TraceMPIUTest.F90, line 97
  PASS  Test trace user region enter, ESMF_TraceMPIUTest.F90, line 114
 MPI_ALLREDUCE returned            4
  PASS  Test trace user region enter, ESMF_TraceMPIUTest.F90, line 114
 MPI_ALLREDUCE returned            4
  PASS  Test trace user region enter, ESMF_TraceMPIUTest.F90, line 114
 MPI_ALLREDUCE returned            4
  PASS  Test trace user region enter, ESMF_TraceMPIUTest.F90, line 125
  PASS  Test trace user region enter, ESMF_TraceMPIUTest.F90, line 125
 MPI_ALLREDUCE returned            4
  PASS  Test trace user region enter, ESMF_TraceMPIUTest.F90, line 125
  PASS  Test trace user region enter, ESMF_TraceMPIUTest.F90, line 125
  PASS  Test trace user region enter, ESMF_TraceMPIUTest.F90, line 138
  PASS  Test trace user region enter, ESMF_TraceMPIUTest.F90, line 138
  PASS  Test trace user region enter, ESMF_TraceMPIUTest.F90, line 138
  PASS  Test trace user region enter, ESMF_TraceMPIUTest.F90, line 138
  PASS  Test trace user region exit, ESMF_TraceMPIUTest.F90, line 149
  PASS  Test trace user region exit, ESMF_TraceMPIUTest.F90, line 149
  PASS  Test trace user region exit, ESMF_TraceMPIUTest.F90, line 149
  PASS  Test trace user region exit, ESMF_TraceMPIUTest.F90, line 149
  PASS  Test trace memory usage, ESMF_TraceMPIUTest.F90, line 157
  PASS  Test trace memory usage, ESMF_TraceMPIUTest.F90, line 157
  PASS  Test trace memory usage, ESMF_TraceMPIUTest.F90, line 157
  PASS  Test trace memory usage, ESMF_TraceMPIUTest.F90, line 157
  PASS  Close trace, ESMF_TraceMPIUTest.F90, line 168
  PASS  Close trace, ESMF_TraceMPIUTest.F90, line 168
  PASS  Close trace, ESMF_TraceMPIUTest.F90, line 168
  PASS  Close trace, ESMF_TraceMPIUTest.F90, line 168
  Ending Test, file ESMF_TraceMPIUTest.F90, line 180
  Ending Test, file ESMF_TraceMPIUTest.F90, line 180
  Ending Test, file ESMF_TraceMPIUTest.F90, line 180
  Ending Test, file ESMF_TraceMPIUTest.F90, line 180
  PET           1  Test Elapsed Time    5001.4859999999999       msec.
  PET           0  Test Elapsed Time    5000.7370000000001       msec.
  PET           3  Test Elapsed Time    5001.7049999999990       msec.
  PET           2  Test Elapsed Time    5001.5299999999997       msec.
