build time -- 2021-04-23 11:58:54.445068
 --------------------------------------- 
 Start of  System Test FieldBundleRedistBlk2Arb
 --------------------------------------- 
 --------------------------------------- 
 Start of  System Test FieldBundleRedistBlk2Arb
 --------------------------------------- 
 --------------------------------------- 
 Start of  System Test FieldBundleRedistBlk2Arb
 --------------------------------------- 
 --------------------------------------- 
 Start of  System Test FieldBundleRedistBlk2Arb
 --------------------------------------- 
 --------------------------------------- 
 Start of  System Test FieldBundleRedistBlk2Arb
 --------------------------------------- 
 --------------------------------------- 
 Start of  System Test FieldBundleRedistBlk2Arb
 --------------------------------------- 
 Create section finished
 Create section finished
 Create section finished
 Create section finished
 Create section finished
 Create section finished
 Initial data, before Redistribution:
 Init section finished
 Initial data, before Redistribution:
 Init section finished
 Initial data, before Redistribution:
 Init section finished
 Initial data, before Redistribution:
 Init section finished
 Initial data, before Redistribution:
 Init section finished
 Initial data, before Redistribution:
 Init section finished
 Array contents after Transpose:
 Array contents after Transpose:
 Array contents after Transpose:
 Array contents after Transpose:
 Array contents after Transpose:
 Array contents after Transpose:
 Array contents after second Redistribution, should match original:
 Run section finished
 -----------------------------------------------------------------
 -----------------------------------------------------------------
 Array contents after second Redistribution, should match original:
 Run section finished
 -----------------------------------------------------------------
 -----------------------------------------------------------------
 Array contents after second Redistribution, should match original:
 Run section finished
 -----------------------------------------------------------------
 -----------------------------------------------------------------
 Array contents after second Redistribution, should match original:
 Run section finished
 -----------------------------------------------------------------
 -----------------------------------------------------------------
 Array contents after second Redistribution, should match original:
 Array contents after second Redistribution, should match original:
 Run section finished
 -----------------------------------------------------------------
 -----------------------------------------------------------------
 Result from PET number            5
 -----------------------------------------------------------------
 -----------------------------------------------------------------
 Run section finished
 -----------------------------------------------------------------
 Result from PET number            2
 -----------------------------------------------------------------
 -----------------------------------------------------------------
 Result from PET number            3
 -----------------------------------------------------------------
 -----------------------------------------------------------------
 Result from PET number            4
 -----------------------------------------------------------------
 -----------------------------------------------------------------
 Array contents matched correctly!! PET =            5
 Finalize section finished
 -----------------------------------------------------------------
 Result from PET number            1
 -----------------------------------------------------------------
 -----------------------------------------------------------------
 Array contents matched correctly!! PET =            2
 Finalize section finished
 Array contents matched correctly!! PET =            3
 Finalize section finished
 Array contents matched correctly!! PET =            4
 Finalize section finished
 Array contents matched correctly!! PET =            1
 Finalize section finished
 Result from PET number            0
 -----------------------------------------------------------------
 All Destroy routines done
  System Test FieldBundleRedistBlk2Arb                                                                                                                                                                                                                            complete.
 All Destroy routines done
  System Test FieldBundleRedistBlk2Arb                                                                                                                                                                                                                            complete.
 All Destroy routines done
  System Test FieldBundleRedistBlk2Arb                                                                                                                                                                                                                            complete.
 -----------------------------------------------------------------
 All Destroy routines done
  System Test FieldBundleRedistBlk2Arb                                                                                                                                                                                                                            complete.
 ------------------------------------------------------------
 ------------------------------------------------------------
 Test finished, localPet =            3
 ------------------------------------------------------------
 ------------------------------------------------------------
 
  System Test FieldBundleRedistBlk2Arb
  SUCCESS:  System Test FieldBundleRedistBlk2Arb finished correctly.
 
 
  System Test FieldBundleRedistBlk2Arb
  SUCCESS:  System Test FieldBundleRedistBlk2Arb finished correctly.
 
 
  System Test FieldBundleRedistBlk2Arb
  SUCCESS:  System Test FieldBundleRedistBlk2Arb finished correctly.
 
 
  System Test FieldBundleRedistBlk2Arb
  SUCCESS:  System Test FieldBundleRedistBlk2Arb finished correctly.
 
 ------------------------------------------------------------
 ------------------------------------------------------------
 Test finished, localPet =            2
 ------------------------------------------------------------
 ------------------------------------------------------------
 ------------------------------------------------------------
 ------------------------------------------------------------
 Test finished, localPet =            5
 ------------------------------------------------------------
 ------------------------------------------------------------
 ------------------------------------------------------------
 ------------------------------------------------------------
 Test finished, localPet =            4
 ------------------------------------------------------------
 ------------------------------------------------------------
  PASS  System Test FieldBundleRedistBlk2Arb, ESMF_FieldBundleRedistBlk2ArbSTest.F90, line 347
  PASS  System Test FieldBundleRedistBlk2Arb, ESMF_FieldBundleRedistBlk2ArbSTest.F90, line 347
  PASS  System Test FieldBundleRedistBlk2Arb, ESMF_FieldBundleRedistBlk2ArbSTest.F90, line 347
  PASS  System Test FieldBundleRedistBlk2Arb, ESMF_FieldBundleRedistBlk2ArbSTest.F90, line 347
 All Destroy routines done
  System Test FieldBundleRedistBlk2Arb                                                                                                                                                                                                                            complete.
 
  System Test FieldBundleRedistBlk2Arb
  SUCCESS:  System Test FieldBundleRedistBlk2Arb finished correctly.
 
 ------------------------------------------------------------
 ------------------------------------------------------------
 Test finished, localPet =            1
 ------------------------------------------------------------
 ------------------------------------------------------------
 Array contents matched correctly!! PET =            0
 Finalize section finished
  PASS  System Test FieldBundleRedistBlk2Arb, ESMF_FieldBundleRedistBlk2ArbSTest.F90, line 347
 
  System Test FieldBundleRedistBlk2Arb
  SUCCESS:  System Test FieldBundleRedistBlk2Arb finished correctly.
 
 All Destroy routines done
  System Test FieldBundleRedistBlk2Arb                                                                                                                                                                                                                            complete.
 ------------------------------------------------------------
 ------------------------------------------------------------
 Test finished, localPet =            0
 ------------------------------------------------------------
 ------------------------------------------------------------
  PASS  System Test FieldBundleRedistBlk2Arb, ESMF_FieldBundleRedistBlk2ArbSTest.F90, line 347
