build time -- 2021-04-23 11:58:54.445068
  Beginning Test, file ESMF_TestUTest.F90, line 52
  NUMBER_OF_PROCESSORS           4
  Beginning Test, file ESMF_TestUTest.F90, line 52
  NUMBER_OF_PROCESSORS           4
  PASS  Use of ESMF_Test(), true, ESMF_TestUTest.F90, line 60
  Beginning Test, file ESMF_TestUTest.F90, line 52
  NUMBER_OF_PROCESSORS           4
  PASS  Use of ESMF_Test(), true, ESMF_TestUTest.F90, line 60
  Beginning Test, file ESMF_TestUTest.F90, line 52
  NUMBER_OF_PROCESSORS           4
  PASS  Use of ESMF_Test(), true, ESMF_TestUTest.F90, line 60
  PASS  Use of ESMF_Test(), true, ESMF_TestUTest.F90, line 60
  PASS  Compare identical files, ESMF_TestUTest.F90, line 108
  PASS  Compare identical files, ESMF_TestUTest.F90, line 108
  PASS  Compare identical files, ESMF_TestUTest.F90, line 108
  PASS  Compare non-identical files, ESMF_TestUTest.F90, line 115
  PASS  Compare non-identical files with exception list (non-match), ESMF_TestUTest.F90, line 123
  PASS  Compare non-identical files with exception list (matching), ESMF_TestUTest.F90, line 131
  PASS  Compare non-identical files, ESMF_TestUTest.F90, line 115
  PASS  Compare non-identical files with exception list (non-match), ESMF_TestUTest.F90, line 123
  PASS  Compare non-identical files with exception list (matching), ESMF_TestUTest.F90, line 131
  PASS  Compare identical files, ESMF_TestUTest.F90, line 108
  PASS  Compare non-identical files, ESMF_TestUTest.F90, line 115
  PASS  Compare non-identical files with exception list (non-match), ESMF_TestUTest.F90, line 123
  PASS  Compare non-identical files, ESMF_TestUTest.F90, line 115
  PASS  Compare non-identical files with exception list (non-match), ESMF_TestUTest.F90, line 123
  PASS  Compare non-identical files with exception list (matching), ESMF_TestUTest.F90, line 131
  PASS  Compare non-identical files with exception list (matching), ESMF_TestUTest.F90, line 131
  Ending Test, file ESMF_TestUTest.F90, line 141
  Ending Test, file ESMF_TestUTest.F90, line 141
  Ending Test, file ESMF_TestUTest.F90, line 141
  Ending Test, file ESMF_TestUTest.F90, line 141
  PET           0  Test Elapsed Time    1.4379999999999999       msec.
  PET           1  Test Elapsed Time    1.4879999999999998       msec.
  PET           3  Test Elapsed Time    1.4730000000000003       msec.
  PET           2  Test Elapsed Time    1.4400000000000004       msec.
