build time -- 2021-04-23 11:58:54.445068
  Beginning Test, file ESMF_StateReconcileProxyUTest.F90, line 244
  NUMBER_OF_PROCESSORS           4
  Beginning Test, file ESMF_StateReconcileProxyUTest.F90, line 244
  NUMBER_OF_PROCESSORS           4
  Beginning Test, file ESMF_StateReconcileProxyUTest.F90, line 244
  NUMBER_OF_PROCESSORS           4
  Beginning Test, file ESMF_StateReconcileProxyUTest.F90, line 244
  NUMBER_OF_PROCESSORS           4
  PASS  Reconciling a State, ESMF_StateReconcileProxyUTest.F90, line 283
  PASS  Reconciling a State, ESMF_StateReconcileProxyUTest.F90, line 283
  PASS  Reconciling a State, ESMF_StateReconcileProxyUTest.F90, line 283
  PASS  Reconciling a State, ESMF_StateReconcileProxyUTest.F90, line 283
  PASS  Ensure g1 and g2 are aliases to the same Grid (proxy) Test, ESMF_StateReconcileProxyUTest.F90, line 319
  PASS  Ensure m1 and m2 are aliases to the same Mesh (proxy) Test, ESMF_StateReconcileProxyUTest.F90, line 336
  PASS  Ensure l1 and l2 are aliases to the same LocStream (proxy) Test, ESMF_StateReconcileProxyUTest.F90, line 353
  PASS  Ensure g1 and g2 are aliases to the same Grid (proxy) Test, ESMF_StateReconcileProxyUTest.F90, line 319
  PASS  Ensure m1 and m2 are aliases to the same Mesh (proxy) Test, ESMF_StateReconcileProxyUTest.F90, line 336
  PASS  Ensure l1 and l2 are aliases to the same LocStream (proxy) Test, ESMF_StateReconcileProxyUTest.F90, line 353
  PASS  Ensure g1 and g2 are aliases to the same Grid (proxy) Test, ESMF_StateReconcileProxyUTest.F90, line 319
  PASS  Ensure m1 and m2 are aliases to the same Mesh (proxy) Test, ESMF_StateReconcileProxyUTest.F90, line 336
  PASS  Ensure l1 and l2 are aliases to the same LocStream (proxy) Test, ESMF_StateReconcileProxyUTest.F90, line 353
  PASS  Ensure g1 and g2 are aliases to the same Grid (proxy) Test, ESMF_StateReconcileProxyUTest.F90, line 319
  PASS  Ensure m1 and m2 are aliases to the same Mesh (proxy) Test, ESMF_StateReconcileProxyUTest.F90, line 336
  PASS  Ensure l1 and l2 are aliases to the same LocStream (proxy) Test, ESMF_StateReconcileProxyUTest.F90, line 353
  PASS  Re-Reconciling a State, ESMF_StateReconcileProxyUTest.F90, line 363
  PASS  Ensure Re-Reconcile Field (proxy) persistence Test, ESMF_StateReconcileProxyUTest.F90, line 372
  PASS  Re-Reconciling a State, ESMF_StateReconcileProxyUTest.F90, line 363
  PASS  Ensure Re-Reconcile Field (proxy) persistence Test, ESMF_StateReconcileProxyUTest.F90, line 372
  PASS  Re-Reconciling a State, ESMF_StateReconcileProxyUTest.F90, line 363
  PASS  Ensure Re-Reconcile Field (proxy) persistence Test, ESMF_StateReconcileProxyUTest.F90, line 372
  PASS  Re-Reconciling a State, ESMF_StateReconcileProxyUTest.F90, line 363
  PASS  Ensure Re-Reconcile Field (proxy) persistence Test, ESMF_StateReconcileProxyUTest.F90, line 372
  PASS  Ensure Re-Reconcile FieldBundle (proxy) persistence Test, ESMF_StateReconcileProxyUTest.F90, line 381
  PASS  Ensure Re-Reconcile FieldBundle (proxy) persistence Test, ESMF_StateReconcileProxyUTest.F90, line 381
  PASS  Ensure Re-Reconcile FieldBundle (proxy) persistence Test, ESMF_StateReconcileProxyUTest.F90, line 381
  PASS  Ensure Re-Reconcile FieldBundle (proxy) persistence Test, ESMF_StateReconcileProxyUTest.F90, line 381
  Ending Test, file ESMF_StateReconcileProxyUTest.F90, line 400
  Ending Test, file ESMF_StateReconcileProxyUTest.F90, line 400
  Ending Test, file ESMF_StateReconcileProxyUTest.F90, line 400
  Ending Test, file ESMF_StateReconcileProxyUTest.F90, line 400
  PET           1  Test Elapsed Time    7.0929999999999982       msec.
  PET           2  Test Elapsed Time    6.9489999999999990       msec.
  PET           3  Test Elapsed Time    6.9979999999999993       msec.
  PET           0  Test Elapsed Time    7.1810000000000000       msec.
