build time -- 2021-04-23 11:58:54.445068
 --------------------------------------- 
 Start of  System Test ESMF_AttributeSTest
 --------------------------------------- 
 
  System Test ESMF_AttributeSTest
  SUCCESS:  System Test ESMF_AttributeSTest finished correctly.
 
 --------------------------------------- 
 End of  System Test ESMF_AttributeSTest
 --------------------------------------- 
  PASS  System Test ESMF_AttributeSTest, ESMF_AttributeSTest.F90, line 388
 
  System Test ESMF_AttributeSTest
  SUCCESS:  System Test ESMF_AttributeSTest finished correctly.
 
 
  System Test ESMF_AttributeSTest
  SUCCESS:  System Test ESMF_AttributeSTest finished correctly.
 
 
  System Test ESMF_AttributeSTest
  SUCCESS:  System Test ESMF_AttributeSTest finished correctly.
 
 
  System Test ESMF_AttributeSTest
  SUCCESS:  System Test ESMF_AttributeSTest finished correctly.
 
 
  System Test ESMF_AttributeSTest
  SUCCESS:  System Test ESMF_AttributeSTest finished correctly.
 
  PASS  System Test ESMF_AttributeSTest, ESMF_AttributeSTest.F90, line 388
  PASS  System Test ESMF_AttributeSTest, ESMF_AttributeSTest.F90, line 388
  PASS  System Test ESMF_AttributeSTest, ESMF_AttributeSTest.F90, line 388
  PASS  System Test ESMF_AttributeSTest, ESMF_AttributeSTest.F90, line 388
  PASS  System Test ESMF_AttributeSTest, ESMF_AttributeSTest.F90, line 388
