build time -- 2021-04-23 11:58:54.445068
  Beginning Test, file ESMF_InfoGetInterfaceArrayUTest.F90, line 61
  NUMBER_OF_PROCESSORS           4
  Beginning Test, file ESMF_InfoGetInterfaceArrayUTest.F90, line 61
  NUMBER_OF_PROCESSORS           4
  Beginning Test, file ESMF_InfoGetInterfaceArrayUTest.F90, line 61
  NUMBER_OF_PROCESSORS           4
  Beginning Test, file ESMF_InfoGetInterfaceArrayUTest.F90, line 61
  NUMBER_OF_PROCESSORS           4
  PASS  Get and manipulate an Array attribute, ESMF_InfoGetInterfaceArrayUTest.F90, line 117
  PASS  Get and manipulate an Array attribute, ESMF_InfoGetInterfaceArrayUTest.F90, line 117
  PASS  Get and manipulate an Array attribute, ESMF_InfoGetInterfaceArrayUTest.F90, line 117
  PASS  Deleting a host object and using a handle/view, ESMF_InfoGetInterfaceArrayUTest.F90, line 142
  Ending Test, file ESMF_InfoGetInterfaceArrayUTest.F90, line 149
  PASS  Deleting a host object and using a handle/view, ESMF_InfoGetInterfaceArrayUTest.F90, line 142
  Ending Test, file ESMF_InfoGetInterfaceArrayUTest.F90, line 149
  PASS  Deleting a host object and using a handle/view, ESMF_InfoGetInterfaceArrayUTest.F90, line 142
  Ending Test, file ESMF_InfoGetInterfaceArrayUTest.F90, line 149
  PASS  Get and manipulate an Array attribute, ESMF_InfoGetInterfaceArrayUTest.F90, line 117
  PASS  Deleting a host object and using a handle/view, ESMF_InfoGetInterfaceArrayUTest.F90, line 142
  Ending Test, file ESMF_InfoGetInterfaceArrayUTest.F90, line 149
  PET           3  Test Elapsed Time    4.9710000000000001       msec.
  PET           1  Test Elapsed Time    5.0690000000000008       msec.
  PET           2  Test Elapsed Time    5.1019999999999985       msec.
  PET           0  Test Elapsed Time    5.0979999999999981       msec.
