build time -- 2021-04-23 11:58:54.445068
  Beginning Test, file ESMF_PointListUTest.F90, line 67
  NUMBER_OF_PROCESSORS           4
  Beginning Test, file ESMF_PointListUTest.F90, line 67
  NUMBER_OF_PROCESSORS           4
  Beginning Test, file ESMF_PointListUTest.F90, line 67
  NUMBER_OF_PROCESSORS           4
  Beginning Test, file ESMF_PointListUTest.F90, line 67
  NUMBER_OF_PROCESSORS           4
  PASS  Test creating a PointList from user inputs, ESMF_PointListUTest.F90, line 83
  PASS  Test creating a PointList from user inputs, ESMF_PointListUTest.F90, line 83
  PASS  Test creating a PointList from user inputs, ESMF_PointListUTest.F90, line 83
  PASS  Test creating a PointList from user inputs, ESMF_PointListUTest.F90, line 83
  PASS  Test creating a PointList from existing grid without masking, ESMF_PointListUTest.F90, line 98
  PASS  Test creating a PointList from existing grid without masking, ESMF_PointListUTest.F90, line 98
  PASS  Test creating a PointList from existing grid without masking, ESMF_PointListUTest.F90, line 98
  PASS  Test creating a PointList from existing grid without masking, ESMF_PointListUTest.F90, line 98
  PASS  Test creating a PointList from existing grid with masking, ESMF_PointListUTest.F90, line 114
  PASS  Test creating a PointList from existing grid with masking, ESMF_PointListUTest.F90, line 114
  PASS  Test creating a PointList from existing grid with masking, ESMF_PointListUTest.F90, line 114
  PASS  Test creating a PointList from existing grid with masking, ESMF_PointListUTest.F90, line 114
  PASS  Test creating a PointList from existing mesh via nodes without masking, ESMF_PointListUTest.F90, line 130
  PASS  Test creating a PointList from existing mesh via nodes without masking, ESMF_PointListUTest.F90, line 130
  PASS  Test creating a PointList from existing mesh via nodes without masking, ESMF_PointListUTest.F90, line 130
  PASS  Test creating a PointList from existing mesh via nodes without masking, ESMF_PointListUTest.F90, line 130
  PASS  Test creating a PointList from existing mesh via nodes with masking, ESMF_PointListUTest.F90, line 145
  PASS  Test creating a PointList from existing mesh via nodes with masking, ESMF_PointListUTest.F90, line 145
  PASS  Test creating a PointList from existing mesh via nodes with masking, ESMF_PointListUTest.F90, line 145
  PASS  Test creating a PointList from existing mesh via nodes with masking, ESMF_PointListUTest.F90, line 145
  PASS  Test creating a PointList from existing mesh via elements without masking, ESMF_PointListUTest.F90, line 160
  PASS  Test creating a PointList from existing mesh via elements without masking, ESMF_PointListUTest.F90, line 160
  PASS  Test creating a PointList from existing mesh via elements without masking, ESMF_PointListUTest.F90, line 160
  PASS  Test creating a PointList from existing mesh via elements without masking, ESMF_PointListUTest.F90, line 160
  PASS  Test creating a PointList from existing mesh via elements with masking, ESMF_PointListUTest.F90, line 176
  PASS  Test creating a PointList from existing mesh via elements with masking, ESMF_PointListUTest.F90, line 176
  PASS  Test creating a PointList from existing mesh via elements with masking, ESMF_PointListUTest.F90, line 176
  PASS  Test creating a PointList from existing mesh via elements with masking, ESMF_PointListUTest.F90, line 176
  PASS  Test creating a PointList from existing LocStream without masking, ESMF_PointListUTest.F90, line 191
  PASS  Test creating a PointList from existing LocStream without masking, ESMF_PointListUTest.F90, line 191
  PASS  Test creating a PointList from existing LocStream without masking, ESMF_PointListUTest.F90, line 191
  PASS  Test creating a PointList from existing LocStream without masking, ESMF_PointListUTest.F90, line 191
  PASS  Test creating a PointList from existing LocStream with masking, ESMF_PointListUTest.F90, line 206
  PASS  Test creating a PointList from existing LocStream with masking, ESMF_PointListUTest.F90, line 206
  PASS  Test creating a PointList from existing LocStream with masking, ESMF_PointListUTest.F90, line 206
  PASS  Test creating a PointList from existing LocStream with masking, ESMF_PointListUTest.F90, line 206
  PASS  Test creating a PointList from existing mesh via nodes without masking, empty proc, ESMF_PointListUTest.F90, line 221
  Ending Test, file ESMF_PointListUTest.F90, line 226
  PASS  Test creating a PointList from existing mesh via nodes without masking, empty proc, ESMF_PointListUTest.F90, line 221
  Ending Test, file ESMF_PointListUTest.F90, line 226
  PASS  Test creating a PointList from existing mesh via nodes without masking, empty proc, ESMF_PointListUTest.F90, line 221
  Ending Test, file ESMF_PointListUTest.F90, line 226
  PASS  Test creating a PointList from existing mesh via nodes without masking, empty proc, ESMF_PointListUTest.F90, line 221
  Ending Test, file ESMF_PointListUTest.F90, line 226
  PET           2  Test Elapsed Time    3.0939999999999994       msec.
  PET           0  Test Elapsed Time    3.0710000000000006       msec.
  PET           1  Test Elapsed Time    3.0290000000000004       msec.
  PET           3  Test Elapsed Time    3.0440000000000000       msec.
