build time -- 2021-04-23 11:58:54.445068
  Beginning Test, file ESMF_FortranWordsizeUTest.F90, line 76
  Beginning Test, file ESMF_FortranWordsizeUTest.F90, line 76
  NUMBER_OF_PROCESSORS           4
  Beginning Test, file ESMF_FortranWordsizeUTest.F90, line 76
  NUMBER_OF_PROCESSORS           4
 Size of default integer:            4  bytes
  Beginning Test, file ESMF_FortranWordsizeUTest.F90, line 76
  NUMBER_OF_PROCESSORS           4
 Size of default integer:            4  bytes
  NUMBER_OF_PROCESSORS           4
 Size of default integer:            4  bytes
  PASS  Getting size of default integer, ESMF_FortranWordsizeUTest.F90, line 87
  PASS  Dummy test to keep number of tests correct, ESMF_FortranWordsizeUTest.F90, line 100
 Size of default integer:            4  bytes
  PASS  Getting size of default integer, ESMF_FortranWordsizeUTest.F90, line 87
  PASS  Dummy test to keep number of tests correct, ESMF_FortranWordsizeUTest.F90, line 100
  PASS  Getting size of default integer, ESMF_FortranWordsizeUTest.F90, line 87
  PASS  Dummy test to keep number of tests correct, ESMF_FortranWordsizeUTest.F90, line 100
  PASS  Getting size of default integer, ESMF_FortranWordsizeUTest.F90, line 87
  PASS  Dummy test to keep number of tests correct, ESMF_FortranWordsizeUTest.F90, line 100
  PASS  Dummy test to keep number of tests correct, ESMF_FortranWordsizeUTest.F90, line 113
 Size of ESMF_KIND_I4 integer:            4  bytes
  PASS  Getting size of ESMF_KIND_I4 integer, ESMF_FortranWordsizeUTest.F90, line 123
 Size of ESMF_KIND_I8 integer:            8  bytes
  PASS  Getting size of ESMF_KIND_I8 integer, ESMF_FortranWordsizeUTest.F90, line 132
  PASS  Dummy test to keep number of tests correct, ESMF_FortranWordsizeUTest.F90, line 113
 Size of ESMF_KIND_I4 integer:            4  bytes
  PASS  Getting size of ESMF_KIND_I4 integer, ESMF_FortranWordsizeUTest.F90, line 123
 Size of ESMF_KIND_I8 integer:            8  bytes
  PASS  Getting size of ESMF_KIND_I8 integer, ESMF_FortranWordsizeUTest.F90, line 132
  PASS  Dummy test to keep number of tests correct, ESMF_FortranWordsizeUTest.F90, line 113
 Size of ESMF_KIND_I4 integer:            4  bytes
  PASS  Getting size of ESMF_KIND_I4 integer, ESMF_FortranWordsizeUTest.F90, line 123
 Size of ESMF_KIND_I8 integer:            8  bytes
  PASS  Getting size of ESMF_KIND_I8 integer, ESMF_FortranWordsizeUTest.F90, line 132
  PASS  Dummy test to keep number of tests correct, ESMF_FortranWordsizeUTest.F90, line 113
 Size of ESMF_KIND_I4 integer:            4  bytes
  PASS  Getting size of ESMF_KIND_I4 integer, ESMF_FortranWordsizeUTest.F90, line 123
 Size of ESMF_KIND_I8 integer:            8  bytes
  PASS  Getting size of ESMF_KIND_I8 integer, ESMF_FortranWordsizeUTest.F90, line 132
 Size of default real:            4  bytes
  PASS  Getting size of default real, ESMF_FortranWordsizeUTest.F90, line 142
 Size of default real:            4  bytes
  PASS  Getting size of default real, ESMF_FortranWordsizeUTest.F90, line 142
 Size of default real:            4  bytes
  PASS  Getting size of default real, ESMF_FortranWordsizeUTest.F90, line 142
 Size of default real:            4  bytes
  PASS  Getting size of default real, ESMF_FortranWordsizeUTest.F90, line 142
 Size of ESMF_KIND_R4 real:            4  bytes
  PASS  Getting size of ESMF_KIND_R4 real, ESMF_FortranWordsizeUTest.F90, line 151
 Size of ESMF_KIND_R4 real:            4  bytes
  PASS  Getting size of ESMF_KIND_R4 real, ESMF_FortranWordsizeUTest.F90, line 151
 Size of ESMF_KIND_R4 real:            4  bytes
  PASS  Getting size of ESMF_KIND_R4 real, ESMF_FortranWordsizeUTest.F90, line 151
 Size of ESMF_KIND_R4 real:            4  bytes
  PASS  Getting size of ESMF_KIND_R4 real, ESMF_FortranWordsizeUTest.F90, line 151
 Size of ESMF_KIND_R8 real:            8  bytes
  PASS  Getting size of ESMF_KIND_R8 real, ESMF_FortranWordsizeUTest.F90, line 160
 Size of ESMF_KIND_R8 real:            8  bytes
  PASS  Getting size of ESMF_KIND_R8 real, ESMF_FortranWordsizeUTest.F90, line 160
 Size of ESMF_KIND_R8 real:            8  bytes
  PASS  Getting size of ESMF_KIND_R8 real, ESMF_FortranWordsizeUTest.F90, line 160
 Size of ESMF_KIND_R8 real:            8  bytes
  PASS  Getting size of ESMF_KIND_R8 real, ESMF_FortranWordsizeUTest.F90, line 160
  Ending Test, file ESMF_FortranWordsizeUTest.F90, line 162
  Ending Test, file ESMF_FortranWordsizeUTest.F90, line 162
  Ending Test, file ESMF_FortranWordsizeUTest.F90, line 162
  Ending Test, file ESMF_FortranWordsizeUTest.F90, line 162
  PET           3  Test Elapsed Time    1.1730000000000005       msec.
  PET           1  Test Elapsed Time    1.2460000000000007       msec.
  PET           0  Test Elapsed Time    1.2960000000000003       msec.
  PET           2  Test Elapsed Time    1.2739999999999991       msec.
