build time -- 2021-04-23 11:58:54.445068
 System Test CompCreate:
 System Test CompCreate:
 System Test CompCreate:
 System Test CompCreate:
 Gridded Component:
  Component name = System Test CompCreate
 Comp Create finished, name = System Test CompCreate
 Gridded Component:
  Component name = System Test CompCreate
 Comp Create finished, name = System Test CompCreate
 Gridded Component:
  Component name = System Test CompCreate
 Comp Create finished, name = System Test CompCreate
 Gridded Component:
  Component name = System Test CompCreate
 Comp Create finished, name = System Test CompCreate
 Comp SetVM finished, rc=            0
 Comp SetVM finished, rc=            0
 Comp SetVM finished, rc=            0
 Comp SetVM finished, rc=            0
 In user register routine
 In user register routine
 Registered Initialize, Run, and Finalize routines
 Registered local datablock
  initial data =          13  0.660000026              25
 Comp Register finished, rc=            0
 first init routine called
 Comp Initialize 1 finished
 User Comp Init 2 starting
 Gridded Component:
 In user register routine
 Registered Initialize, Run, and Finalize routines
 Registered local datablock
  initial data =          13  0.660000026              25
 Comp Register finished, rc=            0
 first init routine called
 Comp Initialize 1 finished
 User Comp Init 2 starting
 Gridded Component:
  Component name = System Test CompCreate
 Registered Initialize, Run, and Finalize routines
 Registered local datablock
  initial data =          13  0.660000026              25
 Comp Register finished, rc=            0
 first init routine called
 Comp Initialize 1 finished
 User Comp Init 2 starting
 Gridded Component:
  Component name = System Test CompCreate
  Component name = System Test CompCreate
 ESMF_StatePrint: (pet 2):
 ESMF_StatePrint: (pet 1):
  State name: igrid export state
  State name: igrid export state
     status: Export State, object count: 0
     status: Export State, object count: 0
 ESMF_StatePrint: (pet 3):
  State name: igrid export state
     reconcile needed: F
     reconcile needed: F
     status: Export State, object count: 0
     reconcile needed: F
 Base name    = igrid export state
 Base name    = igrid export state
 Base name    = igrid export state
 Status: Base = Ready,  object = Ready
 Proxy        = no
 Status: Base = Ready,  object = Ready
 Proxy        = no
 Root Info (Attributes):
 Status: Base = Ready,  object = Ready
 Proxy        = no
 Root Info (Attributes):
 Root Info (Attributes):
{}{}{} init, ready to call get data ptr
 init, back from data ptr
 init, ready to call get data ptr
 init, back from data ptr
 init, ready to call get data ptr
 init, back from data ptr
 init, data =           13  0.660000026              25
 init, data =           13  0.660000026              25
 init, data =           13  0.660000026              25
 ESMF_StatePrint: (pet 1):
  State name: igrid export state
     status: Export State, object count: 1
     reconcile needed: T
 Base name    = igrid export state
 Status: Base = Ready,  object = Ready
 Proxy        = no
 Root Info (Attributes):
{}     object: 1,name: humidity
            type: Field
 User Comp Init returning
 Comp Initialize 2 finished
 User Comp Run starting
 ESMF_StatePrint: (pet 2):
  State name: igrid export state
     status: Export State, object count: 1
     reconcile needed: T
 Base name    = igrid export state
 Status: Base = Ready,  object = Ready
 Proxy        = no
 Root Info (Attributes):
{}     object: 1,name: humidity
            type: Field
 User Comp Init returning
 Comp Initialize 2 finished
 User Comp Run starting
 ESMF_StatePrint: (pet 3):
  State name: igrid export state
     status: Export State, object count: 1
     reconcile needed: T
 Base name    = igrid export state
 Status: Base = Ready,  object = Ready
 Proxy        = no
 Root Info (Attributes):
{}     object: 1,name: humidity
            type: Field
 User Comp Init returning
 Comp Initialize 2 finished
 User Comp Run starting
 in run, ready to get data block
 run, local data =          13  0.660000026              25
 in run, ready to get data block
 run, local data =          13  0.660000026              25
 in run, ready to get data block
 run, local data =          13  0.660000026              25
 ESMF_StatePrint: (pet 1):
  State name: igrid import state
     status: Import State, object count: 1
     reconcile needed: T
 ESMF_StatePrint: (pet 2):
  State name: igrid import state
     status: Import State, object count: 1
     reconcile needed: T
 ESMF_StatePrint: (pet 3):
  State name: igrid import state
     status: Import State, object count: 1
     reconcile needed: T
 Base name    = igrid import state
 Status: Base = Ready,  object = Ready
 Proxy        = no
 Root Info (Attributes):
{}     object: 1,name: humidity
            type: Field
 Base name    = igrid import state
 Status: Base = Ready,  object = Ready
 Proxy        = no
 Root Info (Attributes):
{}     object: 1,name: humidity
            type: Field
 Base name    = igrid import state
 Status: Base = Ready,  object = Ready
 Proxy        = no
 Root Info (Attributes):
{}     object: 1,name: humidity
            type: Field
 Field Print Starts ====>
 Field base status = Ready
   Name = 'humidity'
 Field Print Starts ====>
 Field base status = Ready
   Name = 'humidity'
 Field Print Starts ====>
 Field base status = Ready
   Name = 'humidity'
 Base name    = humidity
 Status: Base = Ready,  object = Ready
 Proxy        = no
 Root Info (Attributes):
{} Field status =            2
 gridToFieldMap ungriddedLBound ungriddedUBound totalLWidth totalUWidth
 Base name    = humidity
 Status: Base = Ready,  object = Ready
 Proxy        = no
 Root Info (Attributes):
{} Field status =            2
 gridToFieldMap ungriddedLBound ungriddedUBound totalLWidth totalUWidth
          -1          -1          -1               -1          -1
 Base name    = humidity
 Status: Base = Ready,  object = Ready
 Proxy        = no
 Root Info (Attributes):
{} Field status =            2
 gridToFieldMap ungriddedLBound ungriddedUBound totalLWidth totalUWidth
          -1          -1          -1               -1          -1
          -1          -1          -1               -1          -1
          -1          -1          -1               -1          -1
          -1          -1          -1               -1          -1
          -1          -1          -1               -1          -1
          -1          -1          -1               -1          -1
          -1          -1          -1               -1          -1
          -1          -1          -1               -1          -1
          -1          -1          -1               -1          -1
          -1          -1          -1               -1          -1
          -1          -1          -1               -1          -1
          -1          -1          -1               -1          -1
          -1          -1          -1               -1          -1
          -1          -1          -1               -1          -1
          -1          -1          -1               -1          -1
          -1          -1          -1               -1          -1
 Field Print Ends   ====>
          -1          -1          -1               -1          -1
          -1          -1          -1               -1          -1
          -1          -1          -1               -1          -1
 Field Print Ends   ====>
 ESMF_StatePrint: (pet 1):
  State name: igrid export state
          -1          -1          -1               -1          -1
 Field Print Ends   ====>
 ESMF_StatePrint: (pet 3):
  State name: igrid export state
     status: Export State, object count: 1
     reconcile needed: T
 Base name    = igrid export state
 Status: Base = Ready,  object = Ready
 Proxy        = no
 ESMF_StatePrint: (pet 2):
  State name: igrid export state
     status: Export State, object count: 1
     reconcile needed: T
 Base name    = igrid export state
 Status: Base = Ready,  object = Ready
     status: Export State, object count: 1
     reconcile needed: T
 Base name    = igrid export state
 Status: Base = Ready,  object = Ready
 Proxy        = no
 Root Info (Attributes):
{} Root Info (Attributes):
{}     object: 1,name: humidity
 Proxy        = no
 Root Info (Attributes):
{}            type: Field
 User Comp Run returning
 Comp Run returned first time
     object: 1,name: humidity
            type: Field
 User Comp Run returning
 Comp Run returned first time
     object: 1,name: humidity
            type: Field
 User Comp Run returning
 Comp Run returned first time
 User Comp Run starting
 in run, ready to get data block
 run, local data =          13  0.660000026              25
 User Comp Run starting
 in run, ready to get data block
 User Comp Run starting
 in run, ready to get data block
 run, local data =          13  0.660000026              25
 run, local data =          13  0.660000026              25
 ESMF_StatePrint: (pet 1):
  State name: igrid import state
 ESMF_StatePrint: (pet 2):
  State name: igrid import state
     status: Import State, object count: 1
     reconcile needed: T
 Base name    = igrid import state
 ESMF_StatePrint: (pet 3):
  State name: igrid import state
     status: Import State, object count: 1
     reconcile needed: T
 Status: Base = Ready,  object = Ready
 Proxy        = no
 Root Info (Attributes):
{}     status: Import State, object count: 1
     reconcile needed: T
 Base name    = igrid import state
 Status: Base = Ready,  object = Ready
 Proxy        = no
 Root Info (Attributes):
 Base name    = igrid import state
 Status: Base = Ready,  object = Ready
 Proxy        = no
 Root Info (Attributes):
{}{}     object: 1,name: humidity
            type: Field
     object: 1,name: humidity
            type: Field
 Field Print Starts ====>
 Field base status = Ready
     object: 1,name: humidity
            type: Field
 Field Print Starts ====>
 Field base status = Ready
   Name = 'humidity'
   Name = 'humidity'
 Base name    = humidity
 Status: Base = Ready,  object = Ready
 Proxy        = no
 Root Info (Attributes):
{} Field status =            2
 Field Print Starts ====>
 Field base status = Ready
   Name = 'humidity'
 Base name    = humidity
 Status: Base = Ready,  object = Ready
 Proxy        = no
 Root Info (Attributes):
 Base name    = humidity
 Status: Base = Ready,  object = Ready
 Proxy        = no
 Root Info (Attributes):
{}{} Field status =            2
 gridToFieldMap ungriddedLBound ungriddedUBound totalLWidth totalUWidth
 gridToFieldMap ungriddedLBound ungriddedUBound totalLWidth totalUWidth
          -1          -1          -1               -1          -1
          -1          -1          -1               -1          -1
          -1          -1          -1               -1          -1
          -1          -1          -1               -1          -1
 Field status =            2
 gridToFieldMap ungriddedLBound ungriddedUBound totalLWidth totalUWidth
          -1          -1          -1               -1          -1
          -1          -1          -1               -1          -1
          -1          -1          -1               -1          -1
          -1          -1          -1               -1          -1
          -1          -1          -1               -1          -1
          -1          -1          -1               -1          -1
 Field Print Ends   ====>
          -1          -1          -1               -1          -1
          -1          -1          -1               -1          -1
          -1          -1          -1               -1          -1
          -1          -1          -1               -1          -1
          -1          -1          -1               -1          -1
          -1          -1          -1               -1          -1
          -1          -1          -1               -1          -1
          -1          -1          -1               -1          -1
          -1          -1          -1               -1          -1
          -1          -1          -1               -1          -1
 Field Print Ends   ====>
          -1          -1          -1               -1          -1
 Field Print Ends   ====>
 ESMF_StatePrint: (pet 1):
  State name: igrid export state
 ESMF_StatePrint: (pet 2):
  State name: igrid export state
     status: Export State, object count: 1
     reconcile needed: T
 ESMF_StatePrint: (pet 3):
  State name: igrid export state
     status: Export State, object count: 1
 Base name    = igrid export state
 Status: Base = Ready,  object = Ready
 Proxy        = no
 Root Info (Attributes):
     status: Export State, object count: 1
     reconcile needed: T
 Base name    = igrid export state
 Status: Base = Ready,  object = Ready
     reconcile needed: T
 Base name    = igrid export state
 Status: Base = Ready,  object = Ready
 Proxy        = no
 Proxy        = no
 Root Info (Attributes):
{}     object: 1,name: humidity
            type: Field
 User Comp Run returning
{}     object: 1,name: humidity
            type: Field
 User Comp Run returning
 Comp Run returned second time
 Root Info (Attributes):
{}     object: 1,name: humidity
            type: Field
 User Comp Run returning
 Comp Run returned second time
 User Comp Run starting
 in run, ready to get data block
 run, local data =          13  0.660000026              25
 Comp Run returned second time
 User Comp Run starting
 User Comp Run starting
 in run, ready to get data block
 run, local data =          13  0.660000026              25
 ESMF_StatePrint: (pet 1):
  State name: igrid import state
 ESMF_StatePrint: (pet 2):
  State name: igrid import state
     status: Import State, object count: 1
     reconcile needed: T
 Base name    = igrid import state
 in run, ready to get data block
 run, local data =          13  0.660000026              25
 ESMF_StatePrint: (pet 3):
  State name: igrid import state
     status: Import State, object count: 1
 Status: Base = Ready,  object = Ready
 Proxy        = no
 Root Info (Attributes):
     status: Import State, object count: 1
     reconcile needed: T
     reconcile needed: T
 Base name    = igrid import state
 Base name    = igrid import state
 Status: Base = Ready,  object = Ready
 Proxy        = no
 Root Info (Attributes):
{}     object: 1,name: humidity
            type: Field
 Field Print Starts ====>
 Status: Base = Ready,  object = Ready
 Proxy        = no
 Root Info (Attributes):
{} Field base status = Ready
{}     object: 1,name: humidity
            type: Field
     object: 1,name: humidity
            type: Field
 Field Print Starts ====>
 Field base status = Ready
   Name = 'humidity'
 Base name    = humidity
   Name = 'humidity'
 Base name    = humidity
 Status: Base = Ready,  object = Ready
 Proxy        = no
 Root Info (Attributes):
 Field Print Starts ====>
 Field base status = Ready
   Name = 'humidity'
 Base name    = humidity
 Status: Base = Ready,  object = Ready
{} Field status =            2
 Status: Base = Ready,  object = Ready
 Proxy        = no
 Root Info (Attributes):
 Proxy        = no
 Root Info (Attributes):
{} Field status =            2
 gridToFieldMap ungriddedLBound ungriddedUBound totalLWidth totalUWidth
 gridToFieldMap ungriddedLBound ungriddedUBound totalLWidth totalUWidth
          -1          -1          -1               -1          -1
          -1          -1          -1               -1          -1
          -1          -1          -1               -1          -1
{} Field status =            2
 gridToFieldMap ungriddedLBound ungriddedUBound totalLWidth totalUWidth
          -1          -1          -1               -1          -1
          -1          -1          -1               -1          -1
          -1          -1          -1               -1          -1
          -1          -1          -1               -1          -1
          -1          -1          -1               -1          -1
          -1          -1          -1               -1          -1
          -1          -1          -1               -1          -1
          -1          -1          -1               -1          -1
          -1          -1          -1               -1          -1
          -1          -1          -1               -1          -1
          -1          -1          -1               -1          -1
 Field Print Ends   ====>
          -1          -1          -1               -1          -1
          -1          -1          -1               -1          -1
 Field Print Ends   ====>
 ESMF_StatePrint: (pet 2):
  State name: igrid export state
          -1          -1          -1               -1          -1
          -1          -1          -1               -1          -1
          -1          -1          -1               -1          -1
          -1          -1          -1               -1          -1
          -1          -1          -1               -1          -1
     status: Export State, object count: 1
     reconcile needed: T
 ESMF_StatePrint: (pet 1):
  State name: igrid export state
 Field Print Ends   ====>
 ESMF_StatePrint: (pet 3):
     status: Export State, object count: 1
     reconcile needed: T
 Base name    = igrid export state
 Status: Base = Ready,  object = Ready
 Proxy        = no
 Root Info (Attributes):
{} Base name    = igrid export state
 Status: Base = Ready,  object = Ready
 Proxy        = no
 Root Info (Attributes):
{}     object: 1,name: humidity
            type: Field
  State name: igrid export state
     status: Export State, object count: 1
     reconcile needed: T
 Base name    = igrid export state
 Status: Base = Ready,  object = Ready
 Proxy        = no
 User Comp Run returning
 Comp Run returned third time
     object: 1,name: humidity
            type: Field
 User Comp Run returning
 Comp Run returned third time
 Root Info (Attributes):
{}     object: 1,name: humidity
            type: Field
 User Comp Final starting
 final, ready to call get data ptr
 User Comp Final starting
 final, ready to call get data ptr
 final, local data =          13  0.660000026              25
 User Comp Run returning
 Comp Run returned third time
 final, local data =          13  0.660000026              25
 User Comp Final starting
 final, ready to call get data ptr
 User Comp Final returning
 -----------------------------------------------------------------
 -----------------------------------------------------------------
 Test finished, my_pet =            2
 -----------------------------------------------------------------
 User Comp Final returning
 -----------------------------------------------------------------
 -----------------------------------------------------------------
 final, local data =          13  0.660000026              25
 User Comp Final returning
 Test finished, my_pet =            1
 -----------------------------------------------------------------
 -----------------------------------------------------------------
 Comp Finalize returned
 -----------------------------------------------------------------
 -----------------------------------------------------------------
 -----------------------------------------------------------------
 Comp Finalize returned
 Test finished, my_pet =            3
 -----------------------------------------------------------------
 -----------------------------------------------------------------
 Comp Finalize returned
 All Destroy routines done
 System Test CompCreate complete
 All Destroy routines done
 System Test CompCreate complete
 All Destroy routines done
 System Test CompCreate complete
  PASS  System Test CompCreate: Component Create Test, ESMF_CompCreateSTest.F90, line 199
  PASS  System Test CompCreate: Component Create Test, ESMF_CompCreateSTest.F90, line 199
  PASS  System Test CompCreate: Component Create Test, ESMF_CompCreateSTest.F90, line 199
 In user register routine
 Registered Initialize, Run, and Finalize routines
 Registered local datablock
  initial data =          13  0.660000026              25
 Comp Register finished, rc=            0
 first init routine called
 Comp Initialize 1 finished
 User Comp Init 2 starting
 Gridded Component:
  Component name = System Test CompCreate
 ESMF_StatePrint: (pet 0):
  State name: igrid export state
     status: Export State, object count: 0
     reconcile needed: F
 Base name    = igrid export state
 Status: Base = Ready,  object = Ready
 Proxy        = no
 Root Info (Attributes):
{} init, ready to call get data ptr
 init, back from data ptr
 init, data =           13  0.660000026              25
 ESMF_StatePrint: (pet 0):
  State name: igrid export state
     status: Export State, object count: 1
     reconcile needed: T
 Base name    = igrid export state
 Status: Base = Ready,  object = Ready
 Proxy        = no
 Root Info (Attributes):
{}     object: 1,name: humidity
            type: Field
 User Comp Init returning
 Comp Initialize 2 finished
 User Comp Run starting
 in run, ready to get data block
 run, local data =          13  0.660000026              25
 ESMF_StatePrint: (pet 0):
  State name: igrid import state
     status: Import State, object count: 1
     reconcile needed: T
 Base name    = igrid import state
 Status: Base = Ready,  object = Ready
 Proxy        = no
 Root Info (Attributes):
{}     object: 1,name: humidity
            type: Field
 Field Print Starts ====>
 Field base status = Ready
   Name = 'humidity'
 Base name    = humidity
 Status: Base = Ready,  object = Ready
 Proxy        = no
 Root Info (Attributes):
{} Field status =            2
 gridToFieldMap ungriddedLBound ungriddedUBound totalLWidth totalUWidth
          -1          -1          -1               -1          -1
          -1          -1          -1               -1          -1
          -1          -1          -1               -1          -1
          -1          -1          -1               -1          -1
          -1          -1          -1               -1          -1
          -1          -1          -1               -1          -1
          -1          -1          -1               -1          -1
 Field Print Ends   ====>
 ESMF_StatePrint: (pet 0):
  State name: igrid export state
     status: Export State, object count: 1
     reconcile needed: T
 Base name    = igrid export state
 Status: Base = Ready,  object = Ready
 Proxy        = no
 Root Info (Attributes):
{}     object: 1,name: humidity
            type: Field
 User Comp Run returning
 Comp Run returned first time
 User Comp Run starting
 in run, ready to get data block
 run, local data =          13  0.660000026              25
 ESMF_StatePrint: (pet 0):
  State name: igrid import state
     status: Import State, object count: 1
     reconcile needed: T
 Base name    = igrid import state
 Status: Base = Ready,  object = Ready
 Proxy        = no
 Root Info (Attributes):
{}     object: 1,name: humidity
            type: Field
 Field Print Starts ====>
 Field base status = Ready
   Name = 'humidity'
 Base name    = humidity
 Status: Base = Ready,  object = Ready
 Proxy        = no
 Root Info (Attributes):
{} Field status =            2
 gridToFieldMap ungriddedLBound ungriddedUBound totalLWidth totalUWidth
          -1          -1          -1               -1          -1
          -1          -1          -1               -1          -1
          -1          -1          -1               -1          -1
          -1          -1          -1               -1          -1
          -1          -1          -1               -1          -1
          -1          -1          -1               -1          -1
          -1          -1          -1               -1          -1
 Field Print Ends   ====>
 ESMF_StatePrint: (pet 0):
  State name: igrid export state
     status: Export State, object count: 1
     reconcile needed: T
 Base name    = igrid export state
 Status: Base = Ready,  object = Ready
 Proxy        = no
 Root Info (Attributes):
{}     object: 1,name: humidity
            type: Field
 User Comp Run returning
 Comp Run returned second time
 User Comp Run starting
 in run, ready to get data block
 run, local data =          13  0.660000026              25
 ESMF_StatePrint: (pet 0):
  State name: igrid import state
     status: Import State, object count: 1
     reconcile needed: T
 Base name    = igrid import state
 Status: Base = Ready,  object = Ready
 Proxy        = no
 Root Info (Attributes):
{}     object: 1,name: humidity
            type: Field
 Field Print Starts ====>
 Field base status = Ready
   Name = 'humidity'
 Base name    = humidity
 Status: Base = Ready,  object = Ready
 Proxy        = no
 Root Info (Attributes):
{} Field status =            2
 gridToFieldMap ungriddedLBound ungriddedUBound totalLWidth totalUWidth
          -1          -1          -1               -1          -1
          -1          -1          -1               -1          -1
          -1          -1          -1               -1          -1
          -1          -1          -1               -1          -1
          -1          -1          -1               -1          -1
          -1          -1          -1               -1          -1
          -1          -1          -1               -1          -1
 Field Print Ends   ====>
 ESMF_StatePrint: (pet 0):
  State name: igrid export state
     status: Export State, object count: 1
     reconcile needed: T
 Base name    = igrid export state
 Status: Base = Ready,  object = Ready
 Proxy        = no
 Root Info (Attributes):
{}     object: 1,name: humidity
            type: Field
 User Comp Run returning
 Comp Run returned third time
 User Comp Final starting
 final, ready to call get data ptr
 final, local data =          13  0.660000026              25
 User Comp Final returning
 -----------------------------------------------------------------
 -----------------------------------------------------------------
 Test finished, my_pet =            0
 -----------------------------------------------------------------
 -----------------------------------------------------------------
 Comp Finalize returned
 All Destroy routines done
 System Test CompCreate complete
  PASS  System Test CompCreate: Component Create Test, ESMF_CompCreateSTest.F90, line 199
