build time -- 2021-04-23 12:43:04.760193
Name: Array002	  Convention: customconvention2	  Purpose: custompurpose2	

Custom1	Custom2	Custom3	
