build time -- 2021-04-23 12:43:04.760193
Name: gridcomp	  Convention: customconvention2	  Purpose: custompurpose2	


