build time -- 2021-04-23 12:43:04.760193
Beginning Test, file ESMC_LocStreamUTest.C, line 53
NUMBER_OF_PROCESSORS 4
PASS LocStreamCreateLocal, ESMC_LocStreamUTest.C, line 62
PASS LocStreamAddKeyAlloc, ESMC_LocStreamUTest.C, line 70
PASS LocStreamGetKeyPtr, ESMC_LocStreamUTest.C, line 89
PASS LocStreamGetKeyPtr, ESMC_LocStreamUTest.C, line 99
PASS LocStreamGetBounds, ESMC_LocStreamUTest.C, line 107
PASS Create ESMC_Field object on LocStream, ESMC_LocStreamUTest.C, line 116
PASS Destroy ESMC_Field object from LocStream, ESMC_LocStreamUTest.C, line 124
PASS Destroy ESMC_LocStream object, ESMC_LocStreamUTest.C, line 132
Ending Test, file ESMC_LocStreamUTest.C, line 136
Beginning Test, file ESMC_LocStreamUTest.C, line 53
NUMBER_OF_PROCESSORS 4
PASS LocStreamCreateLocal, ESMC_LocStreamUTest.C, line 62
PASS LocStreamAddKeyAlloc, ESMC_LocStreamUTest.C, line 70
PASS LocStreamGetKeyPtr, ESMC_LocStreamUTest.C, line 89
PASS LocStreamGetKeyPtr, ESMC_LocStreamUTest.C, line 99
PASS LocStreamGetBounds, ESMC_LocStreamUTest.C, line 107
PASS Create ESMC_Field object on LocStream, ESMC_LocStreamUTest.C, line 116
PASS Destroy ESMC_Field object from LocStream, ESMC_LocStreamUTest.C, line 124
PASS Destroy ESMC_LocStream object, ESMC_LocStreamUTest.C, line 132
Ending Test, file ESMC_LocStreamUTest.C, line 136
Beginning Test, file ESMC_LocStreamUTest.C, line 53
NUMBER_OF_PROCESSORS 4
PASS LocStreamCreateLocal, ESMC_LocStreamUTest.C, line 62
PASS LocStreamAddKeyAlloc, ESMC_LocStreamUTest.C, line 70
PASS LocStreamGetKeyPtr, ESMC_LocStreamUTest.C, line 89
PASS LocStreamGetKeyPtr, ESMC_LocStreamUTest.C, line 99
PASS LocStreamGetBounds, ESMC_LocStreamUTest.C, line 107
PASS Create ESMC_Field object on LocStream, ESMC_LocStreamUTest.C, line 116
PASS Destroy ESMC_Field object from LocStream, ESMC_LocStreamUTest.C, line 124
PASS Destroy ESMC_LocStream object, ESMC_LocStreamUTest.C, line 132
Ending Test, file ESMC_LocStreamUTest.C, line 136
Beginning Test, file ESMC_LocStreamUTest.C, line 53
NUMBER_OF_PROCESSORS 4
PASS LocStreamCreateLocal, ESMC_LocStreamUTest.C, line 62
PASS LocStreamAddKeyAlloc, ESMC_LocStreamUTest.C, line 70
PASS LocStreamGetKeyPtr, ESMC_LocStreamUTest.C, line 89
PASS LocStreamGetKeyPtr, ESMC_LocStreamUTest.C, line 99
PASS LocStreamGetBounds, ESMC_LocStreamUTest.C, line 107
PASS Create ESMC_Field object on LocStream, ESMC_LocStreamUTest.C, line 116
PASS Destroy ESMC_Field object from LocStream, ESMC_LocStreamUTest.C, line 124
PASS Destroy ESMC_LocStream object, ESMC_LocStreamUTest.C, line 132
Ending Test, file ESMC_LocStreamUTest.C, line 136
 PET 0 Test Elapsed Time  2.025000 msec.
 PET 2 Test Elapsed Time  2.016000 msec.
 PET 3 Test Elapsed Time  2.015000 msec.
 PET 1 Test Elapsed Time  2.063000 msec.
