build time -- 2021-04-23 12:43:04.760193
Beginning Test, file ESMCI_ExceptionsUTest.C, line 63
NUMBER_OF_PROCESSORS 4
Beginning Test, file ESMCI_ExceptionsUTest.C, line 63
NUMBER_OF_PROCESSORS 4
Beginning Test, file ESMCI_ExceptionsUTest.C, line 63
NUMBER_OF_PROCESSORS 4
Beginning Test, file ESMCI_ExceptionsUTest.C, line 63
NUMBER_OF_PROCESSORS 4
PASS Bare throw Test, ESMCI_ExceptionsUTest.C, line 76
PASS Bare throw Test, ESMCI_ExceptionsUTest.C, line 76
PASS Bare throw Test, ESMCI_ExceptionsUTest.C, line 76
PASS Bare throw Test, ESMCI_ExceptionsUTest.C, line 76
PASS Deep throw Test, ESMCI_ExceptionsUTest.C, line 89
PASS Deep throw Test, ESMCI_ExceptionsUTest.C, line 89
PASS Deep throw Test, ESMCI_ExceptionsUTest.C, line 89
PASS Deep throw Test, ESMCI_ExceptionsUTest.C, line 89
PASS ClassNoDestructor throw Test, ESMCI_ExceptionsUTest.C, line 102
PASS ClassNoDestructor throw Test, ESMCI_ExceptionsUTest.C, line 102
PASS ClassNoDestructor throw Test, ESMCI_ExceptionsUTest.C, line 102
PASS ClassNoDestructor throw Test, ESMCI_ExceptionsUTest.C, line 102
PASS ClassWithDestructor throw Test, ESMCI_ExceptionsUTest.C, line 115
PASS ClassWithDestructor throw Test, ESMCI_ExceptionsUTest.C, line 115
Ending Test, file ESMCI_ExceptionsUTest.C, line 119
PASS ClassWithDestructor throw Test, ESMCI_ExceptionsUTest.C, line 115
Ending Test, file ESMCI_ExceptionsUTest.C, line 119
PASS ClassWithDestructor throw Test, ESMCI_ExceptionsUTest.C, line 115
Ending Test, file ESMCI_ExceptionsUTest.C, line 119
Ending Test, file ESMCI_ExceptionsUTest.C, line 119
 PET 0 Test Elapsed Time  1.214000 msec.
 PET 1 Test Elapsed Time  1.214000 msec.
 PET 2 Test Elapsed Time  1.214000 msec.
 PET 3 Test Elapsed Time  2.850000 msec.
