build time -- 2021-04-23 12:43:04.760193
Beginning Test, file ESMC_StateUTest.C, line 53
NUMBER_OF_PROCESSORS 4
Beginning Test, file ESMC_StateUTest.C, line 53
NUMBER_OF_PROCESSORS 4
Beginning Test, file ESMC_StateUTest.C, line 53
NUMBER_OF_PROCESSORS 4
Beginning Test, file ESMC_StateUTest.C, line 53
NUMBER_OF_PROCESSORS 4
PASS StateCreate Unit test, ESMC_StateUTest.C, line 66
PASS StateCreate Unit test, ESMC_StateUTest.C, line 66
PASS StateCreate Unit test, ESMC_StateUTest.C, line 66
PASS StateCreate Unit test, ESMC_StateUTest.C, line 66
PASS ArraySpecSet, ESMC_StateUTest.C, line 75
PASS ArraySpecSet, ESMC_StateUTest.C, line 75
PASS ArraySpecSet, ESMC_StateUTest.C, line 75
PASS ArraySpecSet, ESMC_StateUTest.C, line 75
PASS Set up minIndex, ESMC_StateUTest.C, line 85
PASS Set up minIndex, ESMC_StateUTest.C, line 85
PASS Set up minIndex, ESMC_StateUTest.C, line 85
PASS Set up maxIndex, ESMC_StateUTest.C, line 96
PASS Set up minIndex, ESMC_StateUTest.C, line 85
PASS Set up maxIndex, ESMC_StateUTest.C, line 96
PASS Set up maxIndex, ESMC_StateUTest.C, line 96
PASS Set up maxIndex, ESMC_StateUTest.C, line 96
PASS Create 5 x 10 ESMC_DistGrid object, ESMC_StateUTest.C, line 104
PASS Create 5 x 10 ESMC_DistGrid object, ESMC_StateUTest.C, line 104
PASS Create 5 x 10 ESMC_DistGrid object, ESMC_StateUTest.C, line 104
PASS Create 5 x 10 ESMC_DistGrid object, ESMC_StateUTest.C, line 104
--- ESMCI::Array::print start ---
 Base name    = array1
--- ESMCI::Array::print start ---
 Base name    = array1
--- ESMCI::Array::print start ---
 Base name    = array1
 Status: Base = Ready,  object = Ready
 Proxy        = no
 Root Info (Attributes):
--- ESMCI::Array::print start ---
 Status: Base = Ready,  object = Ready
 Proxy        = no
 Root Info (Attributes):
 Status: Base = Ready,  object = Ready
 Proxy        = no
 Root Info (Attributes):
 Base name    = array1
 Status: Base = Ready,  object = Ready
 Proxy        = no
PASS Create ESMC_Array object, ESMC_StateUTest.C, line 112
PASS Retrieve the name of an ESMC_Array object, ESMC_StateUTest.C, line 120
PASS Verify array object name retrieved, ESMC_StateUTest.C, line 128
PASS Initialize data an ESMC_Array object, ESMC_StateUTest.C, line 136
PASS Create ESMC_Array object, ESMC_StateUTest.C, line 112
PASS Retrieve the name of an ESMC_Array object, ESMC_StateUTest.C, line 120
PASS Verify array object name retrieved, ESMC_StateUTest.C, line 128
PASS Initialize data an ESMC_Array object, ESMC_StateUTest.C, line 136
PASS Create ESMC_Array object, ESMC_StateUTest.C, line 112
PASS Retrieve the name of an ESMC_Array object, ESMC_StateUTest.C, line 120
PASS Verify array object name retrieved, ESMC_StateUTest.C, line 128
PASS Initialize data an ESMC_Array object, ESMC_StateUTest.C, line 136
PASS Create ESMC_Array object, ESMC_StateUTest.C, line 112
PASS Retrieve the name of an ESMC_Array object, ESMC_StateUTest.C, line 120
PASS Verify array object name retrieved, ESMC_StateUTest.C, line 128
PASS Initialize data an ESMC_Array object, ESMC_StateUTest.C, line 136
 Root Info (Attributes):
{}Array typekind/rank: Integer*4 / 2 
~ lower class' values ~
DistGrid dimCount = 2
deCount = 4
localDeCount = 1
~ local data in LocalArray for DE 0 ~
LocalArrayPrint: Array at address 0x1b03b30:
            rank = 2, typekind = 3, base_addr = 0x1b8cc10
            dim[0] = 2  dim[1] = 10  
  Integer, *4, Dim 2, Data values:
( 1, 1) =  28888176
( 2, 1) =  0
( 1, 2) =  2037539186
( 2, 2) =  1769300512
( 1, 3) =  1814062188
( 2, 3) =  1952539503
( 1, 4) =  544108393
( 2, 4) =  1747918906
( 1, 5) =  795176303
{}Array typekind/rank: Integer*4 / 2 
~ lower class' values ~
DistGrid dimCount = 2
deCount = 4
localDeCount = 1
~ local data in LocalArray for DE 2 ~
LocalArrayPrint: Array at address 0x1d94b30:
            rank = 2, typekind = 3, base_addr = 0x1e14d60
            dim[0] = 1  dim[1] = 10  
  Integer, *4, Dim 2, Data values:
( 1, 1) =  31578848
( 1, 2) =  0
( 1, 3) =  0
( 1, 4) =  0
( 1, 5) =  0
( 1, 6) =  0
( 1, 7) =  0
( 1, 8) =  0
( 1, 9) =  0
( 1,10) =  0
{}Array typekind/rank: Integer*4 / 2 
~ lower class' values ~
DistGrid dimCount = 2
deCount = 4
localDeCount = 1
~ local data in LocalArray for DE 1 ~
LocalArrayPrint: Array at address 0x17ccb30:
            rank = 2, typekind = 3, base_addr = 0x1855c40
            dim[0] = 1  dim[1] = 10  
  Integer, *4, Dim 2, Data values:
( 1, 1) =  25480560
( 1, 2) =  0
( 1, 3) =  0
( 1, 4) =  0
( 1, 5) =  0
( 1, 6) =  0
( 1, 7) =  0
( 1, 8) =  0
( 1, 9) =  0
( 1,10) =  0
{}Array typekind/rank: Integer*4 / 2 
dim 1: [0]: [1 [1 [1, 1] 1] 1]
dim 2: [1]: [1 [1 [1, 10] 10] 10]
--- ESMCI::Array::print end ---
( 2, 5) =  1953460333
( 1, 6) =  1731162996
( 2, 6) =  1953656678
( 1, 7) =  1601069426
( 2, 7) =  775106105
( 1, 8) =  1886347056
dim 1: [0]: [1 [1 [1, 1] 1] 1]
dim 2: [1]: [1 [1 [1, 10] 10] 10]
--- ESMCI::Array::print end ---
~ lower class' values ~
DistGrid dimCount = 2
( 2, 8) =  1886219877
( 1, 9) =  1600610153
( 2, 9) =  1702258020
( 1,10) =  -261066900
( 2,10) =  0
dim 1: [0]: [1 [1 [1, 2] 2] 2]
dim 2: [1]: [1 [1 [1, 10] 10] 10]
--- ESMCI::Array::print end ---
PASS Print ESMC_Array object, ESMC_StateUTest.C, line 144
PASS Print ESMC_Array object, ESMC_StateUTest.C, line 144
deCount = 4
localDeCount = 1
~ local data in LocalArray for DE 3 ~
LocalArrayPrint: Array at address 0x1705b30:
            rank = 2, typekind = 3, base_addr = 0x1785990
PASS Print ESMC_Array object, ESMC_StateUTest.C, line 144
            dim[0] = 1  dim[1] = 10  
  Integer, *4, Dim 2, Data values:
( 1, 1) =  24700592
( 1, 2) =  0
( 1, 3) =  0
( 1, 4) =  0
( 1, 5) =  0
( 1, 6) =  0
( 1, 7) =  0
( 1, 8) =  0
( 1, 9) =  0
( 1,10) =  0
dim 1: [0]: [1 [1 [1, 1] 1] 1]
dim 2: [1]: [1 [1 [1, 10] 10] 10]
--- ESMCI::Array::print end ---
PASS Print ESMC_Array object, ESMC_StateUTest.C, line 144
PASS Add an Array to a State object, ESMC_StateUTest.C, line 151
PASS Get an array from a state, based on its name, ESMC_StateUTest.C, line 159
PASS Compare array stored into and array retrieved from a state, ESMC_StateUTest.C, line 167
PASS Add an Array to a State object, ESMC_StateUTest.C, line 151
PASS Get an array from a state, based on its name, ESMC_StateUTest.C, line 159
PASS Compare array stored into and array retrieved from a state, ESMC_StateUTest.C, line 167
PASS Add an Array to a State object, ESMC_StateUTest.C, line 151
PASS Get an array from a state, based on its name, ESMC_StateUTest.C, line 159
PASS Compare array stored into and array retrieved from a state, ESMC_StateUTest.C, line 167
PASS Add an Array to a State object, ESMC_StateUTest.C, line 151
PASS Get an array from a state, based on its name, ESMC_StateUTest.C, line 159
PASS Destroy ESMC_DistGrid object, ESMC_StateUTest.C, line 175
PASS Destroy ESMC_DistGrid object, ESMC_StateUTest.C, line 175
PASS Destroy ESMC_DistGrid object, ESMC_StateUTest.C, line 175
PASS Compare array stored into and array retrieved from a state, ESMC_StateUTest.C, line 167
PASS Destroy ESMC_DistGrid object, ESMC_StateUTest.C, line 175
PASS Destroy ESMC_Array object, ESMC_StateUTest.C, line 183
PASS Destroy ESMC_Array object, ESMC_StateUTest.C, line 183
PASS Destroy ESMC_Array object, ESMC_StateUTest.C, line 183
PASS Destroy ESMC_Array object, ESMC_StateUTest.C, line 183
PASS StateDestroy Unit test, ESMC_StateUTest.C, line 193
PASS StateDestroy Unit test, ESMC_StateUTest.C, line 193
PASS StateDestroy Unit test, ESMC_StateUTest.C, line 193
PASS StateDestroy Unit test, ESMC_StateUTest.C, line 193
Ending Test, file ESMC_StateUTest.C, line 200
Ending Test, file ESMC_StateUTest.C, line 200
Ending Test, file ESMC_StateUTest.C, line 200
Ending Test, file ESMC_StateUTest.C, line 200
 PET 3 Test Elapsed Time  2.046000 msec.
 PET 2 Test Elapsed Time  2.046000 msec.
 PET 0 Test Elapsed Time  2.050000 msec.
 PET 1 Test Elapsed Time  2.046000 msec.
