build time -- 2021-04-23 12:43:04.760193
Beginning Test, file ESMC_MBMesh_UtilUTest.C, line 131
NUMBER_OF_PROCESSORS 4
Beginning Test, file ESMC_MBMesh_UtilUTest.C, line 131
NUMBER_OF_PROCESSORS 4
Beginning Test, file ESMC_MBMesh_UtilUTest.C, line 131
NUMBER_OF_PROCESSORS 4
Beginning Test, file ESMC_MBMesh_UtilUTest.C, line 131
NUMBER_OF_PROCESSORS 4
PASS Throw an error from the MBMesh, ESMC_MBMesh_UtilUTest.C, line 160
PASS Throw an error from the MBMesh, ESMC_MBMesh_UtilUTest.C, line 160
PASS Throw an error from the MBMesh, ESMC_MBMesh_UtilUTest.C, line 160
PASS Throw an error from the MBMesh, ESMC_MBMesh_UtilUTest.C, line 160
Ending Test, file ESMC_MBMesh_UtilUTest.C, line 164
Ending Test, file ESMC_MBMesh_UtilUTest.C, line 164
Ending Test, file ESMC_MBMesh_UtilUTest.C, line 164
Ending Test, file ESMC_MBMesh_UtilUTest.C, line 164
 PET 0 Test Elapsed Time  1.467000 msec.
 PET 1 Test Elapsed Time  1.467000 msec.
 PET 2 Test Elapsed Time  1.466000 msec.
 PET 3 Test Elapsed Time  1.612000 msec.
