build time -- 2021-04-23 12:43:04.760193
Beginning Test, file ESMCI_TestUTest.C, line 32
NUMBER_OF_PROCESSORS 4
Beginning Test, file ESMCI_TestUTest.C, line 32
NUMBER_OF_PROCESSORS 4
PASS Use of ESMC_Test(), true, ESMCI_TestUTest.C, line 39
Beginning Test, file ESMCI_TestUTest.C, line 32
NUMBER_OF_PROCESSORS 4
PASS Use of ESMC_Test(), true, ESMCI_TestUTest.C, line 39
Ending Test, file ESMCI_TestUTest.C, line 43
Beginning Test, file ESMCI_TestUTest.C, line 32
NUMBER_OF_PROCESSORS 4
PASS Use of ESMC_Test(), true, ESMCI_TestUTest.C, line 39
Ending Test, file ESMCI_TestUTest.C, line 43
PASS Use of ESMC_Test(), true, ESMCI_TestUTest.C, line 39
Ending Test, file ESMCI_TestUTest.C, line 43
Ending Test, file ESMCI_TestUTest.C, line 43
 PET 0 Test Elapsed Time  1.072000 msec.
 PET 3 Test Elapsed Time  1.071000 msec.
 PET 2 Test Elapsed Time  1.300000 msec.
 PET 1 Test Elapsed Time  2.715000 msec.
