build time -- 2021-04-23 12:43:04.760193
Calendar -------------------------------
name = Gregorian
calkindflag = Gregorian
daysPerMonth = 31 28 31 30 31 30 31 31 30 31 30 31 
monthsPerYear = 12
secondsPerDay = 86400
secondsPerYear = 31536000
daysPerYear = 365
daysPerYeardN = 0
daysPerYeardD = 1
end Calendar ---------------------------

Calendar -------------------------------
name = Gregorian
calkindflag = Gregorian
daysPerMonth = 31 28 31 30 31 30 31 31 30 31 30 31 
monthsPerYear = 12
secondsPerDay = 86400
secondsPerYear = 31536000
daysPerYear = 365
daysPerYeardN = 0
daysPerYeardD = 1
end Calendar ---------------------------

Calendar -------------------------------
name = Gregorian
calkindflag = Gregorian
daysPerMonth = 31 28 31 30 31 30 31 31 30 31 30 31 
monthsPerYear = 12
secondsPerDay = 86400
secondsPerYear = 31536000
daysPerYear = 365
daysPerYeardN = 0
daysPerYeardD = 1
end Calendar ---------------------------

Calendar -------------------------------
name = Gregorian
calkindflag = Gregorian
daysPerMonth = 31 28 31 30 31 30 31 31 30 31 30 31 
monthsPerYear = 12
secondsPerDay = 86400
secondsPerYear = 31536000
daysPerYear = 365
daysPerYeardN = 0
daysPerYeardD = 1
end Calendar ---------------------------

Beginning Test, file ESMC_CalendarUTest.C, line 41
NUMBER_OF_PROCESSORS 4
PASS Create ESMC_Calendar object, ESMC_CalendarUTest.C, line 49
PASS Print ESMC_Calendar object, ESMC_CalendarUTest.C, line 57
Beginning Test, file ESMC_CalendarUTest.C, line 41
NUMBER_OF_PROCESSORS 4
PASS Create ESMC_Calendar object, ESMC_CalendarUTest.C, line 49
PASS Print ESMC_Calendar object, ESMC_CalendarUTest.C, line 57
Beginning Test, file ESMC_CalendarUTest.C, line 41
NUMBER_OF_PROCESSORS 4
PASS Create ESMC_Calendar object, ESMC_CalendarUTest.C, line 49
PASS Print ESMC_Calendar object, ESMC_CalendarUTest.C, line 57
PASS Destroy ESMC_Calendar object, ESMC_CalendarUTest.C, line 65
Beginning Test, file ESMC_CalendarUTest.C, line 41
NUMBER_OF_PROCESSORS 4
PASS Create ESMC_Calendar object, ESMC_CalendarUTest.C, line 49
PASS Print ESMC_Calendar object, ESMC_CalendarUTest.C, line 57
PASS Destroy ESMC_Calendar object, ESMC_CalendarUTest.C, line 65
PASS Destroy ESMC_Calendar object, ESMC_CalendarUTest.C, line 65
Ending Test, file ESMC_CalendarUTest.C, line 69
PASS Destroy ESMC_Calendar object, ESMC_CalendarUTest.C, line 65
Ending Test, file ESMC_CalendarUTest.C, line 69
Ending Test, file ESMC_CalendarUTest.C, line 69
Ending Test, file ESMC_CalendarUTest.C, line 69
 PET 0 Test Elapsed Time  1.215000 msec.
 PET 2 Test Elapsed Time  1.214000 msec.
 PET 3 Test Elapsed Time  1.214000 msec.
 PET 1 Test Elapsed Time  1.248000 msec.
