build time -- 2021-04-23 12:43:04.760193
Beginning Test, file ESMC_XGridUTest.C, line 63
NUMBER_OF_PROCESSORS 4
Beginning Test, file ESMC_XGridUTest.C, line 63
NUMBER_OF_PROCESSORS 4
Beginning Test, file ESMC_XGridUTest.C, line 63
NUMBER_OF_PROCESSORS 4
Beginning Test, file ESMC_XGridUTest.C, line 63
NUMBER_OF_PROCESSORS 4
PASS Create Side A Grid, ESMC_XGridUTest.C, line 102
PASS Create Side A Grid, ESMC_XGridUTest.C, line 102
PASS Create Side A Grid, ESMC_XGridUTest.C, line 102
PASS Create Side A Grid, ESMC_XGridUTest.C, line 102
PASS Create Side B Grid - 0, ESMC_XGridUTest.C, line 129
PASS Create Side B Grid - 0, ESMC_XGridUTest.C, line 129
PASS Create Side B Grid - 0, ESMC_XGridUTest.C, line 129
PASS Create Side B Grid - 0, ESMC_XGridUTest.C, line 129
PASS Create Side B Grid - 1, ESMC_XGridUTest.C, line 158
PASS Create Side B Grid - 1, ESMC_XGridUTest.C, line 158
PASS Create Side B Grid - 1, ESMC_XGridUTest.C, line 158
PASS Create Side B Grid - 1, ESMC_XGridUTest.C, line 158
PASS Create XGrid, ESMC_XGridUTest.C, line 216
PASS Get Side A Grid Count, ESMC_XGridUTest.C, line 238
PASS Get Side A Mesh Count, ESMC_XGridUTest.C, line 260
PASS Create XGrid, ESMC_XGridUTest.C, line 216
PASS Get Side A Grid Count, ESMC_XGridUTest.C, line 238
PASS Get Side A Mesh Count, ESMC_XGridUTest.C, line 260
PASS Create XGrid, ESMC_XGridUTest.C, line 216
PASS Get Side A Grid Count, ESMC_XGridUTest.C, line 238
PASS Get Side A Mesh Count, ESMC_XGridUTest.C, line 260
PASS Get Side B Grid Count, ESMC_XGridUTest.C, line 282
PASS Get Side B Grid Count, ESMC_XGridUTest.C, line 282
PASS Get Side B Grid Count, ESMC_XGridUTest.C, line 282
PASS Get Side B Mesh Count, ESMC_XGridUTest.C, line 304
PASS Get Dim Count, ESMC_XGridUTest.C, line 326
PASS Get Side B Mesh Count, ESMC_XGridUTest.C, line 304
PASS Get Dim Count, ESMC_XGridUTest.C, line 326
PASS Get Side B Mesh Count, ESMC_XGridUTest.C, line 304
PASS Get Dim Count, ESMC_XGridUTest.C, line 326
PASS Get Mesh, ESMC_XGridUTest.C, line 348
PASS Get Mesh, ESMC_XGridUTest.C, line 348
PASS Get Mesh, ESMC_XGridUTest.C, line 348
PASS Get area, ESMC_XGridUTest.C, line 386
PASS Get area, ESMC_XGridUTest.C, line 386
PASS Get area, ESMC_XGridUTest.C, line 386
PASS Get Centroid, ESMC_XGridUTest.C, line 427
PASS Get Centroid, ESMC_XGridUTest.C, line 427
PASS Get Centroid, ESMC_XGridUTest.C, line 427
PASS Get A2X Sparse Matrix, ESMC_XGridUTest.C, line 455
PASS Get A2X Sparse Matrix, ESMC_XGridUTest.C, line 455
PASS Get A2X Sparse Matrix, ESMC_XGridUTest.C, line 455
PASS Get X2A Sparse Matrix, ESMC_XGridUTest.C, line 483
PASS Get X2A Sparse Matrix, ESMC_XGridUTest.C, line 483
PASS Get X2A Sparse Matrix, ESMC_XGridUTest.C, line 483
PASS Get B2X Sparse Matrix, ESMC_XGridUTest.C, line 511
PASS Get B2X Sparse Matrix, ESMC_XGridUTest.C, line 511
PASS Get B2X Sparse Matrix, ESMC_XGridUTest.C, line 511
PASS Get X2B Sparse Matrix, ESMC_XGridUTest.C, line 539
PASS Get X2B Sparse Matrix, ESMC_XGridUTest.C, line 539
PASS Get X2B Sparse Matrix, ESMC_XGridUTest.C, line 539
PASS Create XGrid, ESMC_XGridUTest.C, line 216
PASS Get Side A Grid Count, ESMC_XGridUTest.C, line 238
PASS Get Side A Mesh Count, ESMC_XGridUTest.C, line 260
PASS Get Side B Grid Count, ESMC_XGridUTest.C, line 282
PASS Get Side B Mesh Count, ESMC_XGridUTest.C, line 304
PASS Get Dim Count, ESMC_XGridUTest.C, line 326
PASS Destroy XGrid, ESMC_XGridUTest.C, line 549
PASS Destroy XGrid, ESMC_XGridUTest.C, line 549
PASS Get Mesh, ESMC_XGridUTest.C, line 348
PASS Destroy Grid A - 0, ESMC_XGridUTest.C, line 562
PASS Destroy Grid A - 0, ESMC_XGridUTest.C, line 562
PASS Get area, ESMC_XGridUTest.C, line 386
PASS Destroy Grid B - 0, ESMC_XGridUTest.C, line 571
PASS Destroy Grid B - 0, ESMC_XGridUTest.C, line 571
PASS Destroy XGrid, ESMC_XGridUTest.C, line 549
PASS Destroy Grid B - 1, ESMC_XGridUTest.C, line 581
PASS Destroy Grid B - 1, ESMC_XGridUTest.C, line 581
PASS Get Centroid, ESMC_XGridUTest.C, line 427
PASS Destroy Grid A - 0, ESMC_XGridUTest.C, line 562
Ending Test, file ESMC_XGridUTest.C, line 586
Ending Test, file ESMC_XGridUTest.C, line 586
PASS Get A2X Sparse Matrix, ESMC_XGridUTest.C, line 455
PASS Destroy Grid B - 0, ESMC_XGridUTest.C, line 571
PASS Get X2A Sparse Matrix, ESMC_XGridUTest.C, line 483
PASS Destroy Grid B - 1, ESMC_XGridUTest.C, line 581
Ending Test, file ESMC_XGridUTest.C, line 586
PASS Get B2X Sparse Matrix, ESMC_XGridUTest.C, line 511
PASS Get X2B Sparse Matrix, ESMC_XGridUTest.C, line 539
PASS Destroy XGrid, ESMC_XGridUTest.C, line 549
PASS Destroy Grid A - 0, ESMC_XGridUTest.C, line 562
PASS Destroy Grid B - 0, ESMC_XGridUTest.C, line 571
PASS Destroy Grid B - 1, ESMC_XGridUTest.C, line 581
Ending Test, file ESMC_XGridUTest.C, line 586
 PET 0 Test Elapsed Time  73.345000 msec.
 PET 1 Test Elapsed Time  73.339000 msec.
 PET 2 Test Elapsed Time  73.339000 msec.
 PET 3 Test Elapsed Time  73.337000 msec.
