build time -- 2021-04-23 12:43:04.760193
  Beginning Test, file ESMF_AttributeUpdateComponentUTest.F90, line 448
  NUMBER_OF_PROCESSORS           8
  Beginning Test, file ESMF_AttributeUpdateComponentUTest.F90, line 448
  NUMBER_OF_PROCESSORS           8
  Beginning Test, file ESMF_AttributeUpdateComponentUTest.F90, line 448
  Beginning Test, file ESMF_AttributeUpdateComponentUTest.F90, line 448
  NUMBER_OF_PROCESSORS           8
  NUMBER_OF_PROCESSORS           8
  Beginning Test, file ESMF_AttributeUpdateComponentUTest.F90, line 448
  Beginning Test, file ESMF_AttributeUpdateComponentUTest.F90, line 448
  Beginning Test, file ESMF_AttributeUpdateComponentUTest.F90, line 448
  Beginning Test, file ESMF_AttributeUpdateComponentUTest.F90, line 448
  NUMBER_OF_PROCESSORS           8
  NUMBER_OF_PROCESSORS           8
  NUMBER_OF_PROCESSORS           8
  NUMBER_OF_PROCESSORS           8
  PASS  PET            6 : Getting an updated Attribute value from a Component test: value = value1, ESMF_AttributeUpdateComponentUTest.F90, line 532
  PASS  PET            6 : Getting an updated Attribute value from a Component test: value = value2, ESMF_AttributeUpdateComponentUTest.F90, line 539
  PASS  PET            6 : Getting an updated Attribute value from a Component test: value = value3, ESMF_AttributeUpdateComponentUTest.F90, line 546
  PASS  PET            4 : Getting an updated Attribute value from a Component test: value = value1, ESMF_AttributeUpdateComponentUTest.F90, line 532
  PASS  PET            0 : Getting an updated Attribute value from a Component test: value = value1, ESMF_AttributeUpdateComponentUTest.F90, line 532
  PASS  PET            7 : Getting an updated Attribute value from a Component test: value = value1, ESMF_AttributeUpdateComponentUTest.F90, line 532
  PASS  PET            2 : Getting an updated Attribute value from a Component test: value = value1, ESMF_AttributeUpdateComponentUTest.F90, line 532
  PASS  PET            3 : Getting an updated Attribute value from a Component test: value = value1, ESMF_AttributeUpdateComponentUTest.F90, line 532
  PASS  PET            1 : Getting an updated Attribute value from a Component test: value = value1, ESMF_AttributeUpdateComponentUTest.F90, line 532
  PASS  PET            4 : Getting an updated Attribute value from a Component test: value = value2, ESMF_AttributeUpdateComponentUTest.F90, line 539
  PASS  PET            7 : Getting an updated Attribute value from a Component test: value = value2, ESMF_AttributeUpdateComponentUTest.F90, line 539
  PASS  PET            2 : Getting an updated Attribute value from a Component test: value = value2, ESMF_AttributeUpdateComponentUTest.F90, line 539
  PASS  PET            3 : Getting an updated Attribute value from a Component test: value = value2, ESMF_AttributeUpdateComponentUTest.F90, line 539
  PASS  PET            1 : Getting an updated Attribute value from a Component test: value = value2, ESMF_AttributeUpdateComponentUTest.F90, line 539
  PASS  PET            0 : Getting an updated Attribute value from a Component test: value = value2, ESMF_AttributeUpdateComponentUTest.F90, line 539
  PASS  PET            3 : Getting an updated Attribute value from a Component test: value = value3, ESMF_AttributeUpdateComponentUTest.F90, line 546
  PASS  PET            1 : Getting an updated Attribute value from a Component test: value = value3, ESMF_AttributeUpdateComponentUTest.F90, line 546
  PASS  PET            4 : Getting an updated Attribute value from a Component test: value = value3, ESMF_AttributeUpdateComponentUTest.F90, line 546
  PASS  PET            7 : Getting an updated Attribute value from a Component test: value = value3, ESMF_AttributeUpdateComponentUTest.F90, line 546
  PASS  PET            2 : Getting an updated Attribute value from a Component test: value = value3, ESMF_AttributeUpdateComponentUTest.F90, line 546
  PASS  PET            0 : Getting an updated Attribute value from a Component test: value = value3, ESMF_AttributeUpdateComponentUTest.F90, line 546
  PASS  PET            6 : Getting a lone Attribute from a Component test: value = Lone Attribute, ESMF_AttributeUpdateComponentUTest.F90, line 553
  PASS  PET            2 : Getting a lone Attribute from a Component test: value = Lone Attribute, ESMF_AttributeUpdateComponentUTest.F90, line 553
  PASS  PET            4 : Getting a lone Attribute from a Component test: value = Lone Attribute, ESMF_AttributeUpdateComponentUTest.F90, line 553
  PASS  PET            7 : Getting a lone Attribute from a Component test: value = Lone Attribute, ESMF_AttributeUpdateComponentUTest.F90, line 553
  PASS  PET            0 : Getting a lone Attribute from a Component test: value = Lone Attribute, ESMF_AttributeUpdateComponentUTest.F90, line 553
  PASS  PET            3 : Getting a lone Attribute from a Component test: value = Lone Attribute, ESMF_AttributeUpdateComponentUTest.F90, line 553
  PASS  PET            1 : Getting a lone Attribute from a Component test: value = Lone Attribute, ESMF_AttributeUpdateComponentUTest.F90, line 553
  PASS  PET            5 : Getting an updated Attribute value from a Component test: value = value1, ESMF_AttributeUpdateComponentUTest.F90, line 532
  Ending Test, file ESMF_AttributeUpdateComponentUTest.F90, line 578
  PASS  PET            5 : Getting an updated Attribute value from a Component test: value = value2, ESMF_AttributeUpdateComponentUTest.F90, line 539
  Ending Test, file ESMF_AttributeUpdateComponentUTest.F90, line 578
  Ending Test, file ESMF_AttributeUpdateComponentUTest.F90, line 578
  Ending Test, file ESMF_AttributeUpdateComponentUTest.F90, line 578
  Ending Test, file ESMF_AttributeUpdateComponentUTest.F90, line 578
  Ending Test, file ESMF_AttributeUpdateComponentUTest.F90, line 578
  Ending Test, file ESMF_AttributeUpdateComponentUTest.F90, line 578
  PASS  PET            5 : Getting an updated Attribute value from a Component test: value = value3, ESMF_AttributeUpdateComponentUTest.F90, line 546
  PASS  PET            5 : Getting a lone Attribute from a Component test: value = Lone Attribute, ESMF_AttributeUpdateComponentUTest.F90, line 553
  Ending Test, file ESMF_AttributeUpdateComponentUTest.F90, line 578
  PET           1  Test Elapsed Time    4.9469999999999930       msec.
  PET           6  Test Elapsed Time    16.809999999999992       msec.
  PET           3  Test Elapsed Time    4.9249999999999847       msec.
  PET           7  Test Elapsed Time    4.9440000000000044       msec.
  PET           0  Test Elapsed Time    15.106999999999982       msec.
  PET           5  Test Elapsed Time    4.9299999999999899       msec.
  PET           2  Test Elapsed Time    16.681000000000001       msec.
  PET           4  Test Elapsed Time    16.832999999999988       msec.
