build time -- 2021-04-23 12:43:04.760193
  Beginning Test, file ESMF_AttributeUpdateRemoveOnlyUTest.F90, line 533
  NUMBER_OF_PROCESSORS           4
  Beginning Test, file ESMF_AttributeUpdateRemoveOnlyUTest.F90, line 533
  NUMBER_OF_PROCESSORS           4
  Beginning Test, file ESMF_AttributeUpdateRemoveOnlyUTest.F90, line 533
  NUMBER_OF_PROCESSORS           4
  Beginning Test, file ESMF_AttributeUpdateRemoveOnlyUTest.F90, line 533
  NUMBER_OF_PROCESSORS           4
  PASS  Getting an updated deleted Attribute value from a Field test, ESMF_AttributeUpdateRemoveOnlyUTest.F90, line 621
  PASS  Getting an updated deleted Attribute value from a Field test, ESMF_AttributeUpdateRemoveOnlyUTest.F90, line 621
  PASS  Getting an updated deleted Attribute value from a Field test, ESMF_AttributeUpdateRemoveOnlyUTest.F90, line 621
  PASS  Getting an updated deleted Attribute value from a Field test, ESMF_AttributeUpdateRemoveOnlyUTest.F90, line 621
  Ending Test, file ESMF_AttributeUpdateRemoveOnlyUTest.F90, line 646
  Ending Test, file ESMF_AttributeUpdateRemoveOnlyUTest.F90, line 646
  Ending Test, file ESMF_AttributeUpdateRemoveOnlyUTest.F90, line 646
  Ending Test, file ESMF_AttributeUpdateRemoveOnlyUTest.F90, line 646
  PET           1  Test Elapsed Time    6.8079999999999998       msec.
  PET           2  Test Elapsed Time    6.9610000000000003       msec.
  PET           0  Test Elapsed Time    6.8659999999999988       msec.
  PET           3  Test Elapsed Time    6.7810000000000006       msec.
