build time -- 2021-04-23 12:43:04.760193
 --------------------------------------- 
 Start of  System Test ESMF_FieldSharedDeSSISTest
 --------------------------------------- 
 --------------------------------------- 
 Start of  System Test ESMF_FieldSharedDeSSISTest
 --------------------------------------- 
 --------------------------------------- 
 Start of  System Test ESMF_FieldSharedDeSSISTest
 --------------------------------------- 
 --------------------------------------- 
 Start of  System Test ESMF_FieldSharedDeSSISTest
 --------------------------------------- 
 --------------------------------------- 
 Start of  System Test ESMF_FieldSharedDeSSISTest
 --------------------------------------- 
 --------------------------------------- 
 Start of  System Test ESMF_FieldSharedDeSSISTest
 --------------------------------------- 
 
  System Test ESMF_FieldSharedDeSSISTest
  SUCCESS:  System Test ESMF_FieldSharedDeSSISTest finished correctly.
 
 
  System Test ESMF_FieldSharedDeSSISTest
  SUCCESS:  System Test ESMF_FieldSharedDeSSISTest finished correctly.
 
 
  System Test ESMF_FieldSharedDeSSISTest
  SUCCESS:  System Test ESMF_FieldSharedDeSSISTest finished correctly.
 
 
  System Test ESMF_FieldSharedDeSSISTest
  SUCCESS:  System Test ESMF_FieldSharedDeSSISTest finished correctly.
 
 
  System Test ESMF_FieldSharedDeSSISTest
  SUCCESS:  System Test ESMF_FieldSharedDeSSISTest finished correctly.
 
  System Test ESMF_FieldSharedDeSSISTest                                                                                                                                                                                                                          complete.
 ------------------------------------------------------------
 ------------------------------------------------------------
 Test finished, localPet =            2
 ------------------------------------------------------------
 ------------------------------------------------------------
  PASS  System Test ESMF_FieldSharedDeSSISTest, ESMF_FieldSharedDeSSISTest.F90, line 276
  System Test ESMF_FieldSharedDeSSISTest                                                                                                                                                                                                                          complete.
 ------------------------------------------------------------
 ------------------------------------------------------------
 Test finished, localPet =            3
 ------------------------------------------------------------
 ------------------------------------------------------------
  PASS  System Test ESMF_FieldSharedDeSSISTest, ESMF_FieldSharedDeSSISTest.F90, line 276
  System Test ESMF_FieldSharedDeSSISTest                                                                                                                                                                                                                          complete.
 ------------------------------------------------------------
 ------------------------------------------------------------
 Test finished, localPet =            4
 ------------------------------------------------------------
 ------------------------------------------------------------
  PASS  System Test ESMF_FieldSharedDeSSISTest, ESMF_FieldSharedDeSSISTest.F90, line 276
  System Test ESMF_FieldSharedDeSSISTest                                                                                                                                                                                                                          complete.
 ------------------------------------------------------------
 ------------------------------------------------------------
 Test finished, localPet =            1
 ------------------------------------------------------------
 ------------------------------------------------------------
  PASS  System Test ESMF_FieldSharedDeSSISTest, ESMF_FieldSharedDeSSISTest.F90, line 276
  System Test ESMF_FieldSharedDeSSISTest                                                                                                                                                                                                                          complete.
 ------------------------------------------------------------
 ------------------------------------------------------------
 Test finished, localPet =            5
 ------------------------------------------------------------
 ------------------------------------------------------------
  PASS  System Test ESMF_FieldSharedDeSSISTest, ESMF_FieldSharedDeSSISTest.F90, line 276
 
  System Test ESMF_FieldSharedDeSSISTest
  SUCCESS:  System Test ESMF_FieldSharedDeSSISTest finished correctly.
 
  System Test ESMF_FieldSharedDeSSISTest                                                                                                                                                                                                                          complete.
 ------------------------------------------------------------
 ------------------------------------------------------------
 Test finished, localPet =            0
 ------------------------------------------------------------
 ------------------------------------------------------------
  PASS  System Test ESMF_FieldSharedDeSSISTest, ESMF_FieldSharedDeSSISTest.F90, line 276
