build time -- 2021-04-23 12:43:04.760193
  Beginning Test, file ESMF_DELayoutWorkQueueUTest.F90, line 170
  NUMBER_OF_PROCESSORS           4
  Beginning Test, file ESMF_DELayoutWorkQueueUTest.F90, line 170
  NUMBER_OF_PROCESSORS           4
  Beginning Test, file ESMF_DELayoutWorkQueueUTest.F90, line 170
  NUMBER_OF_PROCESSORS           4
  Beginning Test, file ESMF_DELayoutWorkQueueUTest.F90, line 170
  NUMBER_OF_PROCESSORS           4
  PASS  GridCompCreate() - round 1, ESMF_DELayoutWorkQueueUTest.F90, line 187
  PASS  GridCompCreate() - round 1, ESMF_DELayoutWorkQueueUTest.F90, line 187
  PASS  GridCompCreate() - round 1, ESMF_DELayoutWorkQueueUTest.F90, line 187
  PASS  GridCompCreate() - round 1, ESMF_DELayoutWorkQueueUTest.F90, line 187
  PASS  GridCompSetServices() - round 1, ESMF_DELayoutWorkQueueUTest.F90, line 193
  PASS  GridCompSetServices() - round 1, ESMF_DELayoutWorkQueueUTest.F90, line 193
  PASS  GridCompSetServices() - round 1, ESMF_DELayoutWorkQueueUTest.F90, line 193
  PASS  GridCompSetServices() - round 1, ESMF_DELayoutWorkQueueUTest.F90, line 193
  PASS  Run work queue - round 1, ESMF_DELayoutWorkQueueUTest.F90, line 201
 <round 1> PET            0  time:    8.9098000898957253E-005
  PASS  Run work queue - round 1, ESMF_DELayoutWorkQueueUTest.F90, line 201
 <round 1> PET            3  time:    9.5523893833160400E-005
  PASS  GridCompDestroy() - round 1, ESMF_DELayoutWorkQueueUTest.F90, line 209
  PASS  GridCompDestroy() - round 1, ESMF_DELayoutWorkQueueUTest.F90, line 209
  PASS  Run work queue - round 1, ESMF_DELayoutWorkQueueUTest.F90, line 201
 <round 1> PET            1  time:    4.0133672561496496     
  PASS  GridCompDestroy() - round 1, ESMF_DELayoutWorkQueueUTest.F90, line 209
  PASS  Run work queue - round 1, ESMF_DELayoutWorkQueueUTest.F90, line 201
 <round 1> PET            2  time:    6.0133892379235476     
  PASS  GridCompDestroy() - round 1, ESMF_DELayoutWorkQueueUTest.F90, line 209
  PASS  GridCompCreate() - round 2, ESMF_DELayoutWorkQueueUTest.F90, line 217
 *** hi from mygcomp_setvm_withthreads ***
  PASS  GridCompSetVM() - round 2, ESMF_DELayoutWorkQueueUTest.F90, line 227
  PASS  GridCompCreate() - round 2, ESMF_DELayoutWorkQueueUTest.F90, line 217
 *** hi from mygcomp_setvm_withthreads ***
  PASS  GridCompSetVM() - round 2, ESMF_DELayoutWorkQueueUTest.F90, line 227
  PASS  GridCompCreate() - round 2, ESMF_DELayoutWorkQueueUTest.F90, line 217
 *** hi from mygcomp_setvm_withthreads ***
  PASS  GridCompSetVM() - round 2, ESMF_DELayoutWorkQueueUTest.F90, line 227
  PASS  GridCompCreate() - round 2, ESMF_DELayoutWorkQueueUTest.F90, line 217
 *** hi from mygcomp_setvm_withthreads ***
  PASS  GridCompSetVM() - round 2, ESMF_DELayoutWorkQueueUTest.F90, line 227
  PASS  GridCompSetServices() - round 2, ESMF_DELayoutWorkQueueUTest.F90, line 233
  PASS  GridCompSetServices() - round 2, ESMF_DELayoutWorkQueueUTest.F90, line 233
  PASS  GridCompSetServices() - round 2, ESMF_DELayoutWorkQueueUTest.F90, line 233
  PASS  GridCompSetServices() - round 2, ESMF_DELayoutWorkQueueUTest.F90, line 233
  PASS  Run work queue - round 2, ESMF_DELayoutWorkQueueUTest.F90, line 241
 <round 2> PET            1  time:    2.4761316201183945     
  PASS  GridCompDestroy() - round 2, ESMF_DELayoutWorkQueueUTest.F90, line 249
  Ending Test, file ESMF_DELayoutWorkQueueUTest.F90, line 257
  PASS  Run work queue - round 2, ESMF_DELayoutWorkQueueUTest.F90, line 241
 <round 2> PET            2  time:    2.5025721502024680     
  PASS  GridCompDestroy() - round 2, ESMF_DELayoutWorkQueueUTest.F90, line 249
  Ending Test, file ESMF_DELayoutWorkQueueUTest.F90, line 257
  PASS  Run work queue - round 2, ESMF_DELayoutWorkQueueUTest.F90, line 241
 <round 2> PET            3  time:    2.5068131971638650     
  PASS  GridCompDestroy() - round 2, ESMF_DELayoutWorkQueueUTest.F90, line 249
  Ending Test, file ESMF_DELayoutWorkQueueUTest.F90, line 257
  PASS  Run work queue - round 2, ESMF_DELayoutWorkQueueUTest.F90, line 241
 <round 2> PET            0  time:    2.5423394420649856     
  PASS  GridCompDestroy() - round 2, ESMF_DELayoutWorkQueueUTest.F90, line 249
  Ending Test, file ESMF_DELayoutWorkQueueUTest.F90, line 257
  PET           1  Test Elapsed Time    6016.9600000000000       msec.
  PET           3  Test Elapsed Time    6015.7070000000003       msec.
  PET           2  Test Elapsed Time    6016.0539999999992       msec.
  PET           0  Test Elapsed Time    16039.967999999999       msec.
