build time -- 2021-04-23 12:43:04.760193
  Beginning Test, file ESMF_ArrayGatherUTest.F90, line 54
  NUMBER_OF_PROCESSORS           4
  Beginning Test, file ESMF_ArrayGatherUTest.F90, line 54
  NUMBER_OF_PROCESSORS           4
  Beginning Test, file ESMF_ArrayGatherUTest.F90, line 54
  NUMBER_OF_PROCESSORS           4
  Beginning Test, file ESMF_ArrayGatherUTest.F90, line 54
  NUMBER_OF_PROCESSORS           4
  PASS  ArrayGather 1d test, contiguous Array, ESMF_ArrayGatherUTest.F90, line 68
  PASS  ArrayGather 1d test, contiguous Array, ESMF_ArrayGatherUTest.F90, line 68
  PASS  ArrayGather 1d test, contiguous Array, ESMF_ArrayGatherUTest.F90, line 68
  PASS  ArrayGather 1d test, contiguous Array, ESMF_ArrayGatherUTest.F90, line 68
  PASS  ArrayGather 1d test, non-contiguous Array, ESMF_ArrayGatherUTest.F90, line 77
  PASS  ArrayGather 1d test, non-contiguous Array, ESMF_ArrayGatherUTest.F90, line 77
  PASS  ArrayGather 1d test, non-contiguous Array, ESMF_ArrayGatherUTest.F90, line 77
  PASS  ArrayGather 1d test, non-contiguous Array, ESMF_ArrayGatherUTest.F90, line 77
  PASS  ArrayGather 1d test, contiguous Array, deBlockList DistGrid, ESMF_ArrayGatherUTest.F90, line 86
  PASS  ArrayGather 1d test, contiguous Array, deBlockList DistGrid, ESMF_ArrayGatherUTest.F90, line 86
  PASS  ArrayGather 1d test, contiguous Array, deBlockList DistGrid, ESMF_ArrayGatherUTest.F90, line 86
  PASS  ArrayGather 1d test, contiguous Array, deBlockList DistGrid, ESMF_ArrayGatherUTest.F90, line 86
  PASS  ArrayGather 1d test, non-contiguous Array, deBlockList DistGrid, ESMF_ArrayGatherUTest.F90, line 95
  PASS  ArrayGather 1d test, non-contiguous Array, deBlockList DistGrid, ESMF_ArrayGatherUTest.F90, line 95
  PASS  ArrayGather 1d test, non-contiguous Array, deBlockList DistGrid, ESMF_ArrayGatherUTest.F90, line 95
  PASS  ArrayGather 1d test, non-contiguous Array, deBlockList DistGrid, ESMF_ArrayGatherUTest.F90, line 95
  PASS  ArrayGather 2d test, contiguous Array, ESMF_ArrayGatherUTest.F90, line 103
  PASS  ArrayGather 2d test, contiguous Array, ESMF_ArrayGatherUTest.F90, line 103
  PASS  ArrayGather 2d test, contiguous Array, ESMF_ArrayGatherUTest.F90, line 103
  PASS  ArrayGather 2d test, contiguous Array, ESMF_ArrayGatherUTest.F90, line 103
  PASS  ArrayGather 2d test, non-contiguous Array, ESMF_ArrayGatherUTest.F90, line 111
  PASS  ArrayGather 2d test, non-contiguous Array, ESMF_ArrayGatherUTest.F90, line 111
  PASS  ArrayGather 2d test, non-contiguous Array, ESMF_ArrayGatherUTest.F90, line 111
  PASS  ArrayGather 2d test, non-contiguous Array, ESMF_ArrayGatherUTest.F90, line 111
  PASS  ArrayGather 3d test, contiguous Array, ESMF_ArrayGatherUTest.F90, line 119
  PASS  ArrayGather 3d test, contiguous Array, ESMF_ArrayGatherUTest.F90, line 119
  PASS  ArrayGather 3d test, contiguous Array, ESMF_ArrayGatherUTest.F90, line 119
  PASS  ArrayGather 3d test, contiguous Array, ESMF_ArrayGatherUTest.F90, line 119
  PASS  ArrayGather 3d test, non-contiguous Array, ESMF_ArrayGatherUTest.F90, line 127
  Ending Test, file ESMF_ArrayGatherUTest.F90, line 129
  PASS  ArrayGather 3d test, non-contiguous Array, ESMF_ArrayGatherUTest.F90, line 127
  Ending Test, file ESMF_ArrayGatherUTest.F90, line 129
  PASS  ArrayGather 3d test, non-contiguous Array, ESMF_ArrayGatherUTest.F90, line 127
  Ending Test, file ESMF_ArrayGatherUTest.F90, line 129
  PASS  ArrayGather 3d test, non-contiguous Array, ESMF_ArrayGatherUTest.F90, line 127
  Ending Test, file ESMF_ArrayGatherUTest.F90, line 129
  PET           2  Test Elapsed Time    27.032999999999994       msec.
  PET           1  Test Elapsed Time    26.430000000000003       msec.
  PET           0  Test Elapsed Time    27.277999999999999       msec.
  PET           3  Test Elapsed Time    27.054000000000002       msec.
