build time -- 2021-04-23 12:43:04.760193
  Beginning Test, file ESMF_FieldRedistUTest.F90, line 57
  NUMBER_OF_PROCESSORS           4
  Beginning Test, file ESMF_FieldRedistUTest.F90, line 57
  NUMBER_OF_PROCESSORS           4
  Beginning Test, file ESMF_FieldRedistUTest.F90, line 57
  NUMBER_OF_PROCESSORS           4
  Beginning Test, file ESMF_FieldRedistUTest.F90, line 57
  NUMBER_OF_PROCESSORS           4
  PASS  FieldRedist basic test, ESMF_FieldRedistUTest.F90, line 72
  PASS  FieldRedist basic test, ESMF_FieldRedistUTest.F90, line 72
  PASS  FieldRedist basic test, ESMF_FieldRedistUTest.F90, line 72
  PASS  FieldRedist basic test, ESMF_FieldRedistUTest.F90, line 72
  PASS  FieldRedist basic test with compliant fields, ESMF_FieldRedistUTest.F90, line 79
  PASS  FieldRedist basic test with compliant fields, ESMF_FieldRedistUTest.F90, line 79
  PASS  FieldRedist basic test with compliant fields, ESMF_FieldRedistUTest.F90, line 79
  PASS  FieldRedist basic test with compliant fields, ESMF_FieldRedistUTest.F90, line 79
  PASS  FieldRedist 3d fields with ungridded bounds and halos, ESMF_FieldRedistUTest.F90, line 86
  PASS  FieldRedist 3d fields with ungridded bounds and halos, ESMF_FieldRedistUTest.F90, line 86
  PASS  FieldRedist 3d fields with ungridded bounds and halos, ESMF_FieldRedistUTest.F90, line 86
  PASS  FieldRedist 3d fields with ungridded bounds and halos, ESMF_FieldRedistUTest.F90, line 86
  PASS  FieldRedist congruent 5d fields with ungridded bounds and halos, ESMF_FieldRedistUTest.F90, line 98
  PASS  FieldRedist congruent 5d fields with ungridded bounds and halos, ESMF_FieldRedistUTest.F90, line 98
  PASS  FieldRedist congruent 5d fields with ungridded bounds and halos, ESMF_FieldRedistUTest.F90, line 98
  PASS  FieldRedist congruent 5d fields with ungridded bounds and halos, ESMF_FieldRedistUTest.F90, line 98
  PASS  FieldRedist congruent 5d fields with ungridded bounds and halos  srcToDstTransposeMap, ESMF_FieldRedistUTest.F90, line 111
  PASS  FieldRedist congruent 5d fields with ungridded bounds and halos  srcToDstTransposeMap, ESMF_FieldRedistUTest.F90, line 111
  PASS  FieldRedist congruent 5d fields with ungridded bounds and halos  srcToDstTransposeMap, ESMF_FieldRedistUTest.F90, line 111
  PASS  FieldRedist congruent 5d fields with ungridded bounds and halos  srcToDstTransposeMap, ESMF_FieldRedistUTest.F90, line 111
  PASS  FieldRedist on Fields built on Meshes, ESMF_FieldRedistUTest.F90, line 119
  Ending Test, file ESMF_FieldRedistUTest.F90, line 122
  PASS  FieldRedist on Fields built on Meshes, ESMF_FieldRedistUTest.F90, line 119
  Ending Test, file ESMF_FieldRedistUTest.F90, line 122
  PASS  FieldRedist on Fields built on Meshes, ESMF_FieldRedistUTest.F90, line 119
  Ending Test, file ESMF_FieldRedistUTest.F90, line 122
  PASS  FieldRedist on Fields built on Meshes, ESMF_FieldRedistUTest.F90, line 119
  Ending Test, file ESMF_FieldRedistUTest.F90, line 122
  PET           0  Test Elapsed Time    33.579999999999998       msec.
  PET           1  Test Elapsed Time    33.861000000000004       msec.
  PET           3  Test Elapsed Time    33.704000000000001       msec.
  PET           2  Test Elapsed Time    33.920999999999999       msec.
