build time -- 2021-04-23 12:43:04.760193
 --------------------------------------- 
 Start of  System Test ESMF_RecursiveComponentSTest
 --------------------------------------- 
 --------------------------------------- 
 Start of  System Test ESMF_RecursiveComponentSTest
 --------------------------------------- 
 --------------------------------------- 
 Start of  System Test ESMF_RecursiveComponentSTest
 --------------------------------------- 
 --------------------------------------- 
 Start of  System Test ESMF_RecursiveComponentSTest
 --------------------------------------- 
 --------------------------------------- 
 Start of  System Test ESMF_RecursiveComponentSTest
 --------------------------------------- 
 --------------------------------------- 
 Start of  System Test ESMF_RecursiveComponentSTest
 --------------------------------------- 
 Run() method before recursive call
 Gridded Component:
  Component name = component012345
 Run() method before recursive call
 Gridded Component:
  Component name = component012
 Run() method before recursive call
 Gridded Component:
 Run() method before recursive call
 Gridded Component:
 Run() method before recursive call
 Gridded Component:
  Component name = component012345
 Run() method before recursive call
 Gridded Component:
  Component name = component012
 Run() method before recursive call
 Gridded Component:
  Component name = component12
 Run() method after recursive call
 Gridded Component:
  Component name = component12
 Run() method after recursive call
 Gridded Component:
  Component name = component0
 Run() method after recursive call
 Gridded Component:
  Component name = component0
 Run() method after recursive call
 Gridded Component:
  Component name = component012
 Run() method after recursive call
 Gridded Component:
  Component name = component012345
  Component name = component012
 Run() method after recursive call
 Gridded Component:
  Component name = component012345
  Component name = component012345
 Run() method before recursive call
 Gridded Component:
  Component name = component012
 Run() method before recursive call
 Gridded Component:
  Component name = component12
 Run() method after recursive call
 Gridded Component:
  Component name = component12
 Run() method after recursive call
 Gridded Component:
  Component name = component012
 Run() method before recursive call
 Gridded Component:
  Component name = component012345
 Run() method before recursive call
 Gridded Component:
 Run() method after recursive call
 Gridded Component:
  Component name = component345
 Run() method before recursive call
 Gridded Component:
  Component name = component012345
  Component name = component012345
 Run() method before recursive call
 Gridded Component:
  Component name = component012345
 Run() method before recursive call
 Gridded Component:
  Component name = component0
 Run() method before recursive call
 Gridded Component:
  Component name = component345
 Run() method before recursive call
 Gridded Component:
  Component name = component345
 Run() method after recursive call
 Gridded Component:
 Run() method before recursive call
 Gridded Component:
  Component name = component12
 Run() method after recursive call
 Gridded Component:
  Component name = component12
 Run() method after recursive call
 Run() method before recursive call
 Gridded Component:
  Component name = component12
 Run() method after recursive call
 Gridded Component:
  Component name = component12
 Run() method after recursive call
 Gridded Component:
  Component name = component345
 Gridded Component:
  Component name = component345
 Run() method after recursive call
 Run() method after recursive call
 Gridded Component:
  Component name = component012345
  Component name = component0
 Gridded Component:
  Component name = component012345
 Run() method after recursive call
 Gridded Component:
  Component name = component345
 Run() method after recursive call
 Gridded Component:
  Component name = component012345
 
  System Test ESMF_RecursiveComponentSTest
  SUCCESS:  System Test ESMF_RecursiveComponentSTest finished correctly.
 
  System Test ESMF_RecursiveComponentSTest                                                                                                                                                                                                                        complete.
  PASS  System Test ESMF_RecursiveComponentSTest, ESMF_RecursiveComponentSTest.F90, line 238
 ------------------------------------------------------------
 ------------------------------------------------------------
 Test finished, localPet =            0
 ------------------------------------------------------------
 ------------------------------------------------------------
  System Test ESMF_RecursiveComponentSTest                                                                                                                                                                                                                        complete.
  PASS  System Test ESMF_RecursiveComponentSTest, ESMF_RecursiveComponentSTest.F90, line 238
 ------------------------------------------------------------
 ------------------------------------------------------------
 Test finished, localPet =            2
 ------------------------------------------------------------
 ------------------------------------------------------------
  System Test ESMF_RecursiveComponentSTest                                                                                                                                                                                                                        complete.
  PASS  System Test ESMF_RecursiveComponentSTest, ESMF_RecursiveComponentSTest.F90, line 238
 ------------------------------------------------------------
 ------------------------------------------------------------
 Test finished, localPet =            1
 ------------------------------------------------------------
 ------------------------------------------------------------
  System Test ESMF_RecursiveComponentSTest                                                                                                                                                                                                                        complete.
  PASS  System Test ESMF_RecursiveComponentSTest, ESMF_RecursiveComponentSTest.F90, line 238
 ------------------------------------------------------------
 ------------------------------------------------------------
 Test finished, localPet =            5
 ------------------------------------------------------------
 ------------------------------------------------------------
  System Test ESMF_RecursiveComponentSTest                                                                                                                                                                                                                        complete.
  PASS  System Test ESMF_RecursiveComponentSTest, ESMF_RecursiveComponentSTest.F90, line 238
 ------------------------------------------------------------
 ------------------------------------------------------------
 Test finished, localPet =            4
 ------------------------------------------------------------
 ------------------------------------------------------------
  System Test ESMF_RecursiveComponentSTest                                                                                                                                                                                                                        complete.
  PASS  System Test ESMF_RecursiveComponentSTest, ESMF_RecursiveComponentSTest.F90, line 238
 ------------------------------------------------------------
 ------------------------------------------------------------
 Test finished, localPet =            3
 ------------------------------------------------------------
 ------------------------------------------------------------
