build time -- 2021-04-23 12:43:04.760193
  Beginning Test, file ESMF_GridToMeshUTest.F90, line 59
  NUMBER_OF_PROCESSORS           4
  Beginning Test, file ESMF_GridToMeshUTest.F90, line 59
  NUMBER_OF_PROCESSORS           4
  Beginning Test, file ESMF_GridToMeshUTest.F90, line 59
  NUMBER_OF_PROCESSORS           4
  Beginning Test, file ESMF_GridToMeshUTest.F90, line 59
  NUMBER_OF_PROCESSORS           4
           0  ::           1           1 :           3           3
           0  ::           4           1 :           6           3
           0  ::           7           1 :           8           3
           0  ::           9           1 :          10           3
           1  ::           7           4 :           8           6
           1  ::           1           4 :           3           6
           1  ::           4           4 :           6           6
           1  ::           9           4 :          10           6
           2  ::           4           7 :           6           8
           3  ::           4           9 :           6          10
           2  ::           7           7 :           8           8
           3  ::           7           9 :           8          10
           2  ::           1           7 :           3           8
           3  ::           1           9 :           3          10
           2  ::           9           7 :          10           8
           3  ::           9           9 :          10          10
  PASS  Test GridToMesh, ESMF_GridToMeshUTest.F90, line 132
  Ending Test, file ESMF_GridToMeshUTest.F90, line 137
  PASS  Test GridToMesh, ESMF_GridToMeshUTest.F90, line 132
  Ending Test, file ESMF_GridToMeshUTest.F90, line 137
  PASS  Test GridToMesh, ESMF_GridToMeshUTest.F90, line 132
  Ending Test, file ESMF_GridToMeshUTest.F90, line 137
  PASS  Test GridToMesh, ESMF_GridToMeshUTest.F90, line 132
  Ending Test, file ESMF_GridToMeshUTest.F90, line 137
  PET           2  Test Elapsed Time    4.6700000000000008       msec.
  PET           0  Test Elapsed Time    4.6949999999999994       msec.
  PET           1  Test Elapsed Time    4.5740000000000016       msec.
  PET           3  Test Elapsed Time    4.8130000000000015       msec.
