build time -- 2021-04-23 12:43:04.760193
  Beginning Test, file ESMF_FieldGatherUTest.F90, line 58
  NUMBER_OF_PROCESSORS           4
  Beginning Test, file ESMF_FieldGatherUTest.F90, line 58
  NUMBER_OF_PROCESSORS           4
  Beginning Test, file ESMF_FieldGatherUTest.F90, line 58
  NUMBER_OF_PROCESSORS           4
  Beginning Test, file ESMF_FieldGatherUTest.F90, line 58
  NUMBER_OF_PROCESSORS           4
  PASS  FieldGather 1d test, ESMF_FieldGatherUTest.F90, line 72
  PASS  FieldGather 1d test, ESMF_FieldGatherUTest.F90, line 72
  PASS  FieldGather 1d test, ESMF_FieldGatherUTest.F90, line 72
  PASS  FieldGather 1d test, ESMF_FieldGatherUTest.F90, line 72
  PASS  FieldGather 2d test, ESMF_FieldGatherUTest.F90, line 80
  PASS  FieldGather 2d test, ESMF_FieldGatherUTest.F90, line 80
  PASS  FieldGather 2d test, ESMF_FieldGatherUTest.F90, line 80
  PASS  FieldGather 2d test, ESMF_FieldGatherUTest.F90, line 80
  PASS  FieldGather 3d test, ESMF_FieldGatherUTest.F90, line 88
  PASS  FieldGather 3d test, ESMF_FieldGatherUTest.F90, line 88
  PASS  FieldGather 3d test, ESMF_FieldGatherUTest.F90, line 88
  PASS  FieldGather 3d test, ESMF_FieldGatherUTest.F90, line 88
  PASS  FieldScatter 2d test, ESMF_FieldGatherUTest.F90, line 96
  Ending Test, file ESMF_FieldGatherUTest.F90, line 99
  PASS  FieldScatter 2d test, ESMF_FieldGatherUTest.F90, line 96
  Ending Test, file ESMF_FieldGatherUTest.F90, line 99
  PASS  FieldScatter 2d test, ESMF_FieldGatherUTest.F90, line 96
  Ending Test, file ESMF_FieldGatherUTest.F90, line 99
  PASS  FieldScatter 2d test, ESMF_FieldGatherUTest.F90, line 96
  Ending Test, file ESMF_FieldGatherUTest.F90, line 99
  PET           2  Test Elapsed Time    3.5750000000000002       msec.
  PET           1  Test Elapsed Time    3.5379999999999994       msec.
  PET           3  Test Elapsed Time    3.3679999999999994       msec.
  PET           0  Test Elapsed Time    3.5170000000000012       msec.
