build time -- 2021-04-23 12:43:04.760193
  Beginning Test, file ESMF_FieldIOUTest.F90, line 112
  NUMBER_OF_PROCESSORS           4
  Beginning Test, file ESMF_FieldIOUTest.F90, line 112
  NUMBER_OF_PROCESSORS           4
  Beginning Test, file ESMF_FieldIOUTest.F90, line 112
  NUMBER_OF_PROCESSORS           4
  Beginning Test, file ESMF_FieldIOUTest.F90, line 112
  NUMBER_OF_PROCESSORS           4
  PASS  Array Spec Set, ESMF_FieldIOUTest.F90, line 135
  PASS  Array Spec Set, ESMF_FieldIOUTest.F90, line 135
  PASS  Array Spec Set, ESMF_FieldIOUTest.F90, line 135
  PASS  Array Spec Set, ESMF_FieldIOUTest.F90, line 135
  PASS  Creating a Grid to use in Field Tests, ESMF_FieldIOUTest.F90, line 146
  PASS  Creating a Grid to use in Field Tests, ESMF_FieldIOUTest.F90, line 146
  PASS  Creating a Grid to use in Field Tests, ESMF_FieldIOUTest.F90, line 146
  PASS  Creating a Grid to use in Field Tests, ESMF_FieldIOUTest.F90, line 146
  PASS  Create a field from grid and fortran dummy array, ESMF_FieldIOUTest.F90, line 168
  PASS  Create a field from grid and fortran dummy array, ESMF_FieldIOUTest.F90, line 168
  PASS  Create a field from grid and fortran dummy array, ESMF_FieldIOUTest.F90, line 168
  PASS  Create a field from grid and fortran dummy array, ESMF_FieldIOUTest.F90, line 168
  PASS  Get Farray_w from field, ESMF_FieldIOUTest.F90, line 179
  PASS  Get Farray_w from field, ESMF_FieldIOUTest.F90, line 179
  PASS  Get Farray_w from field, ESMF_FieldIOUTest.F90, line 179
  PASS  Get Farray_w from field, ESMF_FieldIOUTest.F90, line 179
  PASS  Write Fortran array in Field, ESMF_FieldIOUTest.F90, line 207
  PASS  Write Fortran array in Field, ESMF_FieldIOUTest.F90, line 207
  PASS  Write Fortran array in Field, ESMF_FieldIOUTest.F90, line 207
  PASS  Write Fortran array in Field, ESMF_FieldIOUTest.F90, line 207
  PASS  Create a field from grid and fortran dummy array without halo, ESMF_FieldIOUTest.F90, line 220
  PASS  Create a field from grid and fortran dummy array without halo, ESMF_FieldIOUTest.F90, line 220
  PASS  Create a field from grid and fortran dummy array without halo, ESMF_FieldIOUTest.F90, line 220
  PASS  Create a field from grid and fortran dummy array without halo, ESMF_FieldIOUTest.F90, line 220
  PASS  Get Farray_w from nohalo field, ESMF_FieldIOUTest.F90, line 231
  PASS  Get Farray_w from nohalo field, ESMF_FieldIOUTest.F90, line 231
  PASS  Get Farray_w from nohalo field, ESMF_FieldIOUTest.F90, line 231
  PASS  Get Farray_w from nohalo field, ESMF_FieldIOUTest.F90, line 231
  PASS  Write Fortran array in nohalo Field, ESMF_FieldIOUTest.F90, line 255
  PASS  Write Fortran array in nohalo Field, ESMF_FieldIOUTest.F90, line 255
  PASS  Write Fortran array in nohalo Field, ESMF_FieldIOUTest.F90, line 255
  PASS  Write Fortran array in nohalo Field, ESMF_FieldIOUTest.F90, line 255
  PASS  Create a field from grid and fortran dummy array without halo, ESMF_FieldIOUTest.F90, line 268
  PASS  Create a field from grid and fortran dummy array without halo, ESMF_FieldIOUTest.F90, line 268
  PASS  Create a field from grid and fortran dummy array without halo, ESMF_FieldIOUTest.F90, line 268
  PASS  Create a field from grid and fortran dummy array without halo, ESMF_FieldIOUTest.F90, line 268
  PASS  Write multiple Fields with same dimensions to a file, ESMF_FieldIOUTest.F90, line 279
  PASS  Write multiple Fields with same dimensions to a file, ESMF_FieldIOUTest.F90, line 279
  PASS  Write multiple Fields with same dimensions to a file, ESMF_FieldIOUTest.F90, line 279
  PASS  Write multiple Fields with same dimensions to a file, ESMF_FieldIOUTest.F90, line 279
  PASS  Write Farray_tw at different time t in a loop, ESMF_FieldIOUTest.F90, line 385
  PASS  Array Spec Set, ESMF_FieldIOUTest.F90, line 400
  PASS  Write Farray_tw at different time t in a loop, ESMF_FieldIOUTest.F90, line 385
  PASS  Array Spec Set, ESMF_FieldIOUTest.F90, line 400
  PASS  Write Farray_tw at different time t in a loop, ESMF_FieldIOUTest.F90, line 385
  PASS  Array Spec Set, ESMF_FieldIOUTest.F90, line 400
  PASS  Write Farray_tw at different time t in a loop, ESMF_FieldIOUTest.F90, line 385
  PASS  Array Spec Set, ESMF_FieldIOUTest.F90, line 400
  PASS  Create new Field_r, ESMF_FieldIOUTest.F90, line 410
  PASS  Create new Field_r, ESMF_FieldIOUTest.F90, line 410
  PASS  Create new Field_r, ESMF_FieldIOUTest.F90, line 410
  PASS  Create new Field_r, ESMF_FieldIOUTest.F90, line 410
  PASS  Read data to object field_r with non-existant file, ESMF_FieldIOUTest.F90, line 420
  PASS  Read data to object field_r with non-existant file, ESMF_FieldIOUTest.F90, line 420
  PASS  Read data to object field_r with non-existant file, ESMF_FieldIOUTest.F90, line 420
  PASS  Read data to object field_r with non-existant file, ESMF_FieldIOUTest.F90, line 420
  PASS  Read data to object field_r, ESMF_FieldIOUTest.F90, line 434
  PASS  Point data to Fortran pointer Farray_r, ESMF_FieldIOUTest.F90, line 447
 Maximum Error (read-write) =    0.0000000000000000     
  PASS  Compare readin data to the existing data, ESMF_FieldIOUTest.F90, line 470
  PASS  Read data to object field_r, ESMF_FieldIOUTest.F90, line 434
  PASS  Point data to Fortran pointer Farray_r, ESMF_FieldIOUTest.F90, line 447
 Maximum Error (read-write) =    0.0000000000000000     
  PASS  Compare readin data to the existing data, ESMF_FieldIOUTest.F90, line 470
  PASS  Read data to object field_r, ESMF_FieldIOUTest.F90, line 434
  PASS  Point data to Fortran pointer Farray_r, ESMF_FieldIOUTest.F90, line 447
 Maximum Error (read-write) =    0.0000000000000000     
  PASS  Compare readin data to the existing data, ESMF_FieldIOUTest.F90, line 470
  PASS  Read data to object field_r, ESMF_FieldIOUTest.F90, line 434
  PASS  Point data to Fortran pointer Farray_r, ESMF_FieldIOUTest.F90, line 447
 Maximum Error (read-write) =    0.0000000000000000     
  PASS  Compare readin data to the existing data, ESMF_FieldIOUTest.F90, line 470
  PASS  Create new Field_r, ESMF_FieldIOUTest.F90, line 507
  PASS  Create new Field_r, ESMF_FieldIOUTest.F90, line 507
  PASS  Create new Field_r, ESMF_FieldIOUTest.F90, line 507
  PASS  Create new Field_r, ESMF_FieldIOUTest.F90, line 507
  PASS  Read data time=t to object field_r per slice, ESMF_FieldIOUTest.F90, line 517
  PASS  Point data to Fortran pointer Farray_tr, ESMF_FieldIOUTest.F90, line 530
 Maximum Error with Halos (read-write) =    0.0000000000000000     
  PASS  Compare readin data to the existing data, ESMF_FieldIOUTest.F90, line 552
  PASS  Read data time=t to object field_r per slice, ESMF_FieldIOUTest.F90, line 517
  PASS  Point data to Fortran pointer Farray_tr, ESMF_FieldIOUTest.F90, line 530
 Maximum Error with Halos (read-write) =    0.0000000000000000     
  PASS  Compare readin data to the existing data, ESMF_FieldIOUTest.F90, line 552
  PASS  Read data time=t to object field_r per slice, ESMF_FieldIOUTest.F90, line 517
  PASS  Point data to Fortran pointer Farray_tr, ESMF_FieldIOUTest.F90, line 530
 Maximum Error with Halos (read-write) =    0.0000000000000000     
  PASS  Compare readin data to the existing data, ESMF_FieldIOUTest.F90, line 552
  PASS  Read data time=t to object field_r per slice, ESMF_FieldIOUTest.F90, line 517
  PASS  Point data to Fortran pointer Farray_tr, ESMF_FieldIOUTest.F90, line 530
 Maximum Error with Halos (read-write) =    0.0000000000000000     
  PASS  Compare readin data to the existing data, ESMF_FieldIOUTest.F90, line 552
  PASS  Create new Field_s for without Halo, ESMF_FieldIOUTest.F90, line 567
  PASS  Create new Field_s for without Halo, ESMF_FieldIOUTest.F90, line 567
  PASS  Create new Field_s for without Halo, ESMF_FieldIOUTest.F90, line 567
  PASS  Create new Field_s for without Halo, ESMF_FieldIOUTest.F90, line 567
  PASS  Read data time=t to object field_r per slice, ESMF_FieldIOUTest.F90, line 577
  PASS  Point data to Fortran pointer Farray_sr, ESMF_FieldIOUTest.F90, line 590
 Maximum Error without Halos (read-write) =    0.0000000000000000     
  PASS  Compare readin data to the existing data, ESMF_FieldIOUTest.F90, line 612
  PASS  Read data time=t to object field_r per slice, ESMF_FieldIOUTest.F90, line 577
  PASS  Point data to Fortran pointer Farray_sr, ESMF_FieldIOUTest.F90, line 590
 Maximum Error without Halos (read-write) =    0.0000000000000000     
  PASS  Compare readin data to the existing data, ESMF_FieldIOUTest.F90, line 612
  PASS  Read data time=t to object field_r per slice, ESMF_FieldIOUTest.F90, line 577
  PASS  Point data to Fortran pointer Farray_sr, ESMF_FieldIOUTest.F90, line 590
 Maximum Error without Halos (read-write) =    0.0000000000000000     
  PASS  Compare readin data to the existing data, ESMF_FieldIOUTest.F90, line 612
  PASS  Read data time=t to object field_r per slice, ESMF_FieldIOUTest.F90, line 577
  PASS  Point data to Fortran pointer Farray_sr, ESMF_FieldIOUTest.F90, line 590
 Maximum Error without Halos (read-write) =    0.0000000000000000     
  PASS  Compare readin data to the existing data, ESMF_FieldIOUTest.F90, line 612
  PASS  Destroy Grid, ESMF_FieldIOUTest.F90, line 628
  PASS  Destroy Grid, ESMF_FieldIOUTest.F90, line 628
  PASS  Destroy Grid, ESMF_FieldIOUTest.F90, line 628
  PASS  Destroy Grid, ESMF_FieldIOUTest.F90, line 628
  PASS  Write Field, ESMF_FieldIOUTest.F90, line 690
  PASS  Destroy Grid, ESMF_FieldIOUTest.F90, line 697
  PASS  Write Field, ESMF_FieldIOUTest.F90, line 690
  PASS  Destroy Grid, ESMF_FieldIOUTest.F90, line 697
  PASS  Write Field, ESMF_FieldIOUTest.F90, line 690
  PASS  Destroy Grid, ESMF_FieldIOUTest.F90, line 697
  PASS  Write Field, ESMF_FieldIOUTest.F90, line 690
  PASS  Destroy Grid, ESMF_FieldIOUTest.F90, line 697
  PASS  Create a gloablly indexed grid, ESMF_FieldIOUTest.F90, line 711
  PASS  Create a gloablly indexed grid, ESMF_FieldIOUTest.F90, line 711
  PASS  Create a gloablly indexed grid, ESMF_FieldIOUTest.F90, line 711
  PASS  Create a gloablly indexed grid, ESMF_FieldIOUTest.F90, line 711
  PASS  Create a gloablly indexed field from grid and fortran dummy array, ESMF_FieldIOUTest.F90, line 722
  PASS  Create a gloablly indexed field from grid and fortran dummy array, ESMF_FieldIOUTest.F90, line 722
  PASS  Create a gloablly indexed field from grid and fortran dummy array, ESMF_FieldIOUTest.F90, line 722
  PASS  Create a gloablly indexed field from grid and fortran dummy array, ESMF_FieldIOUTest.F90, line 722
  PASS  Get Farray_gw from field, ESMF_FieldIOUTest.F90, line 735
  PASS  Get Farray_gw from field, ESMF_FieldIOUTest.F90, line 735
  PASS  Get Farray_gw from field, ESMF_FieldIOUTest.F90, line 735
  PASS  Get Farray_gw from field, ESMF_FieldIOUTest.F90, line 735
  PASS  Write globally indexed Field, ESMF_FieldIOUTest.F90, line 747
  PASS  Write globally indexed Field, ESMF_FieldIOUTest.F90, line 747
  PASS  Write globally indexed Field, ESMF_FieldIOUTest.F90, line 747
  PASS  Write globally indexed Field, ESMF_FieldIOUTest.F90, line 747
  PASS  Create a globally indexed field from grid and fortran dummy array, ESMF_FieldIOUTest.F90, line 761
  PASS  Create a globally indexed field from grid and fortran dummy array, ESMF_FieldIOUTest.F90, line 761
  PASS  Create a globally indexed field from grid and fortran dummy array, ESMF_FieldIOUTest.F90, line 761
  PASS  Create a globally indexed field from grid and fortran dummy array, ESMF_FieldIOUTest.F90, line 761
  PASS  Read globally indexed Field data, ESMF_FieldIOUTest.F90, line 772
  PASS  Read globally indexed Field data, ESMF_FieldIOUTest.F90, line 772
  PASS  Read globally indexed Field data, ESMF_FieldIOUTest.F90, line 772
  PASS  Read globally indexed Field data, ESMF_FieldIOUTest.F90, line 772
  PASS  Get Farray_gr from field, ESMF_FieldIOUTest.F90, line 786
  PASS  Compare read-in data with expected, ESMF_FieldIOUTest.F90, line 800
  PASS  Get Farray_gr from field, ESMF_FieldIOUTest.F90, line 786
  PASS  Compare read-in data with expected, ESMF_FieldIOUTest.F90, line 800
  PASS  Get Farray_gr from field, ESMF_FieldIOUTest.F90, line 786
  PASS  Compare read-in data with expected, ESMF_FieldIOUTest.F90, line 800
  PASS  Get Farray_gr from field, ESMF_FieldIOUTest.F90, line 786
  PASS  Compare read-in data with expected, ESMF_FieldIOUTest.F90, line 800
  PASS  Create a gloablly indexed field with different name, ESMF_FieldIOUTest.F90, line 815
  PASS  Create a gloablly indexed field with different name, ESMF_FieldIOUTest.F90, line 815
  PASS  Create a gloablly indexed field with different name, ESMF_FieldIOUTest.F90, line 815
  PASS  Create a gloablly indexed field with different name, ESMF_FieldIOUTest.F90, line 815
  PASS  Read globally indexed Field data, ESMF_FieldIOUTest.F90, line 826
  PASS  Destroy globally indexed Grid, ESMF_FieldIOUTest.F90, line 838
  PASS  Read globally indexed Field data, ESMF_FieldIOUTest.F90, line 826
  PASS  Destroy globally indexed Grid, ESMF_FieldIOUTest.F90, line 838
  PASS  Read globally indexed Field data, ESMF_FieldIOUTest.F90, line 826
  PASS  Destroy globally indexed Grid, ESMF_FieldIOUTest.F90, line 838
  PASS  Read globally indexed Field data, ESMF_FieldIOUTest.F90, line 826
  PASS  Destroy globally indexed Grid, ESMF_FieldIOUTest.F90, line 838
  PASS  Creating a Grid with 2DEs/PET to use in Field Tests, ESMF_FieldIOUTest.F90, line 853
  PASS  Creating a Grid with 2DEs/PET to use in Field Tests, ESMF_FieldIOUTest.F90, line 853
  PASS  Creating a Grid with 2DEs/PET to use in Field Tests, ESMF_FieldIOUTest.F90, line 853
  PASS  Creating a Grid with 2DEs/PET to use in Field Tests, ESMF_FieldIOUTest.F90, line 853
  PASS  Create a field from 2DE grid and fortran dummy array, ESMF_FieldIOUTest.F90, line 864
  PASS  Create a field from 2DE grid and fortran dummy array, ESMF_FieldIOUTest.F90, line 864
  PASS  Create a field from 2DE grid and fortran dummy array, ESMF_FieldIOUTest.F90, line 864
  PASS  Create a field from 2DE grid and fortran dummy array, ESMF_FieldIOUTest.F90, line 864
  PASS  Get and fill Farray_w from field DE 0, ESMF_FieldIOUTest.F90, line 876
  PASS  Get and fill Farray_w from field DE 0, ESMF_FieldIOUTest.F90, line 876
  PASS  Get and fill Farray_w from field DE 0, ESMF_FieldIOUTest.F90, line 876
  PASS  Get and fill Farray_w from field DE 0, ESMF_FieldIOUTest.F90, line 876
  PASS  Get and fill Farray_w from field DE 1, ESMF_FieldIOUTest.F90, line 888
  PASS  Get and fill Farray_w from field DE 1, ESMF_FieldIOUTest.F90, line 888
  PASS  Get and fill Farray_w from field DE 1, ESMF_FieldIOUTest.F90, line 888
  PASS  Get and fill Farray_w from field DE 1, ESMF_FieldIOUTest.F90, line 888
  PASS  Write Fortran 2DE array in Field, ESMF_FieldIOUTest.F90, line 900
  PASS  Write Fortran 2DE array in Field, ESMF_FieldIOUTest.F90, line 900
  PASS  Write Fortran 2DE array in Field, ESMF_FieldIOUTest.F90, line 900
  PASS  Write Fortran 2DE array in Field, ESMF_FieldIOUTest.F90, line 900
  PASS  Create a globally indexed field from grid and fortran dummy array, ESMF_FieldIOUTest.F90, line 914
  PASS  Create a globally indexed field from grid and fortran dummy array, ESMF_FieldIOUTest.F90, line 914
  PASS  Create a globally indexed field from grid and fortran dummy array, ESMF_FieldIOUTest.F90, line 914
  PASS  Create a globally indexed field from grid and fortran dummy array, ESMF_FieldIOUTest.F90, line 914
-r--r--r-- 1 mpotts mpotts 1736 Apr 23 12:49 field_2DE.nc
  PASS  Read 2DE Field Array data, ESMF_FieldIOUTest.F90, line 933
  PASS  Read 2DE Field Array data, ESMF_FieldIOUTest.F90, line 933
  PASS  Read 2DE Field Array data, ESMF_FieldIOUTest.F90, line 933
  PASS  Read 2DE Field Array data, ESMF_FieldIOUTest.F90, line 933
-rw-r--r-- 1 mpotts mpotts 1736 Apr 23 12:49 field_2DE.nc
  PASS  Get Farray_r from field DE 0, ESMF_FieldIOUTest.F90, line 956
  PASS  DE 0 Array comparison test, ESMF_FieldIOUTest.F90, line 969
  PASS  Get Farray_r from field DE 0, ESMF_FieldIOUTest.F90, line 956
  PASS  DE 0 Array comparison test, ESMF_FieldIOUTest.F90, line 969
  PASS  Get Farray_r from field DE 0, ESMF_FieldIOUTest.F90, line 956
  PASS  DE 0 Array comparison test, ESMF_FieldIOUTest.F90, line 969
  PASS  Get Farray_r from field DE 0, ESMF_FieldIOUTest.F90, line 956
  PASS  DE 0 Array comparison test, ESMF_FieldIOUTest.F90, line 969
  PASS  Get Farray_r from field DE 1, ESMF_FieldIOUTest.F90, line 980
  PASS  DE 1 Array comparison test, ESMF_FieldIOUTest.F90, line 993
  PASS  Destroy globally indexed 2DE Grid, ESMF_FieldIOUTest.F90, line 1001
  PASS  Get Farray_r from field DE 1, ESMF_FieldIOUTest.F90, line 980
  PASS  DE 1 Array comparison test, ESMF_FieldIOUTest.F90, line 993
  PASS  Destroy globally indexed 2DE Grid, ESMF_FieldIOUTest.F90, line 1001
  PASS  Get Farray_r from field DE 1, ESMF_FieldIOUTest.F90, line 980
  PASS  DE 1 Array comparison test, ESMF_FieldIOUTest.F90, line 993
  PASS  Destroy globally indexed 2DE Grid, ESMF_FieldIOUTest.F90, line 1001
  PASS  Get Farray_r from field DE 1, ESMF_FieldIOUTest.F90, line 980
  PASS  DE 1 Array comparison test, ESMF_FieldIOUTest.F90, line 993
  PASS  Destroy globally indexed 2DE Grid, ESMF_FieldIOUTest.F90, line 1001
  PASS  Create a 1D arbitrarily distributed distgrid, ESMF_FieldIOUTest.F90, line 1018
  PASS  Create a 1D arbitrarily distributed distgrid, ESMF_FieldIOUTest.F90, line 1018
  PASS  Create a 1D arbitrarily distributed distgrid, ESMF_FieldIOUTest.F90, line 1018
  PASS  Create a 1D arbitrarily distributed distgrid, ESMF_FieldIOUTest.F90, line 1018
  PASS  Create a mesh on the 1D elemental distgrid, ESMF_FieldIOUTest.F90, line 1025
  PASS  Get Field Bounds based on elem_mesh, ESMF_FieldIOUTest.F90, line 1034
  PASS  Create a mesh on the 1D elemental distgrid, ESMF_FieldIOUTest.F90, line 1025
  PASS  Get Field Bounds based on elem_mesh, ESMF_FieldIOUTest.F90, line 1034
  PASS  Create a mesh on the 1D elemental distgrid, ESMF_FieldIOUTest.F90, line 1025
  PASS  Get Field Bounds based on elem_mesh, ESMF_FieldIOUTest.F90, line 1034
  PASS  Create a mesh on the 1D elemental distgrid, ESMF_FieldIOUTest.F90, line 1025
  PASS  Get Field Bounds based on elem_mesh, ESMF_FieldIOUTest.F90, line 1034
  PASS  Create a Field on the 1D mesh, ESMF_FieldIOUTest.F90, line 1045
 Field Print Starts ====>
 Field base status = Ready
   Name = 'Field073'
 Base name    = Field073
 Status: Base = Ready,  object = Ready
 Proxy        = no
 Root Info (Attributes):
  PASS  Create a Field on the 1D mesh, ESMF_FieldIOUTest.F90, line 1045
 Field Print Starts ====>
 Field base status = Ready
   Name = 'Field073'
 Base name    = Field073
 Status: Base = Ready,  object = Ready
 Proxy        = no
 Root Info (Attributes):
  PASS  Create a Field on the 1D mesh, ESMF_FieldIOUTest.F90, line 1045
 Field Print Starts ====>
 Field base status = Ready
   Name = 'Field073'
 Base name    = Field073
 Status: Base = Ready,  object = Ready
 Proxy        = no
 Root Info (Attributes):
  PASS  Create a Field on the 1D mesh, ESMF_FieldIOUTest.F90, line 1045
 Field Print Starts ====>
 Field base status = Ready
   Name = 'Field073'
 Base name    = Field073
 Status: Base = Ready,  object = Ready
 Proxy        = no
 Root Info (Attributes):
{} Field status =            4
 gridrank =            1
--- ESMCI::Array::print start ---
 Base name    = Array074
 Status: Base = Ready,  object = Ready
 Proxy        = no
 Root Info (Attributes):
{}Array typekind/rank: Real*8 / 2 
~ lower class' values ~
DistGrid dimCount = 1
deCount = 4
localDeCount = 1
~ local data in LocalArray for DE 1 ~
LocalArrayPrint: Array at address 0x1998e00:
            rank = 2, typekind = 6, base_addr = 0x1979320
            dim[0] = 10  dim[1] = 8  
  Real, *8, Dim 2, Data values:
( 1, 1) =  1.31962e-316
( 2, 1) =  2.122e-314
( 3, 1) =  2.122e-314
( 4, 1) =  0
( 5, 1) =  2.122e-314
( 6, 1) =  2.122e-314
( 7, 1) =  2.122e-314
( 8, 1) =  0
( 9, 1) =  2.122e-314
(10, 1) =  2.122e-314
  skipping to end ...
( 1, 8) =  2.122e-314
( 2, 8) =  0
( 3, 8) =  2.122e-314
( 4, 8) =  2.122e-314
( 5, 8) =  2.122e-314
( 6, 8) =  0
( 7, 8) =  2.122e-314
( 8, 8) =  2.122e-314
( 9, 8) =  2.122e-314
{} Field status =            4
 gridrank =            1
--- ESMCI::Array::print start ---
 Base name    = Array074
 Status: Base = Ready,  object = Ready
 Proxy        = no
 Root Info (Attributes):
{}Array typekind/rank: Real*8 / 2 
~ lower class' values ~
DistGrid dimCount = 1
deCount = 4
localDeCount = 1
~ local data in LocalArray for DE 2 ~
LocalArrayPrint: Array at address 0x1e081e0:
            rank = 2, typekind = 6, base_addr = 0x1df7dc0
            dim[0] = 10  dim[1] = 8  
  Real, *8, Dim 2, Data values:
( 1, 1) =  1.55251e-316
( 2, 1) =  2.122e-314
( 3, 1) =  2.122e-314
( 4, 1) =  0
( 5, 1) =  2.122e-314
( 6, 1) =  2.122e-314
( 7, 1) =  2.122e-314
( 8, 1) =  0
( 9, 1) =  2.122e-314
(10, 1) =  2.122e-314
  skipping to end ...
( 1, 8) =  2.122e-314
( 2, 8) =  0
( 3, 8) =  2.122e-314
( 4, 8) =  2.122e-314
( 5, 8) =  2.122e-314
( 6, 8) =  0
( 7, 8) =  2.122e-314
( 8, 8) =  2.122e-314
( 9, 8) =  2.122e-314
(10, 8) =  0
dim 1: undistLBound[0]=1            undistUBound[0]=10
{} Field status =            4
 gridrank =            1
--- ESMCI::Array::print start ---
 Base name    = Array074
 Status: Base = Ready,  object = Ready
 Proxy        = no
 Root Info (Attributes):
{}Array typekind/rank: Real*8 / 2 
~ lower class' values ~
DistGrid dimCount = 1
deCount = 4
localDeCount = 1
~ local data in LocalArray for DE 3 ~
LocalArrayPrint: Array at address 0x108dc70:
            rank = 2, typekind = 6, base_addr = 0x107de50
            dim[0] = 10  dim[1] = 8  
  Real, *8, Dim 2, Data values:
( 1, 1) =  8.54341e-317
( 2, 1) =  2.122e-314
( 3, 1) =  2.122e-314
( 4, 1) =  0
( 5, 1) =  2.122e-314
( 6, 1) =  2.122e-314
( 7, 1) =  2.122e-314
( 8, 1) =  0
( 9, 1) =  2.122e-314
(10, 1) =  2.122e-314
  skipping to end ...
( 1, 8) =  2.122e-314
( 2, 8) =  0
( 3, 8) =  2.122e-314
( 4, 8) =  2.122e-314
( 5, 8) =  2.122e-314
( 6, 8) =  0
( 7, 8) =  2.122e-314
( 8, 8) =  2.122e-314
( 9, 8) =  2.122e-314
{} Field status =            4
 gridrank =            1
--- ESMCI::Array::print start ---
 Base name    = Array074
 Status: Base = Ready,  object = Ready
 Proxy        = no
 Root Info (Attributes):
{}Array typekind/rank: Real*8 / 2 
~ lower class' values ~
DistGrid dimCount = 1
deCount = 4
localDeCount = 1
~ local data in LocalArray for DE 0 ~
LocalArrayPrint: Array at address 0x2280e50:
            rank = 2, typekind = 6, base_addr = 0x2329b10
            dim[0] = 10  dim[1] = 8  
  Real, *8, Dim 2, Data values:
( 1, 1) =  1.8217e-316
( 2, 1) =  2.122e-314
( 3, 1) =  2.122e-314
( 4, 1) =  0
( 5, 1) =  2.122e-314
( 6, 1) =  2.122e-314
( 7, 1) =  2.122e-314
( 8, 1) =  0
( 9, 1) =  2.122e-314
(10, 1) =  2.122e-314
  skipping to end ...
( 1, 8) =  2.122e-314
( 2, 8) =  0
( 3, 8) =  2.122e-314
( 4, 8) =  2.122e-314
( 5, 8) =  2.122e-314
( 6, 8) =  0
( 7, 8) =  2.122e-314
( 8, 8) =  2.122e-314
( 9, 8) =  2.122e-314
(10, 8) =  0
dim 1: undistLBound[0]=1            undistUBound[0]=10
(10, 8) =  0
dim 1: undistLBound[0]=1            undistUBound[0]=10
dim 2: [0]: [1 [1 [1, 8] 8] 8]
(10, 8) =  0
dim 1: undistLBound[0]=1            undistUBound[0]=10
dim 2: [0]: [1 [1 [1, 8] 8] 8]
--- ESMCI::Array::print end ---
dim 2: [0]: [1 [1 [1, 8] 8] 8]
--- ESMCI::Array::print end ---
dim 2: [0]: [1 [1 [1, 8] 8] 8]
--- ESMCI::Array::print end ---
--- ESMCI::Array::print end ---
 arrayrank =            2
 gridToFieldMap ungriddedLBound ungriddedUBound totalLWidth totalUWidth
           2           1          10                0           0
          -1          -1          -1               -1          -1
          -1          -1          -1               -1          -1
          -1          -1          -1               -1          -1
          -1          -1          -1               -1          -1
          -1          -1          -1               -1          -1
          -1          -1          -1               -1          -1
 Field Print Ends   ====>
 arrayrank =            2
 gridToFieldMap ungriddedLBound ungriddedUBound totalLWidth totalUWidth
           2           1          10                0           0
          -1          -1          -1               -1          -1
          -1          -1          -1               -1          -1
          -1          -1          -1               -1          -1
          -1          -1          -1               -1          -1
          -1          -1          -1               -1          -1
          -1          -1          -1               -1          -1
 Field Print Ends   ====>
 arrayrank =            2
 gridToFieldMap ungriddedLBound ungriddedUBound totalLWidth totalUWidth
           2           1          10                0           0
          -1          -1          -1               -1          -1
          -1          -1          -1               -1          -1
          -1          -1          -1               -1          -1
          -1          -1          -1               -1          -1
          -1          -1          -1               -1          -1
          -1          -1          -1               -1          -1
 Field Print Ends   ====>
 arrayrank =            2
 gridToFieldMap ungriddedLBound ungriddedUBound totalLWidth totalUWidth
           2           1          10                0           0
          -1          -1          -1               -1          -1
          -1          -1          -1               -1          -1
          -1          -1          -1               -1          -1
          -1          -1          -1               -1          -1
          -1          -1          -1               -1          -1
          -1          -1          -1               -1          -1
 Field Print Ends   ====>
  PASS  Write a Field containing the 1D mesh, ESMF_FieldIOUTest.F90, line 1058
  PASS  Write a Field containing the 1D mesh, ESMF_FieldIOUTest.F90, line 1058
  PASS  Write a Field containing the 1D mesh, ESMF_FieldIOUTest.F90, line 1058
  PASS  Write a Field containing the 1D mesh, ESMF_FieldIOUTest.F90, line 1058
  PASS  Creating a Grid to use in Field Attribute Tests, ESMF_FieldIOUTest.F90, line 1078
  PASS  Creating a Grid to use in Field Attribute Tests, ESMF_FieldIOUTest.F90, line 1078
  PASS  Creating a Grid to use in Field Attribute Tests, ESMF_FieldIOUTest.F90, line 1078
  PASS  Creating a Grid to use in Field Attribute Tests, ESMF_FieldIOUTest.F90, line 1078
  PASS  Create dimensions attribute package on Grid Test, ESMF_FieldIOUTest.F90, line 1088
  PASS  Create dimensions attribute package on Grid Test, ESMF_FieldIOUTest.F90, line 1088
  PASS  Create dimensions attribute package on Grid Test, ESMF_FieldIOUTest.F90, line 1088
  PASS  Create dimensions attribute package on Grid Test, ESMF_FieldIOUTest.F90, line 1088
  PASS  Set dimension label values on Grid Test, ESMF_FieldIOUTest.F90, line 1099
  PASS  Set dimension label values on Grid Test, ESMF_FieldIOUTest.F90, line 1099
  PASS  Set dimension label values on Grid Test, ESMF_FieldIOUTest.F90, line 1099
  PASS  Set dimension label values on Grid Test, ESMF_FieldIOUTest.F90, line 1099
  PASS  Create a field for attribute package Test, ESMF_FieldIOUTest.F90, line 1109
  PASS  Create a field for attribute package Test, ESMF_FieldIOUTest.F90, line 1109
  PASS  Create a field for attribute package Test, ESMF_FieldIOUTest.F90, line 1109
  PASS  Create a field for attribute package Test, ESMF_FieldIOUTest.F90, line 1109
  PASS  Create attribute package for Field variable Test, ESMF_FieldIOUTest.F90, line 1118
  PASS  Create attribute package for Field variable Test, ESMF_FieldIOUTest.F90, line 1118
  PASS  Create attribute package for Field variable Test, ESMF_FieldIOUTest.F90, line 1118
  PASS  Create attribute package for Field variable Test, ESMF_FieldIOUTest.F90, line 1118
  PASS  Set attribute package values for Field variable Test, ESMF_FieldIOUTest.F90, line 1170
  PASS  Set attribute package values for Field variable Test, ESMF_FieldIOUTest.F90, line 1170
  PASS  Set attribute package values for Field variable Test, ESMF_FieldIOUTest.F90, line 1170
  PASS  Set attribute package values for Field variable Test, ESMF_FieldIOUTest.F90, line 1170
  PASS  Write Fortran array in Field with attributes, ESMF_FieldIOUTest.F90, line 1182
  PASS  Write Fortran array in Field with attributes, ESMF_FieldIOUTest.F90, line 1182
  PASS  Write Fortran array in Field with attributes, ESMF_FieldIOUTest.F90, line 1182
  PASS  Write Fortran array in Field with attributes, ESMF_FieldIOUTest.F90, line 1182
  PASS  Creating a Grid with global indexing to use in Field Tests, ESMF_FieldIOUTest.F90, line 1202
  PASS  Creating a Grid with global indexing to use in Field Tests, ESMF_FieldIOUTest.F90, line 1202
  PASS  Creating a Grid with global indexing to use in Field Tests, ESMF_FieldIOUTest.F90, line 1202
  PASS  Creating a Grid with global indexing to use in Field Tests, ESMF_FieldIOUTest.F90, line 1202
  PASS  Create a field with 1 ungridded dim, ESMF_FieldIOUTest.F90, line 1213
  PASS  Create a field with 1 ungridded dim, ESMF_FieldIOUTest.F90, line 1213
  PASS  Create a field with 1 ungridded dim, ESMF_FieldIOUTest.F90, line 1213
  PASS  Create a field with 1 ungridded dim, ESMF_FieldIOUTest.F90, line 1213
  PASS  Get and fill a field with 1 ungridded dim, ESMF_FieldIOUTest.F90, line 1231
  PASS  Get and fill a field with 1 ungridded dim, ESMF_FieldIOUTest.F90, line 1231
  PASS  Get and fill a field with 1 ungridded dim, ESMF_FieldIOUTest.F90, line 1231
  PASS  Get and fill a field with 1 ungridded dim, ESMF_FieldIOUTest.F90, line 1231
  PASS  Write Fortran array in Field with 1 ungridded dimension, ESMF_FieldIOUTest.F90, line 1242
  PASS  Write Fortran array in Field with 1 ungridded dimension, ESMF_FieldIOUTest.F90, line 1242
  PASS  Write Fortran array in Field with 1 ungridded dimension, ESMF_FieldIOUTest.F90, line 1242
  PASS  Write Fortran array in Field with 1 ungridded dimension, ESMF_FieldIOUTest.F90, line 1242
  PASS  Create a field with 1 ungridded dim for comparison test, ESMF_FieldIOUTest.F90, line 1256
  PASS  Create a field with 1 ungridded dim for comparison test, ESMF_FieldIOUTest.F90, line 1256
  PASS  Create a field with 1 ungridded dim for comparison test, ESMF_FieldIOUTest.F90, line 1256
  PASS  Create a field with 1 ungridded dim for comparison test, ESMF_FieldIOUTest.F90, line 1256
  PASS  Read Fortran array in Field with 1 ungridded dimension, ESMF_FieldIOUTest.F90, line 1266
  PASS  Read Fortran array in Field with 1 ungridded dimension, ESMF_FieldIOUTest.F90, line 1266
  PASS  Read Fortran array in Field with 1 ungridded dimension, ESMF_FieldIOUTest.F90, line 1266
  PASS  Read Fortran array in Field with 1 ungridded dimension, ESMF_FieldIOUTest.F90, line 1266
  PASS  Access comparison field data with 1 ungridded dim, ESMF_FieldIOUTest.F90, line 1280
  PASS  Comparison field data with 1 ungridded dim, ESMF_FieldIOUTest.F90, line 1303
  PASS  Array Spec 3D Set, ESMF_FieldIOUTest.F90, line 1312
  PASS  Access comparison field data with 1 ungridded dim, ESMF_FieldIOUTest.F90, line 1280
  PASS  Comparison field data with 1 ungridded dim, ESMF_FieldIOUTest.F90, line 1303
  PASS  Array Spec 3D Set, ESMF_FieldIOUTest.F90, line 1312
  PASS  Access comparison field data with 1 ungridded dim, ESMF_FieldIOUTest.F90, line 1280
  PASS  Comparison field data with 1 ungridded dim, ESMF_FieldIOUTest.F90, line 1303
  PASS  Array Spec 3D Set, ESMF_FieldIOUTest.F90, line 1312
  PASS  Access comparison field data with 1 ungridded dim, ESMF_FieldIOUTest.F90, line 1280
  PASS  Comparison field data with 1 ungridded dim, ESMF_FieldIOUTest.F90, line 1303
  PASS  Array Spec 3D Set, ESMF_FieldIOUTest.F90, line 1312
  PASS  Create a field with ungridded dims for attribute package Test, ESMF_FieldIOUTest.F90, line 1322
  PASS  Create a field with ungridded dims for attribute package Test, ESMF_FieldIOUTest.F90, line 1322
  PASS  Create a field with ungridded dims for attribute package Test, ESMF_FieldIOUTest.F90, line 1322
  PASS  Create a field with ungridded dims for attribute package Test, ESMF_FieldIOUTest.F90, line 1322
  PASS  Create ungridded dimensions attribute package on Field Test, ESMF_FieldIOUTest.F90, line 1331
  PASS  Set ungridded dimension label values on Field Test, ESMF_FieldIOUTest.F90, line 1342
  PASS  Create ungridded dimensions attribute package on Field Test, ESMF_FieldIOUTest.F90, line 1331
  PASS  Set ungridded dimension label values on Field Test, ESMF_FieldIOUTest.F90, line 1342
  PASS  Create ungridded dimensions attribute package on Field Test, ESMF_FieldIOUTest.F90, line 1331
  PASS  Set ungridded dimension label values on Field Test, ESMF_FieldIOUTest.F90, line 1342
  PASS  Create ungridded dimensions attribute package on Field Test, ESMF_FieldIOUTest.F90, line 1331
  PASS  Set ungridded dimension label values on Field Test, ESMF_FieldIOUTest.F90, line 1342
  PASS  Create attribute package for Field variable Test, ESMF_FieldIOUTest.F90, line 1351
  PASS  Create attribute package for Field variable Test, ESMF_FieldIOUTest.F90, line 1351
  PASS  Create attribute package for Field variable Test, ESMF_FieldIOUTest.F90, line 1351
  PASS  Create attribute package for Field variable Test, ESMF_FieldIOUTest.F90, line 1351
  PASS  Set attribute package values for Field variable Test, ESMF_FieldIOUTest.F90, line 1403
  PASS  Set attribute package values for Field variable Test, ESMF_FieldIOUTest.F90, line 1403
  PASS  Set attribute package values for Field variable Test, ESMF_FieldIOUTest.F90, line 1403
  PASS  Set attribute package values for Field variable Test, ESMF_FieldIOUTest.F90, line 1403
  PASS  Write Fortran array in Field with attributes, ESMF_FieldIOUTest.F90, line 1416
  PASS  Create connectionList for deBlockList test, ESMF_FieldIOUTest.F90, line 1451
  PASS  Create DistGrid (from deBlockList) test, ESMF_FieldIOUTest.F90, line 1462
  PASS  Write Fortran array in Field with attributes, ESMF_FieldIOUTest.F90, line 1416
  PASS  Create connectionList for deBlockList test, ESMF_FieldIOUTest.F90, line 1451
  PASS  Create DistGrid (from deBlockList) test, ESMF_FieldIOUTest.F90, line 1462
  PASS  Write Fortran array in Field with attributes, ESMF_FieldIOUTest.F90, line 1416
  PASS  Create connectionList for deBlockList test, ESMF_FieldIOUTest.F90, line 1451
  PASS  Create DistGrid (from deBlockList) test, ESMF_FieldIOUTest.F90, line 1462
  PASS  Write Fortran array in Field with attributes, ESMF_FieldIOUTest.F90, line 1416
  PASS  Create connectionList for deBlockList test, ESMF_FieldIOUTest.F90, line 1451
  PASS  Create DistGrid (from deBlockList) test, ESMF_FieldIOUTest.F90, line 1462
  PASS  Create Grid from DistGrid (from deBlockList) test, ESMF_FieldIOUTest.F90, line 1474
  PASS  Create Grid from DistGrid (from deBlockList) test, ESMF_FieldIOUTest.F90, line 1474
  PASS  Create Grid from DistGrid (from deBlockList) test, ESMF_FieldIOUTest.F90, line 1474
  PASS  Create Grid from DistGrid (from deBlockList) test, ESMF_FieldIOUTest.F90, line 1474
  PASS  Create Field from Grid (from deBlockList)  test, ESMF_FieldIOUTest.F90, line 1484
  PASS  Create Field from Grid (from deBlockList)  test, ESMF_FieldIOUTest.F90, line 1484
  PASS  Create Field from Grid (from deBlockList)  test, ESMF_FieldIOUTest.F90, line 1484
  PASS  Create Field from Grid (from deBlockList)  test, ESMF_FieldIOUTest.F90, line 1484
  PASS  Write Field (from deBlockList) test, ESMF_FieldIOUTest.F90, line 1495
  PASS  Destroying a Field, ESMF_FieldIOUTest.F90, line 1514
  PASS  Write Field (from deBlockList) test, ESMF_FieldIOUTest.F90, line 1495
  PASS  Destroying a Field, ESMF_FieldIOUTest.F90, line 1514
  PASS  Write Field (from deBlockList) test, ESMF_FieldIOUTest.F90, line 1495
  PASS  Destroying a Field, ESMF_FieldIOUTest.F90, line 1514
  PASS  Write Field (from deBlockList) test, ESMF_FieldIOUTest.F90, line 1495
  PASS  Destroying a Field, ESMF_FieldIOUTest.F90, line 1514
  PASS  Destroying all Fields, Grids, and DistGrids, ESMF_FieldIOUTest.F90, line 1556
  Ending Test, file ESMF_FieldIOUTest.F90, line 1566
  PASS  Destroying all Fields, Grids, and DistGrids, ESMF_FieldIOUTest.F90, line 1556
  Ending Test, file ESMF_FieldIOUTest.F90, line 1566
  PASS  Destroying all Fields, Grids, and DistGrids, ESMF_FieldIOUTest.F90, line 1556
  Ending Test, file ESMF_FieldIOUTest.F90, line 1566
  PASS  Destroying all Fields, Grids, and DistGrids, ESMF_FieldIOUTest.F90, line 1556
  Ending Test, file ESMF_FieldIOUTest.F90, line 1566
  PET           1  Test Elapsed Time    898.73099999999999       msec.
  PET           2  Test Elapsed Time    898.87900000000002       msec.
  PET           3  Test Elapsed Time    898.65999999999997       msec.
  PET           0  Test Elapsed Time    74.375000000000000       msec.
