build time -- 2021-04-23 12:43:04.760193
 -------------------------------------------------------- 
 Start of System Test FieldBundleLSRedistArb2ArbUngrdDim:
 -------------------------------------------------------- 
 -------------------------------------------------------- 
 Start of System Test FieldBundleLSRedistArb2ArbUngrdDim:
 -------------------------------------------------------- 
 -------------------------------------------------------- 
 Start of System Test FieldBundleLSRedistArb2ArbUngrdDim:
 -------------------------------------------------------- 
 -------------------------------------------------------- 
 Start of System Test FieldBundleLSRedistArb2ArbUngrdDim:
 -------------------------------------------------------- 
 -------------------------------------------------------- 
 Start of System Test FieldBundleLSRedistArb2ArbUngrdDim:
 -------------------------------------------------------- 
 -------------------------------------------------------- 
 Start of System Test FieldBundleLSRedistArb2ArbUngrdDim:
 -------------------------------------------------------- 
 Created component user model 1rc =           0
 Created component user model 1rc =           0
 Created component user model 1rc =           0
 Created component user model 1rc =           0
 Created component user model 1rc =           0
 Created component user model 1rc =           0
 Created component user model 2rc =           0
 Created component user model 2rc =           0
 Created component user model 2rc =           0
 Created component user model 2rc =           0
 Created component user model 2rc =           0
 Created component user model 2rc =           0
 Created component user one-way coupler, rc =           0
 Comp Creates finished
 Created component user one-way coupler, rc =           0
 Comp Creates finished
 Created component user one-way coupler, rc =           0
 Comp Creates finished
 Created component user one-way coupler, rc =           0
 Comp Creates finished
 Created component user one-way coupler, rc =           0
 Comp Creates finished
 Created component user one-way coupler, rc =           0
 Comp Creates finished
 Comp SetServices finished, rc=            0           0
 Comp SetServices finished, rc=            0           0
 User Comp1 Register starting
 User Comp1 Register starting
 User Comp2 Register starting
 User Comp1 Register starting
 User Comp1 Register starting
 User Comp2 Register starting
 Registered Initialize, Run, and Finalize routines
 User Comp1 Register returning
 Registered Initialize, Run, and Finalize routines
 Registered Initialize, Run, and Finalize routines
 User Comp1 Register returning
 Comp SetServices finished, rc=            0           0
 Registered Initialize, Run, and Finalize routines
 User Comp2 Register returning
 Comp SetServices finished, rc=            0           0
 Registered Initialize, Run, and Finalize routines
 User Comp1 Register returning
 Comp SetServices finished, rc=            0           0
 Registered Initialize, Run, and Finalize routines
 User Comp2 Register returning
 Comp SetServices finished, rc=            0           0
 Comp SetServices finished, rc=            0           0
 Comp SetServices finished, rc=            0           0
 Comp SetServices finished, rc=            0           0
 User Comp1 Register returning
 Comp SetServices finished, rc=            0           0
 Comp SetServices finished, rc=            0           0
 Comp SetServices finished, rc=            0           0
 User Coupler Register starting
 Registered Initialize, Run, and Finalize routines
 User Coupler Register returning
 Comp SetServices finished, rc=            0           0
 User Coupler Register starting
 User Coupler Register starting
 Registered Initialize, Run, and Finalize routines
 User Coupler Register returning
 Comp SetServices finished, rc=            0           0
 User Coupler Register starting
 Registered Initialize, Run, and Finalize routines
 User Coupler Register returning
 Comp SetServices finished, rc=            0           0
 User Coupler Register starting
 Registered Initialize, Run, and Finalize routines
 User Coupler Register returning
 Comp SetServices finished, rc=            0           0
 User Coupler Register starting
 Registered Initialize, Run, and Finalize routines
 User Coupler Register returning
 Comp SetServices finished, rc=            0           0
 Registered Initialize, Run, and Finalize routines
 User Coupler Register returning
 Comp SetServices finished, rc=            0           0
 Comp 1 Initialize finished, rc =           0
 Comp 1 Initialize finished, rc =           0
           2 User Comp 1 Init starting
           0 User Comp 1 Init starting
           1 User Comp 1 Init starting
           3 User Comp 1 Init starting
           2 indexList = 
           0 indexList =            1           3           5           7
           1 indexList =            2           4           6           8           9          10
           0 User Comp 2 Init starting
           0 indexList =            1           7           3           8           5           6
           1 User Comp 2 Init starting
           1 indexList =            2           4           9          10          11          12          13          14          15          18
           3 indexList =           11          12          13          14          15          18
           0 User Comp1 Init returning
 Comp 1 Initialize finished, rc =           0
           2 User Comp1 Init returning
 Comp 1 Initialize finished, rc =           0
           3 User Comp1 Init returning
 Comp 2 Initialize finished, rc =           0
 Comp 2 Initialize finished, rc =           0
 User Coupler Init starting
 Import State contains            1  items.
 Comp 1 Initialize finished, rc =           0
 Comp 2 Initialize finished, rc =           0
 User Coupler Init starting
 Import State contains            1  items.
 User Coupler Init starting
 Import State contains            1  items.
           1 User Comp1 Init returning
 Comp 1 Initialize finished, rc =           0
           0 User Comp2 Init returning
 Comp 2 Initialize finished, rc =           0
 User Coupler Init starting
           1 User Comp2 Init returning
 Comp 2 Initialize finished, rc =           0
 User Coupler Init starting
 Import State contains            0  items.
 Comp 2 Initialize finished, rc =           0
 Import State contains            0  items.
 User Coupler Init starting
 Import State contains            1  items.
 User Coupler Init returning
 Coupler Initialize finished, rc =           0
           0 User Comp1 Run starting
 User Coupler Init returning
 Coupler Initialize finished, rc =           0
           2 User Comp1 Run starting
           2 User Comp1 Run returning
 Comp 1 Run returned, rc =           0
 User Coupler Run starting
 User Coupler Init returning
 Coupler Initialize finished, rc =           0
 Comp 1 Run returned, rc =           0
 User Coupler Run starting
 User Coupler Init returning
 Coupler Initialize finished, rc =           0
 Comp 1 Run returned, rc =           0
 User Coupler Run starting
 User Coupler Init returning
 Coupler Initialize finished, rc =           0
           3 User Comp1 Run starting
           3 User Comp1 Run returning
 Comp 1 Run returned, rc =           0
 User Coupler Run starting
 User Coupler Init returning
           0 User Comp1 Run returning
 Comp 1 Run returned, rc =           0
 User Coupler Run starting
 Coupler Initialize finished, rc =           0
           1 User Comp1 Run starting
           1 User Comp1 Run returning
 Comp 1 Run returned, rc =           0
 User Coupler Run starting
 User Coupler Run returning
 Coupler Run returned, rc =           0
 Comp 2 Run returned, rc =           0
 User Coupler Run returning
 User Coupler Run returning
 Coupler Run returned, rc =           0
 Comp 2 Run returned, rc =           0
           3 User Comp1 Final starting
           2 User Comp1 Final starting
 Coupler Run returned, rc =           0
 Comp 2 Run returned, rc =           0
           3 User Comp1 Final returning
 Comp 1 Finalize finished, rc =           0           0
 Comp 2 Finalize finished, rc =           0           0
           2 User Comp1 Final returning
           0 User Comp1 Final starting
 User Coupler Final starting
 User Coupler Run returning
 Coupler Run returned, rc =           0
 User Coupler Run returning
 Coupler Run returned, rc =           0
 User Coupler Final returning
 Coupler Finalize finished, rc =           0           0
 ------------------------------------------------------------
 ------------------------------------------------------------
 Test finished, pet_id =            3
 ------------------------------------------------------------
 User Coupler Run returning
 Comp 1 Finalize finished, rc =           0           0
 Comp 2 Finalize finished, rc =           0           0
           0 User Comp2 Run starting
           1 User Comp2 Run starting
 ------------------------------------------------------------
 Comp Finalize returned
           0 User Comp1 Final returning
 Comp 1 Finalize finished, rc =           0           0
 Comp 2 Finalize finished, rc =           0           0
 User Coupler Final starting
 User Coupler Final starting
 Coupler Run returned, rc =           0
 User Coupler Final returning
 User Coupler Final returning
 Coupler Finalize finished, rc =           0           0
 ------------------------------------------------------------
 ------------------------------------------------------------
 Test finished, pet_id =            2
 ------------------------------------------------------------
 ------------------------------------------------------------
 Comp Finalize returned
 Comp 2 Run returned, rc =           0
 Coupler Finalize finished, rc =           0           0
 ------------------------------------------------------------
 ------------------------------------------------------------
           1 User Comp1 Final starting
 Test finished, pet_id =            0
 ------------------------------------------------------------
 ------------------------------------------------------------
 Comp Finalize returned
           1 User Comp1 Final returning
 Comp 1 Finalize finished, rc =           0           0
 All Destroy routines done
 Comp 2 Finalize finished, rc =           0           0
 User Coupler Final starting
 System Test FieldBundleLSRedistArb2ArbUngrdDim complete.
 All Destroy routines done
 User Coupler Final returning
 Coupler Finalize finished, rc =           0           0
 ------------------------------------------------------------
 ------------------------------------------------------------
 Test finished, pet_id =            1
  PASS  System Test FieldBundleLSRedistArb2ArbUngrdDim: LocStream based FieldBundleRedist, ESMF_FieldBundleLSRedistArb2ArbUngrdDimSTest.F90, line 397
 ------------------------------------------------------------
 ------------------------------------------------------------
 All Destroy routines done
 Comp Finalize returned
 System Test FieldBundleLSRedistArb2ArbUngrdDim complete.
           1 User Comp2 Run returning
 Comp 2 Run returned, rc =           0
 System Test FieldBundleLSRedistArb2ArbUngrdDim complete.
           0 User Comp2 Run returning
  PASS  System Test FieldBundleLSRedistArb2ArbUngrdDim: LocStream based FieldBundleRedist, ESMF_FieldBundleLSRedistArb2ArbUngrdDimSTest.F90, line 397
 Comp 1 Finalize finished, rc =           0           0
  PASS  System Test FieldBundleLSRedistArb2ArbUngrdDim: LocStream based FieldBundleRedist, ESMF_FieldBundleLSRedistArb2ArbUngrdDimSTest.F90, line 397
           1 User Comp2 Final starting
 Comp 2 Run returned, rc =           0
           1 User Comp2 Final returning
 Comp 2 Finalize finished, rc =           0           0
 User Coupler Final starting
 User Coupler Final returning
 Coupler Finalize finished, rc =           0           0
 ------------------------------------------------------------
 ------------------------------------------------------------
 Test finished, pet_id =            5
 ------------------------------------------------------------
 ------------------------------------------------------------
 Comp Finalize returned
 Comp 1 Finalize finished, rc =           0           0
           0 User Comp2 Final starting
 All Destroy routines done
 System Test FieldBundleLSRedistArb2ArbUngrdDim complete.
  PASS  System Test FieldBundleLSRedistArb2ArbUngrdDim: LocStream based FieldBundleRedist, ESMF_FieldBundleLSRedistArb2ArbUngrdDimSTest.F90, line 397
           0 User Comp2 Final returning
 Comp 2 Finalize finished, rc =           0           0
 User Coupler Final starting
 User Coupler Final returning
 Coupler Finalize finished, rc =           0           0
 ------------------------------------------------------------
 ------------------------------------------------------------
 Test finished, pet_id =            4
 ------------------------------------------------------------
 ------------------------------------------------------------
 Comp Finalize returned
 All Destroy routines done
 System Test FieldBundleLSRedistArb2ArbUngrdDim complete.
  PASS  System Test FieldBundleLSRedistArb2ArbUngrdDim: LocStream based FieldBundleRedist, ESMF_FieldBundleLSRedistArb2ArbUngrdDimSTest.F90, line 397
 All Destroy routines done
 System Test FieldBundleLSRedistArb2ArbUngrdDim complete.
  PASS  System Test FieldBundleLSRedistArb2ArbUngrdDim: LocStream based FieldBundleRedist, ESMF_FieldBundleLSRedistArb2ArbUngrdDimSTest.F90, line 397
