build time -- 2021-04-23 12:43:04.760193
  Beginning Test, file ESMF_IOUTest.F90, line 57
  NUMBER_OF_PROCESSORS           4
  Beginning Test, file ESMF_IOUTest.F90, line 57
  NUMBER_OF_PROCESSORS           4
  Beginning Test, file ESMF_IOUTest.F90, line 57
  NUMBER_OF_PROCESSORS           4
  Beginning Test, file ESMF_IOUTest.F90, line 57
  NUMBER_OF_PROCESSORS           4
  PASS  ESMF_OutputWeightFile, ESMF_IOUTest.F90, line 81
  PASS  ESMF_OutputWeightFile, ESMF_IOUTest.F90, line 81
  PASS  ESMF_OutputWeightFile, ESMF_IOUTest.F90, line 81
  PASS  ESMF_OutputWeightFile, ESMF_IOUTest.F90, line 81
  PASS  call ESMF_OutputWeightFile with empty factor list on four PETs, ESMF_IOUTest.F90, line 191
  Ending Test, file ESMF_IOUTest.F90, line 201
  PASS  call ESMF_OutputWeightFile with empty factor list on four PETs, ESMF_IOUTest.F90, line 191
  Ending Test, file ESMF_IOUTest.F90, line 201
  PASS  call ESMF_OutputWeightFile with empty factor list on four PETs, ESMF_IOUTest.F90, line 191
  Ending Test, file ESMF_IOUTest.F90, line 201
  PASS  call ESMF_OutputWeightFile with empty factor list on four PETs, ESMF_IOUTest.F90, line 191
  Ending Test, file ESMF_IOUTest.F90, line 201
  PET           0  Test Elapsed Time    5.3319999999999999       msec.
  PET           3  Test Elapsed Time    80.647999999999996       msec.
  PET           2  Test Elapsed Time    80.504999999999995       msec.
  PET           1  Test Elapsed Time    80.571999999999989       msec.
