build time -- 2021-04-23 12:43:04.760193
  Beginning Test, file ESMF_FieldSMMUTest.F90, line 59
  NUMBER_OF_PROCESSORS           4
  Beginning Test, file ESMF_FieldSMMUTest.F90, line 59
  NUMBER_OF_PROCESSORS           4
  Beginning Test, file ESMF_FieldSMMUTest.F90, line 59
  NUMBER_OF_PROCESSORS           4
  Beginning Test, file ESMF_FieldSMMUTest.F90, line 59
  NUMBER_OF_PROCESSORS           4
  PASS  FieldSMM basic test, ESMF_FieldSMMUTest.F90, line 72
  PASS  FieldSMM basic test, ESMF_FieldSMMUTest.F90, line 72
  PASS  FieldSMM basic test, ESMF_FieldSMMUTest.F90, line 72
  PASS  FieldSMM basic test, ESMF_FieldSMMUTest.F90, line 72
  PASS  FieldSMM basic test with varying ungridded bounds, ESMF_FieldSMMUTest.F90, line 79
  PASS  FieldSMM basic test with varying ungridded bounds, ESMF_FieldSMMUTest.F90, line 79
  PASS  FieldSMM basic test with varying ungridded bounds, ESMF_FieldSMMUTest.F90, line 79
  PASS  FieldSMM basic test with varying ungridded bounds, ESMF_FieldSMMUTest.F90, line 79
  PASS  FieldSMM basic test using lpe for dst, ESMF_FieldSMMUTest.F90, line 86
  PASS  FieldSMM basic test using lpe for dst, ESMF_FieldSMMUTest.F90, line 86
  PASS  FieldSMM basic test using lpe for dst, ESMF_FieldSMMUTest.F90, line 86
  PASS  FieldSMM basic test using lpe for dst, ESMF_FieldSMMUTest.F90, line 86
  PASS  FieldSMM basic test using lpe for both src and dst, ESMF_FieldSMMUTest.F90, line 93
  PASS  FieldSMM basic test using lpe for both src and dst, ESMF_FieldSMMUTest.F90, line 93
  PASS  FieldSMM basic test using lpe for both src and dst, ESMF_FieldSMMUTest.F90, line 93
  PASS  FieldSMM basic test using lpe for both src and dst, ESMF_FieldSMMUTest.F90, line 93
  PASS  FieldSMM basic test using lpe for both src and dst, ESMF_FieldSMMUTest.F90, line 100
  PASS  FieldSMM basic test using lpe for both src and dst, ESMF_FieldSMMUTest.F90, line 100
  PASS  FieldSMM basic test using lpe for both src and dst, ESMF_FieldSMMUTest.F90, line 100
  PASS  FieldSMM basic test using lpe for both src and dst, ESMF_FieldSMMUTest.F90, line 100
  PASS  FieldSMM basic test using lpe for both src and dst, with halos, ESMF_FieldSMMUTest.F90, line 107
  Ending Test, file ESMF_FieldSMMUTest.F90, line 109
  PASS  FieldSMM basic test using lpe for both src and dst, with halos, ESMF_FieldSMMUTest.F90, line 107
  Ending Test, file ESMF_FieldSMMUTest.F90, line 109
  PASS  FieldSMM basic test using lpe for both src and dst, with halos, ESMF_FieldSMMUTest.F90, line 107
  Ending Test, file ESMF_FieldSMMUTest.F90, line 109
  PASS  FieldSMM basic test using lpe for both src and dst, with halos, ESMF_FieldSMMUTest.F90, line 107
  Ending Test, file ESMF_FieldSMMUTest.F90, line 109
  PET           0  Test Elapsed Time    10.122999999999999       msec.
  PET           1  Test Elapsed Time    9.9440000000000008       msec.
  PET           2  Test Elapsed Time    10.164999999999999       msec.
  PET           3  Test Elapsed Time    10.272000000000000       msec.
