build time -- 2021-04-23 12:43:04.760193
  Beginning Test, file ESMF_VMOpenMPUTest.F90, line 57
  NUMBER_OF_PROCESSORS           4
  Beginning Test, file ESMF_VMOpenMPUTest.F90, line 57
  NUMBER_OF_PROCESSORS           4
 tid =            0
  PASS  Check that OpenMP functions correctly if it is available, ESMF_VMOpenMPUTest.F90, line 84
  Beginning Test, file ESMF_VMOpenMPUTest.F90, line 57
  NUMBER_OF_PROCESSORS           4
 tid =            0
  PASS  Check that OpenMP functions correctly if it is available, ESMF_VMOpenMPUTest.F90, line 84
  Beginning Test, file ESMF_VMOpenMPUTest.F90, line 57
  NUMBER_OF_PROCESSORS           4
 tid =            0
  PASS  Check that OpenMP functions correctly if it is available, ESMF_VMOpenMPUTest.F90, line 84
 tid =            0
 ESMF was compiled with OpenMP
  PASS  Determine whether ESMF library was compiled with OpenMP, ESMF_VMOpenMPUTest.F90, line 97
  Ending Test, file ESMF_VMOpenMPUTest.F90, line 101
 ESMF was compiled with OpenMP
  PASS  Determine whether ESMF library was compiled with OpenMP, ESMF_VMOpenMPUTest.F90, line 97
 ESMF was compiled with OpenMP
  PASS  Determine whether ESMF library was compiled with OpenMP, ESMF_VMOpenMPUTest.F90, line 97
  Ending Test, file ESMF_VMOpenMPUTest.F90, line 101
  Ending Test, file ESMF_VMOpenMPUTest.F90, line 101
  PASS  Check that OpenMP functions correctly if it is available, ESMF_VMOpenMPUTest.F90, line 84
 ESMF was compiled with OpenMP
  PASS  Determine whether ESMF library was compiled with OpenMP, ESMF_VMOpenMPUTest.F90, line 97
  Ending Test, file ESMF_VMOpenMPUTest.F90, line 101
  PET           3  Test Elapsed Time    1.1440000000000010       msec.
  PET           2  Test Elapsed Time    1.2659999999999998       msec.
  PET           0  Test Elapsed Time    1.3150000000000002       msec.
  PET           1  Test Elapsed Time    1.2459999999999989       msec.
