build time -- 2021-04-23 12:43:04.760193
  Beginning Test, file ESMF_ProfileUTest.F90, line 64
  NUMBER_OF_PROCESSORS           8
  Beginning Test, file ESMF_ProfileUTest.F90, line 64
  Beginning Test, file ESMF_ProfileUTest.F90, line 64
  NUMBER_OF_PROCESSORS           8
  Beginning Test, file ESMF_ProfileUTest.F90, line 64
  NUMBER_OF_PROCESSORS           8
  Beginning Test, file ESMF_ProfileUTest.F90, line 64
  NUMBER_OF_PROCESSORS           8
  Beginning Test, file ESMF_ProfileUTest.F90, line 64
  NUMBER_OF_PROCESSORS           8
  PASS  Test trace user region enter, ESMF_ProfileUTest.F90, line 80
  PASS  Test trace user region enter, ESMF_ProfileUTest.F90, line 80
  PASS  Test trace user region enter, ESMF_ProfileUTest.F90, line 80
  PASS  Test trace user region enter, ESMF_ProfileUTest.F90, line 80
  PASS  Test trace user region enter, ESMF_ProfileUTest.F90, line 80
  PASS  Test trace user region exit, ESMF_ProfileUTest.F90, line 88
  PASS  Test trace user region exit, ESMF_ProfileUTest.F90, line 88
  PASS  Test trace user region exit, ESMF_ProfileUTest.F90, line 88
  PASS  Test trace user region exit, ESMF_ProfileUTest.F90, line 88
  NUMBER_OF_PROCESSORS           8
  PASS  Test trace user region exit, ESMF_ProfileUTest.F90, line 88
  PASS  Test trace user region enter, ESMF_ProfileUTest.F90, line 80
  PASS  Test trace user region exit, ESMF_ProfileUTest.F90, line 88
  Beginning Test, file ESMF_ProfileUTest.F90, line 64
  Beginning Test, file ESMF_ProfileUTest.F90, line 64
  NUMBER_OF_PROCESSORS           8
  NUMBER_OF_PROCESSORS           8
  PASS  Test trace user region enter, ESMF_ProfileUTest.F90, line 80
  PASS  Test trace user region exit, ESMF_ProfileUTest.F90, line 88
  PASS  Test trace user region enter, ESMF_ProfileUTest.F90, line 80
  PASS  Test trace user region exit, ESMF_ProfileUTest.F90, line 88
 Inside Init
 Inside Init
 Inside Init
 Inside Init
 Inside Init
 Inside Init
 Inside Init
 Inside Init
 Inside Finalize
 Inside Finalize
 Inside Finalize
 Inside Finalize
 Inside Finalize
 Inside Finalize
 Inside Finalize
 Inside Finalize
  PASS  Test trace phase enter/exit, ESMF_ProfileUTest.F90, line 116
  PASS  Test trace phase enter/exit, ESMF_ProfileUTest.F90, line 116
  PASS  Test trace phase enter/exit, ESMF_ProfileUTest.F90, line 116
  PASS  Test trace phase enter/exit, ESMF_ProfileUTest.F90, line 116
  PASS  Test trace phase enter/exit, ESMF_ProfileUTest.F90, line 116
  PASS  Test trace phase enter/exit, ESMF_ProfileUTest.F90, line 116
  PASS  Test trace phase enter/exit, ESMF_ProfileUTest.F90, line 116
  PASS  Test trace phase enter/exit, ESMF_ProfileUTest.F90, line 116
  PASS  Close trace, ESMF_ProfileUTest.F90, line 127
  Ending Test, file ESMF_ProfileUTest.F90, line 138
  PASS  Close trace, ESMF_ProfileUTest.F90, line 127
  Ending Test, file ESMF_ProfileUTest.F90, line 138
  PASS  Close trace, ESMF_ProfileUTest.F90, line 127
  PASS  Close trace, ESMF_ProfileUTest.F90, line 127
  Ending Test, file ESMF_ProfileUTest.F90, line 138
  PASS  Close trace, ESMF_ProfileUTest.F90, line 127
  Ending Test, file ESMF_ProfileUTest.F90, line 138
  PASS  Close trace, ESMF_ProfileUTest.F90, line 127
  Ending Test, file ESMF_ProfileUTest.F90, line 138
  PASS  Close trace, ESMF_ProfileUTest.F90, line 127
  Ending Test, file ESMF_ProfileUTest.F90, line 138
  Ending Test, file ESMF_ProfileUTest.F90, line 138
  PASS  Close trace, ESMF_ProfileUTest.F90, line 127
  Ending Test, file ESMF_ProfileUTest.F90, line 138
  PET           7  Test Elapsed Time    172.98000000000002       msec.
  PET           6  Test Elapsed Time    173.95700000000002       msec.
  PET           5  Test Elapsed Time    94.763000000000005       msec.
  PET           3  Test Elapsed Time    142.58799999999999       msec.
  PET           4  Test Elapsed Time    174.55300000000000       msec.
  PET           2  Test Elapsed Time    174.54999999999998       msec.
  PET           1  Test Elapsed Time    98.364999999999981       msec.
  PET           0  Test Elapsed Time    174.66499999999999       msec.
