build time -- 2021-04-23 12:43:04.760193
  Beginning Test, file ESMF_LogErrPerfUTest.F90, line 55
  NUMBER_OF_PROCESSORS           4
  Beginning Test, file ESMF_LogErrPerfUTest.F90, line 55
  NUMBER_OF_PROCESSORS           4
  Beginning Test, file ESMF_LogErrPerfUTest.F90, line 55
  NUMBER_OF_PROCESSORS           4
  Beginning Test, file ESMF_LogErrPerfUTest.F90, line 55
  NUMBER_OF_PROCESSORS           4
  PASS  Performance of ESMF_LogFoundError() 1000x Test, ESMF_LogErrPerfUTest.F90, line 64
  PASS  Performance of ESMF_LogFoundError() 1000x Test, ESMF_LogErrPerfUTest.F90, line 64
  PASS  Performance of ESMF_LogFoundError() 1000x Test, ESMF_LogErrPerfUTest.F90, line 64
  PASS  Performance of ESMF_LogFoundError() 1000x Test, ESMF_LogErrPerfUTest.F90, line 64
  PASS  Performance of ESMF_LogFoundError() 10000x Test, ESMF_LogErrPerfUTest.F90, line 72
  PASS  Performance of ESMF_LogFoundError() 10000x Test, ESMF_LogErrPerfUTest.F90, line 72
  PASS  Performance of ESMF_LogFoundError() 10000x Test, ESMF_LogErrPerfUTest.F90, line 72
  PASS  Performance of ESMF_LogFoundError() 10000x Test, ESMF_LogErrPerfUTest.F90, line 72
  PASS  Performance of ESMF_LogFoundError() 100000x Test, ESMF_LogErrPerfUTest.F90, line 80
  PASS  Performance of ESMF_LogFoundError() 100000x Test, ESMF_LogErrPerfUTest.F90, line 80
  PASS  Performance of ESMF_LogFoundError() 100000x Test, ESMF_LogErrPerfUTest.F90, line 80
  PASS  Performance of ESMF_LogFoundError() 100000x Test, ESMF_LogErrPerfUTest.F90, line 80
  PASS  Performance of ESMF_LogFoundError() 1000000x Test, ESMF_LogErrPerfUTest.F90, line 88
  PASS  Threshold check for ESMF_LogFoundError() 1000000x Test, ESMF_LogErrPerfUTest.F90, line 99
  Ending Test, file ESMF_LogErrPerfUTest.F90, line 103
  PASS  Performance of ESMF_LogFoundError() 1000000x Test, ESMF_LogErrPerfUTest.F90, line 88
  PASS  Threshold check for ESMF_LogFoundError() 1000000x Test, ESMF_LogErrPerfUTest.F90, line 99
  Ending Test, file ESMF_LogErrPerfUTest.F90, line 103
  PASS  Performance of ESMF_LogFoundError() 1000000x Test, ESMF_LogErrPerfUTest.F90, line 88
  PASS  Threshold check for ESMF_LogFoundError() 1000000x Test, ESMF_LogErrPerfUTest.F90, line 99
  Ending Test, file ESMF_LogErrPerfUTest.F90, line 103
  PASS  Performance of ESMF_LogFoundError() 1000000x Test, ESMF_LogErrPerfUTest.F90, line 88
  PASS  Threshold check for ESMF_LogFoundError() 1000000x Test, ESMF_LogErrPerfUTest.F90, line 99
  Ending Test, file ESMF_LogErrPerfUTest.F90, line 103
  PET           2  Test Elapsed Time    7.1949999999999985       msec.
  PET           1  Test Elapsed Time    7.0819999999999999       msec.
  PET           0  Test Elapsed Time    7.3060000000000000       msec.
  PET           3  Test Elapsed Time    7.1570000000000018       msec.
